<html>
<body>
<pre>
<h1>µVision Build Log</h1>
<h2>Tool Versions:</h2>
IDE-Version: ¦ÌVision V5.26.2.0
Copyright (C) 2018 ARM Ltd and ARM Germany GmbH. All rights reserved.
License Information: Y YH, USTC, LIC=----
 
Tool Versions:
Toolchain:       MDK-Lite  Version: 5.26.2.0
Toolchain Path:  D:\rmSoftware\ARM\ARMCC\Bin
C Compiler:      Armcc.exe V5.06 update 6 (build 750)
Assembler:       Armasm.exe V5.06 update 6 (build 750)
Linker/Locator:  ArmLink.exe V5.06 update 6 (build 750)
Library Manager: ArmAr.exe V5.06 update 6 (build 750)
Hex Converter:   FromElf.exe V5.06 update 6 (build 750)
CPU DLL:         SARMCM3.DLL V5.26.2.0
Dialog DLL:      DCM.DLL V1.17.2.0
Target DLL:      STLink\ST-LINKIII-KEIL_SWO.dll V3.0.5.0
Dialog DLL:      TCM.DLL V1.36.1.0
 
<h2>Project:</h2>
D:\Robo-electro\RG2024\RG2024\SleepNO1\MDK-ARM\SleepNO1.uvprojx
Project File Date:  09/03/2024

<h2>Output:</h2>
*** Using Compiler 'V5.06 update 6 (build 750)', folder: 'D:\rmSoftware\ARM\ARMCC\Bin'
Rebuild target 'SleepNO1'
assembling startup_stm32f407xx.s...
compiling dma.c...
compiling usart.c...
compiling stm32f4xx_hal_msp.c...
compiling stm32f4xx_it.c...
compiling stm32f4xx_hal_rcc_ex.c...
compiling stm32f4xx_hal_tim_ex.c...
compiling gpio.c...
compiling stm32f4xx_hal_rcc.c...
compiling tim.c...
compiling main.c...
../Core/Src/main.c(250): warning:  #2532-D: support for trigraphs is disabled
    // ---------------------------------æœºæ¢°è‡‚è°ƒè¯•ä»£ï¿??????????????????????????????????????-----------------------------------------------------
../Core/Src/main.c: 1 warning, 0 errors
compiling stm32f4xx_hal_tim.c...
compiling stm32f4xx_hal_exti.c...
compiling stm32f4xx_hal_flash_ramfunc.c...
compiling stm32f4xx_hal_pwr.c...
compiling stm32f4xx_hal_gpio.c...
compiling stm32f4xx_hal_dma.c...
compiling stm32f4xx_hal_dma_ex.c...
compiling stm32f4xx_hal_cortex.c...
compiling stm32f4xx_hal_pwr_ex.c...
compiling stm32f4xx_hal.c...
compiling stm32f4xx_hal_flash_ex.c...
compiling stm32f4xx_hal_flash.c...
compiling fix_pos_dj.c...
compiling MSDriver.c...
compiling air_pump.c...
..\User\JiXieBi\air_pump.c(39): warning:  #1-D: last line of file ends without a newline
  // }
..\User\JiXieBi\air_pump.c: 1 warning, 0 errors
compiling Chassis.cpp...
compiling system_stm32f4xx.c...
compiling MoCaLun.c...
compiling my_servo.c...
compiling JiXieBi.c...
compiling Motor.cpp...
compiling stm32f4xx_hal_uart.c...
compiling Shoot.c...
compiling PID.cpp...
compiling camera_pos_dj.c...
compiling com_to_raspi.c...
compiling Task.c...
linking...
Program Size: Code=26056 RO-data=508 RW-data=124 ZI-data=4724  
FromELF: creating hex file...
"SleepNO1\SleepNO1.axf" - 0 Error(s), 2 Warning(s).

<h2>Software Packages used:</h2>

Package Vendor: ARM
                http://www.keil.com/pack/ARM.CMSIS.5.4.0.pack
                ARM.CMSIS.5.4.0
                CMSIS (Cortex Microcontroller Software Interface Standard)
   * Component: CORE Version: 5.1.2

Package Vendor: Keil
                http://www.keil.com/pack/Keil.STM32F4xx_DFP.2.8.0.pack
                Keil.STM32F4xx_DFP.2.8.0
                STMicroelectronics STM32F4 Series Device Support, Drivers and Examples

<h2>Collection of Component include folders:</h2>
  .\RTE\_SleepNO1
  D:\rmSoftware\ARM\PACK\ARM\CMSIS\5.4.0\CMSIS\Core\Include
  D:\rmSoftware\ARM\PACK\Keil\STM32F4xx_DFP\2.8.0\Drivers\CMSIS\Device\ST\STM32F4xx\Include

<h2>Collection of Component Files used:</h2>

   * Component: ARM::CMSIS:CORE:5.1.2
Build Time Elapsed:  00:00:18
</pre>
</body>
</html>
