<html>
<body>
<pre>
<h1>µVision Build Log</h1>
<h2>Tool Versions:</h2>
IDE-Version: ¦ÌVision V5.26.2.0
Copyright (C) 2018 ARM Ltd and ARM Germany GmbH. All rights reserved.
License Information: 111 222, 333, LIC=----
 
Tool Versions:
Toolchain:       MDK-Lite  Version: 5.26.2.0
Toolchain Path:  C:\Keil_v5\ARM\ARMCC\Bin
C Compiler:      Armcc.exe V5.06 update 6 (build 750)
Assembler:       Armasm.exe V5.06 update 6 (build 750)
Linker/Locator:  ArmLink.exe V5.06 update 6 (build 750)
Library Manager: ArmAr.exe V5.06 update 6 (build 750)
Hex Converter:   FromElf.exe V5.06 update 6 (build 750)
CPU DLL:         SARMCM3.DLL V5.26.2.0
Dialog DLL:      DCM.DLL V1.17.2.0
Target DLL:      STLink\ST-LINKIII-KEIL_SWO.dll V3.0.5.0
Dialog DLL:      TCM.DLL V1.36.1.0
 
<h2>Project:</h2>
C:\Users\deng2\Desktop\ROBOCODE\SleepNo1\RG2024\SleepNO1\MDK-ARM\SleepNO1.uvprojx
Project File Date:  07/13/2024

<h2>Output:</h2>
*** Using Compiler 'V5.06 update 6 (build 750)', folder: 'C:\Keil_v5\ARM\ARMCC\Bin'
Build target 'SleepNO1'
compiling camera_pos_dj.c...
..\User\Camera\camera_pos_dj.c(12): warning:  #1035-D: single-precision operand implicitly converted to double-precision
    __HAL_TIM_SetCompare(&htim11,TIM_CHANNEL_1,(int)(500+(float)(angle)/360.0*2000.0) );
..\User\Camera\camera_pos_dj.c(12): warning:  #1035-D: single-precision operand implicitly converted to double-precision
    __HAL_TIM_SetCompare(&htim11,TIM_CHANNEL_1,(int)(500+(float)(angle)/360.0*2000.0) );
..\User\Camera\camera_pos_dj.c(12): warning:  #1035-D: single-precision operand implicitly converted to double-precision
    __HAL_TIM_SetCompare(&htim11,TIM_CHANNEL_1,(int)(500+(float)(angle)/360.0*2000.0) );
..\User\Camera\camera_pos_dj.c(12): warning:  #1035-D: single-precision operand implicitly converted to double-precision
    __HAL_TIM_SetCompare(&htim11,TIM_CHANNEL_1,(int)(500+(float)(angle)/360.0*2000.0) );
..\User\Camera\camera_pos_dj.c(14): warning:  #1-D: last line of file ends without a newline
  }
..\User\Camera\camera_pos_dj.c: 5 warnings, 0 errors
linking...
Program Size: Code=17076 RO-data=468 RW-data=68 ZI-data=3868  
FromELF: creating hex file...
"SleepNO1\SleepNO1.axf" - 0 Error(s), 5 Warning(s).

<h2>Software Packages used:</h2>

Package Vendor: ARM
                http://www.keil.com/pack/ARM.CMSIS.5.4.0.pack
                ARM.CMSIS.5.4.0
                CMSIS (Cortex Microcontroller Software Interface Standard)
   * Component: CORE Version: 5.1.2

Package Vendor: Keil
                http://www.keil.com/pack/Keil.STM32F4xx_DFP.2.8.0.pack
                Keil.STM32F4xx_DFP.2.8.0
                STMicroelectronics STM32F4 Series Device Support, Drivers and Examples

<h2>Collection of Component include folders:</h2>
  .\RTE\_SleepNO1
  C:\Keil_v5\ARM\PACK\ARM\CMSIS\5.4.0\CMSIS\Core\Include
  C:\Keil_v5\ARM\PACK\Keil\STM32F4xx_DFP\2.8.0\Drivers\CMSIS\Device\ST\STM32F4xx\Include

<h2>Collection of Component Files used:</h2>

   * Component: ARM::CMSIS:CORE:5.1.2
Build Time Elapsed:  00:00:02
</pre>
</body>
</html>
