Component: ARM Compiler 5.06 update 6 (build 750) Tool: armlink [4d35ed]

==============================================================================

Section Cross References

    startup_stm32f407xx.o(STACK) refers (Special) to heapauxi.o(.text) for __use_two_region_memory
    startup_stm32f407xx.o(HEAP) refers (Special) to heapauxi.o(.text) for __use_two_region_memory
    startup_stm32f407xx.o(RESET) refers (Special) to heapauxi.o(.text) for __use_two_region_memory
    startup_stm32f407xx.o(RESET) refers to startup_stm32f407xx.o(STACK) for __initial_sp
    startup_stm32f407xx.o(RESET) refers to startup_stm32f407xx.o(.text) for Reset_Handler
    startup_stm32f407xx.o(RESET) refers to stm32f4xx_it.o(i.NMI_Handler) for NMI_Handler
    startup_stm32f407xx.o(RESET) refers to stm32f4xx_it.o(i.HardFault_Handler) for HardFault_Handler
    startup_stm32f407xx.o(RESET) refers to stm32f4xx_it.o(i.MemManage_Handler) for MemManage_Handler
    startup_stm32f407xx.o(RESET) refers to stm32f4xx_it.o(i.BusFault_Handler) for BusFault_Handler
    startup_stm32f407xx.o(RESET) refers to stm32f4xx_it.o(i.UsageFault_Handler) for UsageFault_Handler
    startup_stm32f407xx.o(RESET) refers to stm32f4xx_it.o(i.SVC_Handler) for SVC_Handler
    startup_stm32f407xx.o(RESET) refers to stm32f4xx_it.o(i.DebugMon_Handler) for DebugMon_Handler
    startup_stm32f407xx.o(RESET) refers to stm32f4xx_it.o(i.PendSV_Handler) for PendSV_Handler
    startup_stm32f407xx.o(RESET) refers to stm32f4xx_it.o(i.SysTick_Handler) for SysTick_Handler
    startup_stm32f407xx.o(RESET) refers to stm32f4xx_it.o(i.RCC_IRQHandler) for RCC_IRQHandler
    startup_stm32f407xx.o(RESET) refers to stm32f4xx_it.o(i.EXTI0_IRQHandler) for EXTI0_IRQHandler
    startup_stm32f407xx.o(RESET) refers to stm32f4xx_it.o(i.EXTI1_IRQHandler) for EXTI1_IRQHandler
    startup_stm32f407xx.o(RESET) refers to stm32f4xx_it.o(i.EXTI3_IRQHandler) for EXTI3_IRQHandler
    startup_stm32f407xx.o(RESET) refers to stm32f4xx_it.o(i.EXTI4_IRQHandler) for EXTI4_IRQHandler
    startup_stm32f407xx.o(RESET) refers to stm32f4xx_it.o(i.TIM3_IRQHandler) for TIM3_IRQHandler
    startup_stm32f407xx.o(RESET) refers to stm32f4xx_it.o(i.TIM4_IRQHandler) for TIM4_IRQHandler
    startup_stm32f407xx.o(RESET) refers to stm32f4xx_it.o(i.USART2_IRQHandler) for USART2_IRQHandler
    startup_stm32f407xx.o(RESET) refers to stm32f4xx_it.o(i.EXTI15_10_IRQHandler) for EXTI15_10_IRQHandler
    startup_stm32f407xx.o(RESET) refers to stm32f4xx_it.o(i.TIM8_TRG_COM_TIM14_IRQHandler) for TIM8_TRG_COM_TIM14_IRQHandler
    startup_stm32f407xx.o(RESET) refers to stm32f4xx_it.o(i.TIM5_IRQHandler) for TIM5_IRQHandler
    startup_stm32f407xx.o(.text) refers (Special) to heapauxi.o(.text) for __use_two_region_memory
    startup_stm32f407xx.o(.text) refers to system_stm32f4xx.o(i.SystemInit) for SystemInit
    startup_stm32f407xx.o(.text) refers to __main.o(!!!main) for __main
    startup_stm32f407xx.o(.text) refers to startup_stm32f407xx.o(HEAP) for Heap_Mem
    startup_stm32f407xx.o(.text) refers to startup_stm32f407xx.o(STACK) for Stack_Mem
    main.o(i._Z18SystemClock_Configv) refers to rt_memclr_w.o(.text) for __aeabi_memclr4
    main.o(i._Z18SystemClock_Configv) refers to stm32f4xx_hal_rcc.o(i.HAL_RCC_OscConfig) for HAL_RCC_OscConfig
    main.o(i._Z18SystemClock_Configv) refers to main.o(i.Error_Handler) for Error_Handler
    main.o(i._Z18SystemClock_Configv) refers to stm32f4xx_hal_rcc.o(i.HAL_RCC_ClockConfig) for HAL_RCC_ClockConfig
    main.o(i.__sti___6_main_c_Chassis) refers to aeabi_vec_ctor_nocookie_nodtor.o(i.__aeabi_vec_ctor_nocookie_nodtor) for __aeabi_vec_ctor_nocookie_nodtor
    main.o(i.__sti___6_main_c_Chassis) refers to main.o(.bss) for Chassis
    main.o(i.__sti___6_main_c_Chassis) refers to main.o(i._ZN29Class_Motor_With_Hall_EncoderC1Ev) for Class_Motor_With_Hall_Encoder::Class_Motor_With_Hall_Encoder()
    main.o(i.__sti___6_main_c_Chassis) refers to main.o(.constdata) for <Data1>
    main.o(i.main) refers to stm32f4xx_hal.o(i.HAL_Init) for HAL_Init
    main.o(i.main) refers to main.o(i._Z18SystemClock_Configv) for SystemClock_Config()
    main.o(i.main) refers to gpio.o(i.MX_GPIO_Init) for MX_GPIO_Init
    main.o(i.main) refers to tim.o(i.MX_TIM4_Init) for MX_TIM4_Init
    main.o(i.main) refers to tim.o(i.MX_TIM5_Init) for MX_TIM5_Init
    main.o(i.main) refers to tim.o(i.MX_TIM14_Init) for MX_TIM14_Init
    main.o(i.main) refers to tim.o(i.MX_TIM13_Init) for MX_TIM13_Init
    main.o(i.main) refers to tim.o(i.MX_TIM3_Init) for MX_TIM3_Init
    main.o(i.main) refers to usart.o(i.MX_USART2_UART_Init) for MX_USART2_UART_Init
    main.o(i.main) refers to tim.o(i.MX_TIM11_Init) for MX_TIM11_Init
    main.o(i.main) refers to tim.o(i.MX_TIM8_Init) for MX_TIM8_Init
    main.o(i.main) refers to task.o(i._Z13Task_TIM_Initv) for Task_TIM_Init()
    main.o(i.main) refers to shoot.o(i._Z10SHOOT_Initv) for SHOOT_Init()
    main.o(i.main) refers to camera_pos_dj.o(i._Z18CAMERA_POS_DJ_Initv) for CAMERA_POS_DJ_Init()
[...]
    i.HAL_TIM_PeriodElapsedCallback          0x08001ba4   Section        0  stm32f4xx_it.o(i.HAL_TIM_PeriodElapsedCallback)
    i.HAL_TIM_TriggerCallback                0x08001bc4   Section        0  stm32f4xx_hal_tim.o(i.HAL_TIM_TriggerCallback)
    i.HAL_UARTEx_RxEventCallback             0x08001bc6   Section        0  stm32f4xx_hal_uart.o(i.HAL_UARTEx_RxEventCallback)
    i.HAL_UART_ErrorCallback                 0x08001bc8   Section        0  stm32f4xx_hal_uart.o(i.HAL_UART_ErrorCallback)
    i.HAL_UART_IRQHandler                    0x08001bcc   Section        0  stm32f4xx_hal_uart.o(i.HAL_UART_IRQHandler)
    i.HAL_UART_Init                          0x08001eb4   Section        0  stm32f4xx_hal_uart.o(i.HAL_UART_Init)
    i.HAL_UART_MspInit                       0x08001f2c   Section        0  usart.o(i.HAL_UART_MspInit)
    i.HAL_UART_RxCpltCallback                0x08001fc4   Section        0  stm32f4xx_hal_uart.o(i.HAL_UART_RxCpltCallback)
    i.HAL_UART_TxCpltCallback                0x08001fc6   Section        0  stm32f4xx_hal_uart.o(i.HAL_UART_TxCpltCallback)
    i.HardFault_Handler                      0x08001fc8   Section        0  stm32f4xx_it.o(i.HardFault_Handler)
    i.MX_GPIO_Init                           0x08001fcc   Section        0  gpio.o(i.MX_GPIO_Init)
    i.MX_TIM11_Init                          0x08002290   Section        0  tim.o(i.MX_TIM11_Init)
    i.MX_TIM13_Init                          0x080022fc   Section        0  tim.o(i.MX_TIM13_Init)
    i.MX_TIM14_Init                          0x0800236c   Section        0  tim.o(i.MX_TIM14_Init)
    i.MX_TIM3_Init                           0x080023a0   Section        0  tim.o(i.MX_TIM3_Init)
    i.MX_TIM4_Init                           0x0800244c   Section        0  tim.o(i.MX_TIM4_Init)
    i.MX_TIM5_Init                           0x080024f0   Section        0  tim.o(i.MX_TIM5_Init)
    i.MX_TIM8_Init                           0x0800255c   Section        0  tim.o(i.MX_TIM8_Init)
    i.MX_USART2_UART_Init                    0x0800261c   Section        0  usart.o(i.MX_USART2_UART_Init)
    i.MemManage_Handler                      0x08002654   Section        0  stm32f4xx_it.o(i.MemManage_Handler)
    i.NMI_Handler                            0x08002658   Section        0  stm32f4xx_it.o(i.NMI_Handler)
    i.PendSV_Handler                         0x0800265c   Section        0  stm32f4xx_it.o(i.PendSV_Handler)
    i.RCC_IRQHandler                         0x0800265e   Section        0  stm32f4xx_it.o(i.RCC_IRQHandler)
    i.SVC_Handler                            0x08002660   Section        0  stm32f4xx_it.o(i.SVC_Handler)
    i.SysTick_Handler                        0x08002662   Section        0  stm32f4xx_it.o(i.SysTick_Handler)
    i.SystemInit                             0x0800266c   Section        0  system_stm32f4xx.o(i.SystemInit)
    i.TIM3_IRQHandler                        0x08002680   Section        0  stm32f4xx_it.o(i.TIM3_IRQHandler)
    i.TIM4_IRQHandler                        0x08002690   Section        0  stm32f4xx_it.o(i.TIM4_IRQHandler)
    i.TIM5_IRQHandler                        0x080026a0   Section        0  stm32f4xx_it.o(i.TIM5_IRQHandler)
    i.TIM8_TRG_COM_TIM14_IRQHandler          0x080026b0   Section        0  stm32f4xx_it.o(i.TIM8_TRG_COM_TIM14_IRQHandler)
    i.TIM_Base_SetConfig                     0x080026c8   Section        0  stm32f4xx_hal_tim.o(i.TIM_Base_SetConfig)
    i.TIM_CCxChannelCmd                      0x080027b0   Section        0  stm32f4xx_hal_tim.o(i.TIM_CCxChannelCmd)
    i.TIM_ETR_SetConfig                      0x080027d2   Section        0  stm32f4xx_hal_tim.o(i.TIM_ETR_SetConfig)
    i.TIM_OC2_SetConfig                      0x080027e8   Section        0  stm32f4xx_hal_tim.o(i.TIM_OC2_SetConfig)
    i.USART2_IRQHandler                      0x08002864   Section        0  stm32f4xx_it.o(i.USART2_IRQHandler)
    i.UsageFault_Handler                     0x08002874   Section        0  stm32f4xx_it.o(i.UsageFault_Handler)
    i._Z10MS_GO_DOWNv                        0x08002878   Section        0  msdriver.o(i._Z10MS_GO_DOWNv)
    i._Z10SHOOT_Initv                        0x0800289c   Section        0  shoot.o(i._Z10SHOOT_Initv)
    i._Z11SHOOT_STARTv                       0x080028ac   Section        0  shoot.o(i._Z11SHOOT_STARTv)
    i._Z12ACC_TIM14_ITv                      0x080028c0   Section        0  msdriver.o(i._Z12ACC_TIM14_ITv)
    i._Z12MOCALUN_Initv                      0x080028dc   Section        0  mocalun.o(i._Z12MOCALUN_Initv)
    i._Z12MOCALUN_stopv                      0x08002908   Section        0  mocalun.o(i._Z12MOCALUN_stopv)
    i._Z12SHOOT_TIM_ITv                      0x08002914   Section        0  shoot.o(i._Z12SHOOT_TIM_ITv)
    i._Z13AIR_PUMP_Initv                     0x08002934   Section        0  air_pump.o(i._Z13AIR_PUMP_Initv)
    i._Z13MOCALUN_starti                     0x08002980   Section        0  mocalun.o(i._Z13MOCALUN_starti)
    i._Z13Task_Schedulev                     0x08002998   Section        0  task.o(i._Z13Task_Schedulev)
    i._Z13Task_TIM_Initv                     0x080029a4   Section        0  task.o(i._Z13Task_TIM_Initv)
    i._Z13set_acc_speedi                     0x080029b4   Section        0  msdriver.o(i._Z13set_acc_speedi)
    i._Z15FIX_POS_DJ_Initv                   0x080029f0   Section        0  fix_pos_dj.o(i._Z15FIX_POS_DJ_Initv)
    i._Z15FIX_POS_DJ_OPENv                   0x08002a0c   Section        0  fix_pos_dj.o(i._Z15FIX_POS_DJ_OPENv)
    i._Z16FIX_POS_DJ_CLOSEv                  0x08002a1c   Section        0  fix_pos_dj.o(i._Z16FIX_POS_DJ_CLOSEv)
    i._Z16Task_10ms_TIM_ITP17TIM_HandleTypeDef 0x08002a2c   Section        0  task.o(i._Z16Task_10ms_TIM_ITP17TIM_HandleTypeDef)
    i._Z17ACC_TASK_SCHEDULEv                 0x08002a48   Section        0  msdriver.o(i._Z17ACC_TASK_SCHEDULEv)
    i._Z18CAMERA_POS_DJ_Initv                0x08002a88   Section        0  camera_pos_dj.o(i._Z18CAMERA_POS_DJ_Initv)
    i._Z18SystemClock_Configv                0x08002aa4   Section        0  main.o(i._Z18SystemClock_Configv)
    i._Z19SHOOT_TASK_Schedulev               0x08002b5c   Section        0  shoot.o(i._Z19SHOOT_TASK_Schedulev)
    i._Z5MS_GOv                              0x08002c40   Section        0  msdriver.o(i._Z5MS_GOv)
    i._Z7MS_Initv                            0x08002c7c   Section        0  msdriver.o(i._Z7MS_Initv)
    i._Z7get_dirv                            0x08002cf8   Section        0  msdriver.o(i._Z7get_dirv)
    i._Z7set_dir10DIR_status                 0x08002d14   Section        0  msdriver.o(i._Z7set_dir10DIR_status)
    i._Z8GDM_EXTIt                           0x08002d38   Section        0  msdriver.o(i._Z8GDM_EXTIt)
    i._Z8MS_GO_UPv                           0x08002da8   Section        0  msdriver.o(i._Z8MS_GO_UPv)
    i._ZN11Class_Motor25Get_Rotate_Direction_FlagEv 0x08002dcc   Section        0  motor.o(i._ZN11Class_Motor25Get_Rotate_Direction_FlagEv)
    i._ZN11Class_Motor6OutputEv              0x08002dd4   Section        0  motor.o(i._ZN11Class_Motor6OutputEv)
    i._ZN13Class_Chassis31Hall_Encoder_GPIO_EXTI_CallbackEt 0x08002e7a   Section        0  chassis.o(i._ZN13Class_Chassis31Hall_Encoder_GPIO_EXTI_CallbackEt)
    i._ZN13Class_Chassis35Calculate_TIM_PeriodElapsedCallbackEv 0x08002eb8   Section        0  chassis.o(i._ZN13Class_Chassis35Calculate_TIM_PeriodElapsedCallbackEv)
    i._ZN29Class_Motor_With_Hall_Encoder16Set_Omega_TargetEf 0x080031ac   Section        0  motor.o(i._ZN29Class_Motor_With_Hall_Encoder16Set_Omega_TargetEf)
    i._ZN29Class_Motor_With_Hall_Encoder31Hall_Encoder_GPIO_EXTI_CallbackEv 0x080031b2   Section        0  motor.o(i._ZN29Class_Motor_With_Hall_Encoder31Hall_Encoder_GPIO_EXTI_CallbackEv)
    i._ZN29Class_Motor_With_Hall_Encoder35Calculate_TIM_PeriodElapsedCallbackEv 0x080031f4   Section        0  motor.o(i._ZN29Class_Motor_With_Hall_Encoder35Calculate_TIM_PeriodElapsedCallbackEv)
    i._ZN29Class_Motor_With_Hall_EncoderC1Ev 0x08003334   Section        0  main.o(i._ZN29Class_Motor_With_Hall_EncoderC1Ev)
    i._ZN41_INTERNAL_19_stm32f4xx_hal_tim_c_a9d95b5217TIM_OC1_SetConfigEP11TIM_TypeDefPK18TIM_OC_InitTypeDef 0x080033b0   Section        0  stm32f4xx_hal_tim.o(i._ZN41_INTERNAL_19_stm32f4xx_hal_tim_c_a9d95b5217TIM_OC1_SetConfigEP11TIM_TypeDefPK18TIM_OC_InitTypeDef)
    [local to stm32f4xx_hal_tim_c]::TIM_OC1_SetConfig(TIM_TypeDef*, const TIM_OC_InitTypeDef*) 0x080033b1   Thumb Code   104  stm32f4xx_hal_tim.o(i._ZN41_INTERNAL_19_stm32f4xx_hal_tim_c_a9d95b5217TIM_OC1_SetConfigEP11TIM_TypeDefPK18TIM_OC_InitTypeDef)
    i._ZN41_INTERNAL_19_stm32f4xx_hal_tim_c_a9d95b5217TIM_OC3_SetConfigEP11TIM_TypeDefPK18TIM_OC_InitTypeDef 0x08003420   Section        0  stm32f4xx_hal_tim.o(i._ZN41_INTERNAL_19_stm32f4xx_hal_tim_c_a9d95b5217TIM_OC3_SetConfigEP11TIM_TypeDefPK18TIM_OC_InitTypeDef)
    [local to stm32f4xx_hal_tim_c]::TIM_OC3_SetConfig(TIM_TypeDef*, const TIM_OC_InitTypeDef*) 0x08003421   Thumb Code   112  stm32f4xx_hal_tim.o(i._ZN41_INTERNAL_19_stm32f4xx_hal_tim_c_a9d95b5217TIM_OC3_SetConfigEP11TIM_TypeDefPK18TIM_OC_InitTypeDef)
    i._ZN41_INTERNAL_19_stm32f4xx_hal_tim_c_a9d95b5217TIM_OC4_SetConfigEP11TIM_TypeDefPK18TIM_OC_InitTypeDef 0x08003498   Section        0  stm32f4xx_hal_tim.o(i._ZN41_INTERNAL_19_stm32f4xx_hal_tim_c_a9d95b5217TIM_OC4_SetConfigEP11TIM_TypeDefPK18TIM_OC_InitTypeDef)
    [local to stm32f4xx_hal_tim_c]::TIM_OC4_SetConfig(TIM_TypeDef*, const TIM_OC_InitTypeDef*) 0x08003499   Thumb Code    74  stm32f4xx_hal_tim.o(i._ZN41_INTERNAL_19_stm32f4xx_hal_tim_c_a9d95b5217TIM_OC4_SetConfigEP11TIM_TypeDefPK18TIM_OC_InitTypeDef)
    i._ZN41_INTERNAL_19_stm32f4xx_hal_tim_c_a9d95b5218TIM_ITRx_SetConfigEP11TIM_TypeDefj 0x080034ec   Section        0  stm32f4xx_hal_tim.o(i._ZN41_INTERNAL_19_stm32f4xx_hal_tim_c_a9d95b5218TIM_ITRx_SetConfigEP11TIM_TypeDefj)
    [local to stm32f4xx_hal_tim_c]::TIM_ITRx_SetConfig(TIM_TypeDef*, unsigned) 0x080034ed   Thumb Code    18  stm32f4xx_hal_tim.o(i._ZN41_INTERNAL_19_stm32f4xx_hal_tim_c_a9d95b5218TIM_ITRx_SetConfigEP11TIM_TypeDefj)
    i._ZN41_INTERNAL_19_stm32f4xx_hal_tim_c_a9d95b5224TIM_TI1_ConfigInputStageEP11TIM_TypeDefjj 0x080034fe   Section        0  stm32f4xx_hal_tim.o(i._ZN41_INTERNAL_19_stm32f4xx_hal_tim_c_a9d95b5224TIM_TI1_ConfigInputStageEP11TIM_TypeDefjj)
    [local to stm32f4xx_hal_tim_c]::TIM_TI1_ConfigInputStage(TIM_TypeDef*, unsigned, unsigned) 0x080034ff   Thumb Code    38  stm32f4xx_hal_tim.o(i._ZN41_INTERNAL_19_stm32f4xx_hal_tim_c_a9d95b5224TIM_TI1_ConfigInputStageEP11TIM_TypeDefjj)
    i._ZN41_INTERNAL_19_stm32f4xx_hal_tim_c_a9d95b5224TIM_TI2_ConfigInputStageEP11TIM_TypeDefjj 0x08003524   Section        0  stm32f4xx_hal_tim.o(i._ZN41_INTERNAL_19_stm32f4xx_hal_tim_c_a9d95b5224TIM_TI2_ConfigInputStageEP11TIM_TypeDefjj)
    [local to stm32f4xx_hal_tim_c]::TIM_TI2_ConfigInputStage(TIM_TypeDef*, unsigned, unsigned) 0x08003525   Thumb Code    40  stm32f4xx_hal_tim.o(i._ZN41_INTERNAL_19_stm32f4xx_hal_tim_c_a9d95b5224TIM_TI2_ConfigInputStageEP11TIM_TypeDefjj)
    i._ZN42_INTERNAL_20_stm32f4xx_hal_uart_c_d497114f14UART_SetConfigEP20__UART_HandleTypeDef 0x0800354c   Section        0  stm32f4xx_hal_uart.o(i._ZN42_INTERNAL_20_stm32f4xx_hal_uart_c_d497114f14UART_SetConfigEP20__UART_HandleTypeDef)
    [local to stm32f4xx_hal_uart_c]::UART_SetConfig(__UART_HandleTypeDef*) 0x0800354d   Thumb Code   546  stm32f4xx_hal_uart.o(i._ZN42_INTERNAL_20_stm32f4xx_hal_uart_c_d497114f14UART_SetConfigEP20__UART_HandleTypeDef)
    i._ZN42_INTERNAL_20_stm32f4xx_hal_uart_c_d497114f15UART_Receive_ITEP20__UART_HandleTypeDef 0x08003778   Section        0  stm32f4xx_hal_uart.o(i._ZN42_INTERNAL_20_stm32f4xx_hal_uart_c_d497114f15UART_Receive_ITEP20__UART_HandleTypeDef)
    [local to stm32f4xx_hal_uart_c]::UART_Receive_IT(__UART_HandleTypeDef*) 0x08003779   Thumb Code   252  stm32f4xx_hal_uart.o(i._ZN42_INTERNAL_20_stm32f4xx_hal_uart_c_d497114f15UART_Receive_ITEP20__UART_HandleTypeDef)
    i._ZN42_INTERNAL_20_stm32f4xx_hal_uart_c_d497114f16UART_Transmit_ITEP20__UART_HandleTypeDef 0x08003874   Section        0  stm32f4xx_hal_uart.o(i._ZN42_INTERNAL_20_stm32f4xx_hal_uart_c_d497114f16UART_Transmit_ITEP20__UART_HandleTypeDef)
    [local to stm32f4xx_hal_uart_c]::UART_Transmit_IT(__UART_HandleTypeDef*) 0x08003875   Thumb Code    96  stm32f4xx_hal_uart.o(i._ZN42_INTERNAL_20_stm32f4xx_hal_uart_c_d497114f16UART_Transmit_ITEP20__UART_HandleTypeDef)
    i._ZN42_INTERNAL_20_stm32f4xx_hal_uart_c_d497114f18UART_EndRxTransferEP20__UART_HandleTypeDef 0x080038d4   Section        0  stm32f4xx_hal_uart.o(i._ZN42_INTERNAL_20_stm32f4xx_hal_uart_c_d497114f18UART_EndRxTransferEP20__UART_HandleTypeDef)
    [local to stm32f4xx_hal_uart_c]::UART_EndRxTransfer(__UART_HandleTypeDef*) 0x080038d5   Thumb Code   108  stm32f4xx_hal_uart.o(i._ZN42_INTERNAL_20_stm32f4xx_hal_uart_c_d497114f18UART_EndRxTransferEP20__UART_HandleTypeDef)
    i._ZN42_INTERNAL_20_stm32f4xx_hal_uart_c_d497114f19UART_EndTransmit_ITEP20__UART_HandleTypeDef 0x08003940   Section        0  stm32f4xx_hal_uart.o(i._ZN42_INTERNAL_20_stm32f4xx_hal_uart_c_d497114f19UART_EndTransmit_ITEP20__UART_HandleTypeDef)
    [local to stm32f4xx_hal_uart_c]::UART_EndTransmit_IT(__UART_HandleTypeDef*) 0x08003941   Thumb Code    32  stm32f4xx_hal_uart.o(i._ZN42_INTERNAL_20_stm32f4xx_hal_uart_c_d497114f19UART_EndTransmit_ITEP20__UART_HandleTypeDef)
    i._ZN42_INTERNAL_20_stm32f4xx_hal_uart_c_d497114f20UART_DMAAbortOnErrorEP19__DMA_HandleTypeDef 0x08003960   Section        0  stm32f4xx_hal_uart.o(i._ZN42_INTERNAL_20_stm32f4xx_hal_uart_c_d497114f20UART_DMAAbortOnErrorEP19__DMA_HandleTypeDef)
    [local to stm32f4xx_hal_uart_c]::UART_DMAAbortOnError(__DMA_HandleTypeDef*) 0x08003961   Thumb Code    20  stm32f4xx_hal_uart.o(i._ZN42_INTERNAL_20_stm32f4xx_hal_uart_c_d497114f20UART_DMAAbortOnErrorEP19__DMA_HandleTypeDef)
    i._ZN44_INTERNAL_22_stm32f4xx_hal_cortex_c_2992dbc018__NVIC_SetPriorityE9IRQn_Typej 0x08003974   Section        0  stm32f4xx_hal_cortex.o(i._ZN44_INTERNAL_22_stm32f4xx_hal_cortex_c_2992dbc018__NVIC_SetPriorityE9IRQn_Typej)
    [local to stm32f4xx_hal_cortex_c]::__NVIC_SetPriority(IRQn_Type, unsigned) 0x08003975   Thumb Code    32  stm32f4xx_hal_cortex.o(i._ZN44_INTERNAL_22_stm32f4xx_hal_cortex_c_2992dbc018__NVIC_SetPriorityE9IRQn_Typej)
    i._ZN44_INTERNAL_22_stm32f4xx_hal_cortex_c_2992dbc026__NVIC_GetPriorityGroupingEv 0x0800399c   Section        0  stm32f4xx_hal_cortex.o(i._ZN44_INTERNAL_22_stm32f4xx_hal_cortex_c_2992dbc026__NVIC_GetPriorityGroupingEv)
    [local to stm32f4xx_hal_cortex_c]::__NVIC_GetPriorityGrouping() 0x0800399d   Thumb Code    10  stm32f4xx_hal_cortex.o(i._ZN44_INTERNAL_22_stm32f4xx_hal_cortex_c_2992dbc026__NVIC_GetPriorityGroupingEv)
    i._ZN9Class_PID10Set_TargetEf            0x080039ac   Section        0  pid.o(i._ZN9Class_PID10Set_TargetEf)
    i._ZN9Class_PID32Adjust_TIM_PeriodElapsedCallbackEv 0x080039b4   Section        0  pid.o(i._ZN9Class_PID32Adjust_TIM_PeriodElapsedCallbackEv)
    i._ZN9Class_PID7Get_OutEv                0x08003bd4   Section        0  pid.o(i._ZN9Class_PID7Get_OutEv)
    i._ZN9Class_PID7Set_NowEf                0x08003bda   Section        0  pid.o(i._ZN9Class_PID7Set_NowEf)
    i._ZN9Class_PIDC1Ev                      0x08003be0   Section        0  main.o(i._ZN9Class_PIDC1Ev)
    i.__aeabi_vec_ctor_nocookie_nodtor       0x08003c50   Section        0  aeabi_vec_ctor_nocookie_nodtor.o(i.__aeabi_vec_ctor_nocookie_nodtor)
    i.__sti___6_main_c_Chassis               0x08003c74   Section        0  main.o(i.__sti___6_main_c_Chassis)
    __sti___6_main_c_Chassis                 0x08003c75   Thumb Code    40  main.o(i.__sti___6_main_c_Chassis)
    i.main                                   0x08003ca8   Section        0  main.o(i.main)
    t._Z14Math_ConstrainIfEvPT_S0_S0_        0x08003d0c   Section        0  chassis.o(t._Z14Math_ConstrainIfEvPT_S0_S0_)
    t._Z14Math_ConstrainIiEvPT_S0_S0_        0x08003d34   Section        0  motor.o(t._Z14Math_ConstrainIiEvPT_S0_S0_)
    t._Z8Math_AbsIfET_S0_                    0x08003d48   Section        0  pid.o(t._Z8Math_AbsIfET_S0_)
    t._Z8Math_AbsIiET_S0_                    0x08003d62   Section        0  motor.o(t._Z8Math_AbsIiET_S0_)
    x$fpl$d2f                                0x08003d70   Section       98  d2f.o(x$fpl$d2f)
    $v0                                      0x08003d70   Number         0  d2f.o(x$fpl$d2f)
    x$fpl$dadd                               0x08003dd4   Section      336  daddsub_clz.o(x$fpl$dadd)
    $v0                                      0x08003dd4   Number         0  daddsub_clz.o(x$fpl$dadd)
    _dadd1                                   0x08003de5   Thumb Code     0  daddsub_clz.o(x$fpl$dadd)
    x$fpl$ddiv                               0x08003f24   Section      688  ddiv.o(x$fpl$ddiv)
    $v0                                      0x08003f24   Number         0  ddiv.o(x$fpl$ddiv)
    ddiv_entry                               0x08003f2b   Thumb Code     0  ddiv.o(x$fpl$ddiv)
    x$fpl$dflt                               0x080041d4   Section       46  dflt_clz.o(x$fpl$dflt)
    $v0                                      0x080041d4   Number         0  dflt_clz.o(x$fpl$dflt)
    x$fpl$dmul                               0x08004204   Section      340  dmul.o(x$fpl$dmul)
    $v0                                      0x08004204   Number         0  dmul.o(x$fpl$dmul)
    x$fpl$dnaninf                            0x08004358   Section      156  dnaninf.o(x$fpl$dnaninf)
    $v0                                      0x08004358   Number         0  dnaninf.o(x$fpl$dnaninf)
    x$fpl$dretinf                            0x080043f4   Section       12  dretinf.o(x$fpl$dretinf)
    $v0                                      0x080043f4   Number         0  dretinf.o(x$fpl$dretinf)
    x$fpl$dsub                               0x08004400   Section      468  daddsub_clz.o(x$fpl$dsub)
    $v0                                      0x08004400   Number         0  daddsub_clz.o(x$fpl$dsub)
    _dsub1                                   0x08004411   Thumb Code     0  daddsub_clz.o(x$fpl$dsub)
    x$fpl$f2d                                0x080045d4   Section       86  f2d.o(x$fpl$f2d)
    $v0                                      0x080045d4   Number         0  f2d.o(x$fpl$f2d)
    x$fpl$fnaninf                            0x0800462a   Section      140  fnaninf.o(x$fpl$fnaninf)
    $v0                                      0x0800462a   Number         0  fnaninf.o(x$fpl$fnaninf)
    x$fpl$fpinit                             0x080046b6   Section       10  fpinit.o(x$fpl$fpinit)
    $v0                                      0x080046b6   Number         0  fpinit.o(x$fpl$fpinit)
    x$fpl$fretinf                            0x080046c0   Section       10  fretinf.o(x$fpl$fretinf)
    $v0                                      0x080046c0   Number         0  fretinf.o(x$fpl$fretinf)
    x$fpl$usenofp                            0x080046ca   Section        0  usenofp.o(x$fpl$usenofp)
    .constdata                               0x080046cc   Section       16  main.o(.constdata)
    <Data1>                                  0x080046cc   Data          16  main.o(.constdata)
    .constdata                               0x080046dc   Section       24  system_stm32f4xx.o(.constdata)
    .init_array                              0x08004714   Section        4  main.o(.init_array)
    .init_array                              0x08004718   Section        0  init_aeabi.o(.init_array)
    .data                                    0x20000000   Section        4  main.o(.data)
    .data                                    0x20000004   Section        9  stm32f4xx_hal.o(.data)
    .data                                    0x20000010   Section        4  system_stm32f4xx.o(.data)
    .data                                    0x20000014   Section       52  msdriver.o(.data)
    .data                                    0x20000048   Section        8  shoot.o(.data)
    .bss                                     0x20000050   Section     1732  main.o(.bss)
    .bss                                     0x20000714   Section      504  tim.o(.bss)
    .bss                                     0x2000090c   Section       72  usart.o(.bss)
    .bss                                     0x20000954   Section       96  libspace.o(.bss)
    HEAP                                     0x200009b8   Section      512  startup_stm32f407xx.o(HEAP)
    Heap_Mem                                 0x200009b8   Data         512  startup_stm32f407xx.o(HEAP)
    STACK                                    0x20000bb8   Section     1024  startup_stm32f407xx.o(STACK)
    Stack_Mem                                0x20000bb8   Data        1024  startup_stm32f407xx.o(STACK)
    __initial_sp                             0x20000fb8   Data           0  startup_stm32f407xx.o(STACK)

    Global Symbols

    Symbol Name                              Value     Ov Type        Size  Object(Section)

    BuildAttributes$$THM_ISAv4$E$P$D$K$B$S$7EM$VFPi3$EXTD16$VFPS$VFMA$PE$A:L22UL41UL21$X:L11$S22US41US21$IEEE1$IW$USESV6$~STKCKD$USESV7$~SHL$OTIME$ROPI$EBA8$UX$STANDARDLIB$REQ8$PRES8$EABIv2 0x00000000   Number         0  anon$$obj.o ABSOLUTE
    __ARM_use_no_argv                        0x00000000   Number         0  main.o ABSOLUTE
    SHT$$ARM_EXIDX$$Base                      - Undefined Reference
    SHT$$ARM_EXIDX$$Limit                     - Undefined Reference
    __ARM_exceptions_init                     - Undefined Weak Reference
    __aeabi_unwind_cpp_pr1                    - Undefined Weak Reference
    __aeabi_unwind_cpp_pr2                    - Undefined Weak Reference
    __alloca_initialize                       - Undefined Weak Reference
    __arm_preinit_                            - Undefined Weak Reference
    __cxa_begin_cleanup                       - Undefined Weak Reference
    __cxa_call_unexpected                     - Undefined Weak Reference
    __cxa_finalize                            - Undefined Weak Reference
    __cxa_type_match                          - Undefined Weak Reference
    __rt_locale                               - Undefined Weak Reference
    __sigvec_lookup                           - Undefined Weak Reference
    __user_heap_extent                        - Undefined Weak Reference
    _atexit_init                              - Undefined Weak Reference
    _call_atexit_fns                          - Undefined Weak Reference
    _clock_init                               - Undefined Weak Reference
    _fp_trap_init                             - Undefined Weak Reference
    _fp_trap_shutdown                         - Undefined Weak Reference
    _get_lc_collate                           - Undefined Weak Reference
    _get_lc_ctype                             - Undefined Weak Reference
    _get_lc_monetary                          - Undefined Weak Reference
    _get_lc_numeric                           - Undefined Weak Reference
    _get_lc_time                              - Undefined Weak Reference
    _getenv_init                              - Undefined Weak Reference
    _handle_redirection                       - Undefined Weak Reference
    _initio                                   - Undefined Weak Reference
    _mutex_acquire                            - Undefined Weak Reference
    _mutex_free                               - Undefined Weak Reference
    _mutex_release                            - Undefined Weak Reference
    _rand_init                                - Undefined Weak Reference
    _signal_finish                            - Undefined Weak Reference
    _signal_init                              - Undefined Weak Reference
    _terminateio                              - Undefined Weak Reference
    __Vectors_Size                           0x00000188   Number         0  startup_stm32f407xx.o ABSOLUTE
    __Vectors                                0x08000000   Data           4  startup_stm32f407xx.o(RESET)
    __Vectors_End                            0x08000188   Data           0  startup_stm32f407xx.o(RESET)
    __main                                   0x08000189   Thumb Code     8  __main.o(!!!main)
    __scatterload                            0x08000191   Thumb Code     0  __scatter.o(!!!scatter)
    __scatterload_rt2                        0x08000191   Thumb Code    44  __scatter.o(!!!scatter)
    __scatterload_rt2_thumb_only             0x08000191   Thumb Code     0  __scatter.o(!!!scatter)
    __scatterload_null                       0x0800019f   Thumb Code     0  __scatter.o(!!!scatter)
    __scatterload_copy                       0x080001c5   Thumb Code    26  __scatter_copy.o(!!handler_copy)
    __scatterload_zeroinit                   0x080001e1   Thumb Code    28  __scatter_zi.o(!!handler_zi)
    __rt_lib_init                            0x080001fd   Thumb Code     0  libinit.o(.ARM.Collect$$libinit$$00000000)
    __rt_lib_init_fp_1                       0x080001ff   Thumb Code     0  libinit2.o(.ARM.Collect$$libinit$$00000001)
    __rt_lib_init_alloca_1                   0x08000203   Thumb Code     0  libinit2.o(.ARM.Collect$$libinit$$0000002E)
    __rt_lib_init_argv_1                     0x08000203   Thumb Code     0  libinit2.o(.ARM.Collect$$libinit$$0000002C)
    __rt_lib_init_atexit_1                   0x08000203   Thumb Code     0  libinit2.o(.ARM.Collect$$libinit$$0000001B)
    __rt_lib_init_clock_1                    0x08000203   Thumb Code     0  libinit2.o(.ARM.Collect$$libinit$$00000021)
    __rt_lib_init_cpp_2                      0x08000203   Thumb Code     0  libinit2.o(.ARM.Collect$$libinit$$00000031)
    __rt_lib_init_exceptions_1               0x08000203   Thumb Code     0  libinit2.o(.ARM.Collect$$libinit$$00000030)
    __rt_lib_init_fp_trap_1                  0x08000203   Thumb Code     0  libinit2.o(.ARM.Collect$$libinit$$0000001F)
    __rt_lib_init_getenv_1                   0x08000203   Thumb Code     0  libinit2.o(.ARM.Collect$$libinit$$00000023)
    __rt_lib_init_heap_1                     0x08000203   Thumb Code     0  libinit2.o(.ARM.Collect$$libinit$$0000000A)
    __rt_lib_init_lc_collate_1               0x08000203   Thumb Code     0  libinit2.o(.ARM.Collect$$libinit$$00000011)
    __rt_lib_init_lc_ctype_1                 0x08000203   Thumb Code     0  libinit2.o(.ARM.Collect$$libinit$$00000013)
    __rt_lib_init_lc_monetary_1              0x08000203   Thumb Code     0  libinit2.o(.ARM.Collect$$libinit$$00000015)
    __rt_lib_init_lc_numeric_1               0x08000203   Thumb Code     0  libinit2.o(.ARM.Collect$$libinit$$00000017)
    __rt_lib_init_lc_time_1                  0x08000203   Thumb Code     0  libinit2.o(.ARM.Collect$$libinit$$00000019)
    __rt_lib_init_preinit_1                  0x08000203   Thumb Code     0  libinit2.o(.ARM.Collect$$libinit$$00000004)
    __rt_lib_init_rand_1                     0x08000203   Thumb Code     0  libinit2.o(.ARM.Collect$$libinit$$0000000E)
    __rt_lib_init_signal_1                   0x08000203   Thumb Code     0  libinit2.o(.ARM.Collect$$libinit$$0000001D)
    __rt_lib_init_stdio_1                    0x08000203   Thumb Code     0  libinit2.o(.ARM.Collect$$libinit$$00000025)
    __rt_lib_init_user_alloc_1               0x08000203   Thumb Code     0  libinit2.o(.ARM.Collect$$libinit$$0000000C)
    __rt_lib_init_cpp_1                      0x08000207   Thumb Code     0  libinit2.o(.ARM.Collect$$libinit$$00000032)
    __rt_lib_init_return                     0x08000207   Thumb Code     0  libinit2.o(.ARM.Collect$$libinit$$00000033)
    __rt_lib_shutdown                        0x08000209   Thumb Code     0  libshutdown.o(.ARM.Collect$$libshutdown$$00000000)
    __rt_lib_shutdown_cpp_1                  0x0800020b   Thumb Code     0  libshutdown2.o(.ARM.Collect$$libshutdown$$00000002)
    __rt_lib_shutdown_fp_trap_1              0x0800020b   Thumb Code     0  libshutdown2.o(.ARM.Collect$$libshutdown$$00000007)
    __rt_lib_shutdown_heap_1                 0x0800020b   Thumb Code     0  libshutdown2.o(.ARM.Collect$$libshutdown$$0000000F)
    __rt_lib_shutdown_return                 0x0800020b   Thumb Code     0  libshutdown2.o(.ARM.Collect$$libshutdown$$00000010)
    __rt_lib_shutdown_signal_1               0x0800020b   Thumb Code     0  libshutdown2.o(.ARM.Collect$$libshutdown$$0000000A)
    __rt_lib_shutdown_stdio_1                0x0800020b   Thumb Code     0  libshutdown2.o(.ARM.Collect$$libshutdown$$00000004)
    __rt_lib_shutdown_user_alloc_1           0x0800020b   Thumb Code     0  libshutdown2.o(.ARM.Collect$$libshutdown$$0000000C)
    __rt_entry                               0x0800020d   Thumb Code     0  __rtentry.o(.ARM.Collect$$rtentry$$00000000)
    __rt_entry_presh_1                       0x0800020d   Thumb Code     0  __rtentry2.o(.ARM.Collect$$rtentry$$00000002)
    __rt_entry_sh                            0x0800020d   Thumb Code     0  __rtentry4.o(.ARM.Collect$$rtentry$$00000004)
    __rt_entry_li                            0x08000213   Thumb Code     0  __rtentry2.o(.ARM.Collect$$rtentry$$0000000A)
    __rt_entry_postsh_1                      0x08000213   Thumb Code     0  __rtentry2.o(.ARM.Collect$$rtentry$$00000009)
    __rt_entry_main                          0x08000217   Thumb Code     0  __rtentry2.o(.ARM.Collect$$rtentry$$0000000D)
    __rt_entry_postli_1                      0x08000217   Thumb Code     0  __rtentry2.o(.ARM.Collect$$rtentry$$0000000C)
    __rt_exit                                0x0800021f   Thumb Code     0  rtexit.o(.ARM.Collect$$rtexit$$00000000)
    __rt_exit_ls                             0x08000221   Thumb Code     0  rtexit2.o(.ARM.Collect$$rtexit$$00000003)
    __rt_exit_prels_1                        0x08000221   Thumb Code     0  rtexit2.o(.ARM.Collect$$rtexit$$00000002)
    __rt_exit_exit                           0x08000225   Thumb Code     0  rtexit2.o(.ARM.Collect$$rtexit$$00000004)
    Reset_Handler                            0x0800022d   Thumb Code     8  startup_stm32f407xx.o(.text)
    ADC_IRQHandler                           0x08000247   Thumb Code     0  startup_stm32f407xx.o(.text)
    CAN1_RX0_IRQHandler                      0x08000247   Thumb Code     0  startup_stm32f407xx.o(.text)
    CAN1_RX1_IRQHandler                      0x08000247   Thumb Code     0  startup_stm32f407xx.o(.text)
    CAN1_SCE_IRQHandler                      0x08000247   Thumb Code     0  startup_stm32f407xx.o(.text)
    CAN1_TX_IRQHandler                       0x08000247   Thumb Code     0  startup_stm32f407xx.o(.text)
    CAN2_RX0_IRQHandler                      0x08000247   Thumb Code     0  startup_stm32f407xx.o(.text)
    CAN2_RX1_IRQHandler                      0x08000247   Thumb Code     0  startup_stm32f407xx.o(.text)
    CAN2_SCE_IRQHandler                      0x08000247   Thumb Code     0  startup_stm32f407xx.o(.text)
    CAN2_TX_IRQHandler                       0x08000247   Thumb Code     0  startup_stm32f407xx.o(.text)
    DCMI_IRQHandler                          0x08000247   Thumb Code     0  startup_stm32f407xx.o(.text)
    DMA1_Stream0_IRQHandler                  0x08000247   Thumb Code     0  startup_stm32f407xx.o(.text)
    DMA1_Stream1_IRQHandler                  0x08000247   Thumb Code     0  startup_stm32f407xx.o(.text)
    DMA1_Stream2_IRQHandler                  0x08000247   Thumb Code     0  startup_stm32f407xx.o(.text)
    DMA1_Stream3_IRQHandler                  0x08000247   Thumb Code     0  startup_stm32f407xx.o(.text)
    DMA1_Stream4_IRQHandler                  0x08000247   Thumb Code     0  startup_stm32f407xx.o(.text)
    DMA1_Stream5_IRQHandler                  0x08000247   Thumb Code     0  startup_stm32f407xx.o(.text)
    DMA1_Stream6_IRQHandler                  0x08000247   Thumb Code     0  startup_stm32f407xx.o(.text)
    DMA1_Stream7_IRQHandler                  0x08000247   Thumb Code     0  startup_stm32f407xx.o(.text)
    DMA2_Stream0_IRQHandler                  0x08000247   Thumb Code     0  startup_stm32f407xx.o(.text)
    DMA2_Stream1_IRQHandler                  0x08000247   Thumb Code     0  startup_stm32f407xx.o(.text)
    DMA2_Stream2_IRQHandler                  0x08000247   Thumb Code     0  startup_stm32f407xx.o(.text)
    DMA2_Stream3_IRQHandler                  0x08000247   Thumb Code     0  startup_stm32f407xx.o(.text)
    DMA2_Stream4_IRQHandler                  0x08000247   Thumb Code     0  startup_stm32f407xx.o(.text)
    DMA2_Stream5_IRQHandler                  0x08000247   Thumb Code     0  startup_stm32f407xx.o(.text)
    DMA2_Stream6_IRQHandler                  0x08000247   Thumb Code     0  startup_stm32f407xx.o(.text)
    DMA2_Stream7_IRQHandler                  0x08000247   Thumb Code     0  startup_stm32f407xx.o(.text)
    ETH_IRQHandler                           0x08000247   Thumb Code     0  startup_stm32f407xx.o(.text)
    ETH_WKUP_IRQHandler                      0x08000247   Thumb Code     0  startup_stm32f407xx.o(.text)
    EXTI2_IRQHandler                         0x08000247   Thumb Code     0  startup_stm32f407xx.o(.text)
    EXTI9_5_IRQHandler                       0x08000247   Thumb Code     0  startup_stm32f407xx.o(.text)
    FLASH_IRQHandler                         0x08000247   Thumb Code     0  startup_stm32f407xx.o(.text)
    FMC_IRQHandler                           0x08000247   Thumb Code     0  startup_stm32f407xx.o(.text)
    FPU_IRQHandler                           0x08000247   Thumb Code     0  startup_stm32f407xx.o(.text)
    HASH_RNG_IRQHandler                      0x08000247   Thumb Code     0  startup_stm32f407xx.o(.text)
    I2C1_ER_IRQHandler                       0x08000247   Thumb Code     0  startup_stm32f407xx.o(.text)
    I2C1_EV_IRQHandler                       0x08000247   Thumb Code     0  startup_stm32f407xx.o(.text)
    I2C2_ER_IRQHandler                       0x08000247   Thumb Code     0  startup_stm32f407xx.o(.text)
    I2C2_EV_IRQHandler                       0x08000247   Thumb Code     0  startup_stm32f407xx.o(.text)
    I2C3_ER_IRQHandler                       0x08000247   Thumb Code     0  startup_stm32f407xx.o(.text)
    I2C3_EV_IRQHandler                       0x08000247   Thumb Code     0  startup_stm32f407xx.o(.text)
    OTG_FS_IRQHandler                        0x08000247   Thumb Code     0  startup_stm32f407xx.o(.text)
    OTG_FS_WKUP_IRQHandler                   0x08000247   Thumb Code     0  startup_stm32f407xx.o(.text)
    OTG_HS_EP1_IN_IRQHandler                 0x08000247   Thumb Code     0  startup_stm32f407xx.o(.text)
    OTG_HS_EP1_OUT_IRQHandler                0x08000247   Thumb Code     0  startup_stm32f407xx.o(.text)
    OTG_HS_IRQHandler                        0x08000247   Thumb Code     0  startup_stm32f407xx.o(.text)
    OTG_HS_WKUP_IRQHandler                   0x08000247   Thumb Code     0  startup_stm32f407xx.o(.text)
    PVD_IRQHandler                           0x08000247   Thumb Code     0  startup_stm32f407xx.o(.text)
    RTC_Alarm_IRQHandler                     0x08000247   Thumb Code     0  startup_stm32f407xx.o(.text)
    RTC_WKUP_IRQHandler                      0x08000247   Thumb Code     0  startup_stm32f407xx.o(.text)
    SDIO_IRQHandler                          0x08000247   Thumb Code     0  startup_stm32f407xx.o(.text)
    SPI1_IRQHandler                          0x08000247   Thumb Code     0  startup_stm32f407xx.o(.text)
    SPI2_IRQHandler                          0x08000247   Thumb Code     0  startup_stm32f407xx.o(.text)
    SPI3_IRQHandler                          0x08000247   Thumb Code     0  startup_stm32f407xx.o(.text)
    TAMP_STAMP_IRQHandler                    0x08000247   Thumb Code     0  startup_stm32f407xx.o(.text)
    TIM1_BRK_TIM9_IRQHandler                 0x08000247   Thumb Code     0  startup_stm32f407xx.o(.text)
    TIM1_CC_IRQHandler                       0x08000247   Thumb Code     0  startup_stm32f407xx.o(.text)
    TIM1_TRG_COM_TIM11_IRQHandler            0x08000247   Thumb Code     0  startup_stm32f407xx.o(.text)
    TIM1_UP_TIM10_IRQHandler                 0x08000247   Thumb Code     0  startup_stm32f407xx.o(.text)
    TIM2_IRQHandler                          0x08000247   Thumb Code     0  startup_stm32f407xx.o(.text)
    TIM6_DAC_IRQHandler                      0x08000247   Thumb Code     0  startup_stm32f407xx.o(.text)
    TIM7_IRQHandler                          0x08000247   Thumb Code     0  startup_stm32f407xx.o(.text)
    TIM8_BRK_TIM12_IRQHandler                0x08000247   Thumb Code     0  startup_stm32f407xx.o(.text)
    TIM8_CC_IRQHandler                       0x08000247   Thumb Code     0  startup_stm32f407xx.o(.text)
    TIM8_UP_TIM13_IRQHandler                 0x08000247   Thumb Code     0  startup_stm32f407xx.o(.text)
    UART4_IRQHandler                         0x08000247   Thumb Code     0  startup_stm32f407xx.o(.text)
    UART5_IRQHandler                         0x08000247   Thumb Code     0  startup_stm32f407xx.o(.text)
    USART1_IRQHandler                        0x08000247   Thumb Code     0  startup_stm32f407xx.o(.text)
    USART3_IRQHandler                        0x08000247   Thumb Code     0  startup_stm32f407xx.o(.text)
    USART6_IRQHandler                        0x08000247   Thumb Code     0  startup_stm32f407xx.o(.text)
    WWDG_IRQHandler                          0x08000247   Thumb Code     0  startup_stm32f407xx.o(.text)
    __user_initial_stackheap                 0x08000249   Thumb Code     0  startup_stm32f407xx.o(.text)
    __aeabi_uldivmod                         0x0800026d   Thumb Code     0  lludivv7m.o(.text)
    _ll_udiv                                 0x0800026d   Thumb Code   238  lludivv7m.o(.text)
    __aeabi_memclr4                          0x0800035b   Thumb Code     0  rt_memclr_w.o(.text)
    __aeabi_memclr8                          0x0800035b   Thumb Code     0  rt_memclr_w.o(.text)
    __rt_memclr_w                            0x0800035b   Thumb Code    78  rt_memclr_w.o(.text)
    _memset_w                                0x0800035f   Thumb Code     0  rt_memclr_w.o(.text)
    __use_two_region_memory                  0x080003a9   Thumb Code     2  heapauxi.o(.text)
    __rt_heap_escrow                         0x080003ab   Thumb Code     2  heapauxi.o(.text)
    __rt_heap_expand                         0x080003ad   Thumb Code     2  heapauxi.o(.text)
    __cpp_initialize__aeabi_                 0x080003b1   Thumb Code    26  init_aeabi.o(.text)
    __user_setup_stackheap                   0x080003d5   Thumb Code    74  sys_stackheap_outer.o(.text)
    exit                                     0x0800041f   Thumb Code    18  exit.o(.text)
    __user_libspace                          0x08000431   Thumb Code     8  libspace.o(.text)
    __user_perproc_libspace                  0x08000431   Thumb Code     0  libspace.o(.text)
    __user_perthread_libspace                0x08000431   Thumb Code     0  libspace.o(.text)
    _sys_exit                                0x08000439   Thumb Code     8  sys_exit.o(.text)
    __I$use$semihosting                      0x08000445   Thumb Code     0  use_no_semi.o(.text)
    __use_no_semihosting_swi                 0x08000445   Thumb Code     2  use_no_semi.o(.text)
    BusFault_Handler                         0x08000447   Thumb Code     4  stm32f4xx_it.o(i.BusFault_Handler)
    __semihosting_library_function           0x08000447   Thumb Code     0  indicate_semi.o(.text)
    DebugMon_Handler                         0x0800044b   Thumb Code     2  stm32f4xx_it.o(i.DebugMon_Handler)
    EXTI0_IRQHandler                         0x0800044d   Thumb Code    10  stm32f4xx_it.o(i.EXTI0_IRQHandler)
    EXTI15_10_IRQHandler                     0x08000457   Thumb Code    20  stm32f4xx_it.o(i.EXTI15_10_IRQHandler)
    EXTI1_IRQHandler                         0x0800046b   Thumb Code    10  stm32f4xx_it.o(i.EXTI1_IRQHandler)
    EXTI3_IRQHandler                         0x08000475   Thumb Code    10  stm32f4xx_it.o(i.EXTI3_IRQHandler)
    EXTI4_IRQHandler                         0x0800047f   Thumb Code    10  stm32f4xx_it.o(i.EXTI4_IRQHandler)
    Error_Handler                            0x08000489   Thumb Code     6  main.o(i.Error_Handler)
    HAL_DMA_Abort                            0x0800048f   Thumb Code   172  stm32f4xx_hal_dma.o(i.HAL_DMA_Abort)
    HAL_DMA_Abort_IT                         0x0800053b   Thumb Code    40  stm32f4xx_hal_dma.o(i.HAL_DMA_Abort_IT)
    HAL_Delay                                0x08000565   Thumb Code    36  stm32f4xx_hal.o(i.HAL_Delay)
    HAL_GPIO_EXTI_Callback                   0x0800058d   Thumb Code    36  stm32f4xx_it.o(i.HAL_GPIO_EXTI_Callback)
    HAL_GPIO_EXTI_IRQHandler                 0x080005b5   Thumb Code    24  stm32f4xx_hal_gpio.o(i.HAL_GPIO_EXTI_IRQHandler)
    HAL_GPIO_Init                            0x080005d1   Thumb Code   454  stm32f4xx_hal_gpio.o(i.HAL_GPIO_Init)
    HAL_GPIO_ReadPin                         0x080007c5   Thumb Code    16  stm32f4xx_hal_gpio.o(i.HAL_GPIO_ReadPin)
    HAL_GPIO_WritePin                        0x080007d5   Thumb Code    12  stm32f4xx_hal_gpio.o(i.HAL_GPIO_WritePin)
    HAL_GetTick                              0x080007e1   Thumb Code     6  stm32f4xx_hal.o(i.HAL_GetTick)
    HAL_IncTick                              0x080007ed   Thumb Code    16  stm32f4xx_hal.o(i.HAL_IncTick)
    HAL_Init                                 0x08000805   Thumb Code    54  stm32f4xx_hal.o(i.HAL_Init)
    HAL_InitTick                             0x08000841   Thumb Code    64  stm32f4xx_hal.o(i.HAL_InitTick)
    HAL_MspInit                              0x0800088d   Thumb Code    84  stm32f4xx_hal_msp.o(i.HAL_MspInit)
    HAL_NVIC_EnableIRQ                       0x080008e5   Thumb Code    40  stm32f4xx_hal_cortex.o(i.HAL_NVIC_EnableIRQ)
    HAL_NVIC_SetPriority                     0x0800090d   Thumb Code   124  stm32f4xx_hal_cortex.o(i.HAL_NVIC_SetPriority)
    HAL_NVIC_SetPriorityGrouping             0x08000989   Thumb Code    32  stm32f4xx_hal_cortex.o(i.HAL_NVIC_SetPriorityGrouping)
    HAL_RCC_ClockConfig                      0x080009b1   Thumb Code   368  stm32f4xx_hal_rcc.o(i.HAL_RCC_ClockConfig)
    HAL_RCC_GetHCLKFreq                      0x08000b35   Thumb Code     6  stm32f4xx_hal_rcc.o(i.HAL_RCC_GetHCLKFreq)
    HAL_RCC_GetPCLK1Freq                     0x08000b41   Thumb Code    22  stm32f4xx_hal_rcc.o(i.HAL_RCC_GetPCLK1Freq)
    HAL_RCC_GetPCLK2Freq                     0x08000b61   Thumb Code    22  stm32f4xx_hal_rcc.o(i.HAL_RCC_GetPCLK2Freq)
    HAL_RCC_GetSysClockFreq                  0x08000b81   Thumb Code   162  stm32f4xx_hal_rcc.o(i.HAL_RCC_GetSysClockFreq)
    HAL_RCC_OscConfig                        0x08000c31   Thumb Code  1172  stm32f4xx_hal_rcc.o(i.HAL_RCC_OscConfig)
    HAL_SYSTICK_Config                       0x080010cd   Thumb Code    52  stm32f4xx_hal_cortex.o(i.HAL_SYSTICK_Config)
    HAL_TIMEx_BreakCallback                  0x08001101   Thumb Code     2  stm32f4xx_hal_tim_ex.o(i.HAL_TIMEx_BreakCallback)
    HAL_TIMEx_CommutCallback                 0x08001103   Thumb Code     2  stm32f4xx_hal_tim_ex.o(i.HAL_TIMEx_CommutCallback)
    HAL_TIMEx_ConfigBreakDeadTime            0x08001105   Thumb Code   116  stm32f4xx_hal_tim_ex.o(i.HAL_TIMEx_ConfigBreakDeadTime)
    HAL_TIMEx_MasterConfigSynchronization    0x08001179   Thumb Code   150  stm32f4xx_hal_tim_ex.o(i.HAL_TIMEx_MasterConfigSynchronization)
    HAL_TIM_Base_Init                        0x0800122d   Thumb Code   102  stm32f4xx_hal_tim.o(i.HAL_TIM_Base_Init)
    HAL_TIM_Base_MspInit                     0x08001295   Thumb Code   262  tim.o(i.HAL_TIM_Base_MspInit)
    HAL_TIM_Base_Start_IT                    0x080013b5   Thumb Code   138  stm32f4xx_hal_tim.o(i.HAL_TIM_Base_Start_IT)
    HAL_TIM_ConfigClockSource                0x0800145d   Thumb Code   268  stm32f4xx_hal_tim.o(i.HAL_TIM_ConfigClockSource)
    HAL_TIM_IC_CaptureCallback               0x08001569   Thumb Code     2  stm32f4xx_hal_tim.o(i.HAL_TIM_IC_CaptureCallback)
    HAL_TIM_IRQHandler                       0x0800156b   Thumb Code   364  stm32f4xx_hal_tim.o(i.HAL_TIM_IRQHandler)
    HAL_TIM_MspPostInit                      0x080016d9   Thumb Code   412  tim.o(i.HAL_TIM_MspPostInit)
    HAL_TIM_OC_DelayElapsedCallback          0x080018a1   Thumb Code     2  stm32f4xx_hal_tim.o(i.HAL_TIM_OC_DelayElapsedCallback)
    HAL_TIM_PWM_ConfigChannel                0x080018a3   Thumb Code   260  stm32f4xx_hal_tim.o(i.HAL_TIM_PWM_ConfigChannel)
    HAL_TIM_PWM_Init                         0x080019a7   Thumb Code   102  stm32f4xx_hal_tim.o(i.HAL_TIM_PWM_Init)
    HAL_TIM_PWM_MspInit                      0x08001a0d   Thumb Code   124  tim.o(i.HAL_TIM_PWM_MspInit)
    HAL_TIM_PWM_PulseFinishedCallback        0x08001a95   Thumb Code     2  stm32f4xx_hal_tim.o(i.HAL_TIM_PWM_PulseFinishedCallback)
    HAL_TIM_PWM_Start                        0x08001a99   Thumb Code   238  stm32f4xx_hal_tim.o(i.HAL_TIM_PWM_Start)
    HAL_TIM_PeriodElapsedCallback            0x08001ba5   Thumb Code    24  stm32f4xx_it.o(i.HAL_TIM_PeriodElapsedCallback)
    HAL_TIM_TriggerCallback                  0x08001bc5   Thumb Code     2  stm32f4xx_hal_tim.o(i.HAL_TIM_TriggerCallback)
    HAL_UARTEx_RxEventCallback               0x08001bc7   Thumb Code     2  stm32f4xx_hal_uart.o(i.HAL_UARTEx_RxEventCallback)
    HAL_UART_ErrorCallback                   0x08001bc9   Thumb Code     2  stm32f4xx_hal_uart.o(i.HAL_UART_ErrorCallback)
    HAL_UART_IRQHandler                      0x08001bcd   Thumb Code   740  stm32f4xx_hal_uart.o(i.HAL_UART_IRQHandler)
    HAL_UART_Init                            0x08001eb5   Thumb Code   118  stm32f4xx_hal_uart.o(i.HAL_UART_Init)
    HAL_UART_MspInit                         0x08001f2d   Thumb Code   138  usart.o(i.HAL_UART_MspInit)
    HAL_UART_RxCpltCallback                  0x08001fc5   Thumb Code     2  stm32f4xx_hal_uart.o(i.HAL_UART_RxCpltCallback)
    HAL_UART_TxCpltCallback                  0x08001fc7   Thumb Code     2  stm32f4xx_hal_uart.o(i.HAL_UART_TxCpltCallback)
    HardFault_Handler                        0x08001fc9   Thumb Code     4  stm32f4xx_it.o(i.HardFault_Handler)
    MX_GPIO_Init                             0x08001fcd   Thumb Code   680  gpio.o(i.MX_GPIO_Init)
    MX_TIM11_Init                            0x08002291   Thumb Code   100  tim.o(i.MX_TIM11_Init)
    MX_TIM13_Init                            0x080022fd   Thumb Code   102  tim.o(i.MX_TIM13_Init)
    MX_TIM14_Init                            0x0800236d   Thumb Code    42  tim.o(i.MX_TIM14_Init)
    MX_TIM3_Init                             0x080023a1   Thumb Code   164  tim.o(i.MX_TIM3_Init)
    MX_TIM4_Init                             0x0800244d   Thumb Code   156  tim.o(i.MX_TIM4_Init)
    MX_TIM5_Init                             0x080024f1   Thumb Code   100  tim.o(i.MX_TIM5_Init)
    MX_TIM8_Init                             0x0800255d   Thumb Code   182  tim.o(i.MX_TIM8_Init)
    MX_USART2_UART_Init                      0x0800261d   Thumb Code    46  usart.o(i.MX_USART2_UART_Init)
    MemManage_Handler                        0x08002655   Thumb Code     4  stm32f4xx_it.o(i.MemManage_Handler)
    NMI_Handler                              0x08002659   Thumb Code     4  stm32f4xx_it.o(i.NMI_Handler)
    PendSV_Handler                           0x0800265d   Thumb Code     2  stm32f4xx_it.o(i.PendSV_Handler)
    RCC_IRQHandler                           0x0800265f   Thumb Code     2  stm32f4xx_it.o(i.RCC_IRQHandler)
    SVC_Handler                              0x08002661   Thumb Code     2  stm32f4xx_it.o(i.SVC_Handler)
    SysTick_Handler                          0x08002663   Thumb Code     8  stm32f4xx_it.o(i.SysTick_Handler)
    SystemInit                               0x0800266d   Thumb Code    14  system_stm32f4xx.o(i.SystemInit)
    TIM3_IRQHandler                          0x08002681   Thumb Code    10  stm32f4xx_it.o(i.TIM3_IRQHandler)
    TIM4_IRQHandler                          0x08002691   Thumb Code    10  stm32f4xx_it.o(i.TIM4_IRQHandler)
    TIM5_IRQHandler                          0x080026a1   Thumb Code    10  stm32f4xx_it.o(i.TIM5_IRQHandler)
    TIM8_TRG_COM_TIM14_IRQHandler            0x080026b1   Thumb Code    16  stm32f4xx_it.o(i.TIM8_TRG_COM_TIM14_IRQHandler)
    TIM_Base_SetConfig                       0x080026c9   Thumb Code   186  stm32f4xx_hal_tim.o(i.TIM_Base_SetConfig)
    TIM_CCxChannelCmd                        0x080027b1   Thumb Code    34  stm32f4xx_hal_tim.o(i.TIM_CCxChannelCmd)
    TIM_ETR_SetConfig                        0x080027d3   Thumb Code    22  stm32f4xx_hal_tim.o(i.TIM_ETR_SetConfig)
    TIM_OC2_SetConfig                        0x080027e9   Thumb Code   114  stm32f4xx_hal_tim.o(i.TIM_OC2_SetConfig)
    USART2_IRQHandler                        0x08002865   Thumb Code    10  stm32f4xx_it.o(i.USART2_IRQHandler)
    UsageFault_Handler                       0x08002875   Thumb Code     4  stm32f4xx_it.o(i.UsageFault_Handler)
    MS_GO_DOWN()                             0x08002879   Thumb Code    32  msdriver.o(i._Z10MS_GO_DOWNv)
    SHOOT_Init()                             0x0800289d   Thumb Code    16  shoot.o(i._Z10SHOOT_Initv)
    SHOOT_START()                            0x080028ad   Thumb Code    12  shoot.o(i._Z11SHOOT_STARTv)
    ACC_TIM14_IT()                           0x080028c1   Thumb Code    20  msdriver.o(i._Z12ACC_TIM14_ITv)
    MOCALUN_Init()                           0x080028dd   Thumb Code    38  mocalun.o(i._Z12MOCALUN_Initv)
    MOCALUN_stop()                           0x08002909   Thumb Code    10  mocalun.o(i._Z12MOCALUN_stopv)
    SHOOT_TIM_IT()                           0x08002915   Thumb Code    26  shoot.o(i._Z12SHOOT_TIM_ITv)
    AIR_PUMP_Init()                          0x08002935   Thumb Code    68  air_pump.o(i._Z13AIR_PUMP_Initv)
    MOCALUN_start(int)                       0x08002981   Thumb Code    18  mocalun.o(i._Z13MOCALUN_starti)
    Task_Schedule()                          0x08002999   Thumb Code    12  task.o(i._Z13Task_Schedulev)
    Task_TIM_Init()                          0x080029a5   Thumb Code    10  task.o(i._Z13Task_TIM_Initv)
    set_acc_speed(int)                       0x080029b5   Thumb Code    54  msdriver.o(i._Z13set_acc_speedi)
    FIX_POS_DJ_Init()                        0x080029f1   Thumb Code    22  fix_pos_dj.o(i._Z15FIX_POS_DJ_Initv)
    FIX_POS_DJ_OPEN()                        0x08002a0d   Thumb Code    12  fix_pos_dj.o(i._Z15FIX_POS_DJ_OPENv)
    FIX_POS_DJ_CLOSE()                       0x08002a1d   Thumb Code    12  fix_pos_dj.o(i._Z16FIX_POS_DJ_CLOSEv)
    Task_10ms_TIM_IT(TIM_HandleTypeDef*)     0x08002a2d   Thumb Code    24  task.o(i._Z16Task_10ms_TIM_ITP17TIM_HandleTypeDef)
    ACC_TASK_SCHEDULE()                      0x08002a49   Thumb Code    50  msdriver.o(i._Z17ACC_TASK_SCHEDULEv)
    CAMERA_POS_DJ_Init()                     0x08002a89   Thumb Code    22  camera_pos_dj.o(i._Z18CAMERA_POS_DJ_Initv)
    SystemClock_Config()                     0x08002aa5   Thumb Code   174  main.o(i._Z18SystemClock_Configv)
    SHOOT_TASK_Schedule()                    0x08002b5d   Thumb Code   214  shoot.o(i._Z19SHOOT_TASK_Schedulev)
    MS_GO()                                  0x08002c41   Thumb Code    46  msdriver.o(i._Z5MS_GOv)
    MS_Init()                                0x08002c7d   Thumb Code   106  msdriver.o(i._Z7MS_Initv)
    get_dir()                                0x08002cf9   Thumb Code    22  msdriver.o(i._Z7get_dirv)
    set_dir(DIR_status)                      0x08002d15   Thumb Code    32  msdriver.o(i._Z7set_dir10DIR_status)
    GDM_EXTI(unsigned short)                 0x08002d39   Thumb Code   102  msdriver.o(i._Z8GDM_EXTIt)
    MS_GO_UP()                               0x08002da9   Thumb Code    32  msdriver.o(i._Z8MS_GO_UPv)
    Class_Motor::Get_Rotate_Direction_Flag() 0x08002dcd   Thumb Code     8  motor.o(i._ZN11Class_Motor25Get_Rotate_Direction_FlagEv)
    Class_Motor::Output()                    0x08002dd5   Thumb Code   166  motor.o(i._ZN11Class_Motor6OutputEv)
    Class_Chassis::Hall_Encoder_GPIO_EXTI_Callback(unsigned short) 0x08002e7b   Thumb Code    60  chassis.o(i._ZN13Class_Chassis31Hall_Encoder_GPIO_EXTI_CallbackEt)
    Class_Chassis::Calculate_TIM_PeriodElapsedCallback() 0x08002eb9   Thumb Code   732  chassis.o(i._ZN13Class_Chassis35Calculate_TIM_PeriodElapsedCallbackEv)
    Class_Motor_With_Hall_Encoder::Set_Omega_Target(float) 0x080031ad   Thumb Code     6  motor.o(i._ZN29Class_Motor_With_Hall_Encoder16Set_Omega_TargetEf)
    Class_Motor_With_Hall_Encoder::Hall_Encoder_GPIO_EXTI_Callback() 0x080031b3   Thumb Code    64  motor.o(i._ZN29Class_Motor_With_Hall_Encoder31Hall_Encoder_GPIO_EXTI_CallbackEv)
    Class_Motor_With_Hall_Encoder::Calculate_TIM_PeriodElapsedCallback() 0x080031f5   Thumb Code   316  motor.o(i._ZN29Class_Motor_With_Hall_Encoder35Calculate_TIM_PeriodElapsedCallbackEv)
    Class_Motor_With_Hall_Encoder::Class_Motor_With_Hall_Encoder() 0x08003335   Thumb Code   110  main.o(i._ZN29Class_Motor_With_Hall_EncoderC1Ev)
    Class_Motor_With_Hall_Encoder::Class_Motor_With_Hall_Encoder__sub_object() 0x08003335   Thumb Code     0  main.o(i._ZN29Class_Motor_With_Hall_EncoderC1Ev)
    Class_PID::Set_Target(float)             0x080039ad   Thumb Code     6  pid.o(i._ZN9Class_PID10Set_TargetEf)
    Class_PID::Adjust_TIM_PeriodElapsedCallback() 0x080039b5   Thumb Code   540  pid.o(i._ZN9Class_PID32Adjust_TIM_PeriodElapsedCallbackEv)
    Class_PID::Get_Out()                     0x08003bd5   Thumb Code     6  pid.o(i._ZN9Class_PID7Get_OutEv)
    Class_PID::Set_Now(float)                0x08003bdb   Thumb Code     6  pid.o(i._ZN9Class_PID7Set_NowEf)
    Class_PID::Class_PID()                   0x08003be1   Thumb Code   104  main.o(i._ZN9Class_PIDC1Ev)
    Class_PID::Class_PID__sub_object()       0x08003be1   Thumb Code     0  main.o(i._ZN9Class_PIDC1Ev)
    __aeabi_vec_ctor_nocookie_nodtor         0x08003c51   Thumb Code    36  aeabi_vec_ctor_nocookie_nodtor.o(i.__aeabi_vec_ctor_nocookie_nodtor)
    main                                     0x08003ca9   Thumb Code    92  main.o(i.main)
    void Math_Constrain<float>(T1*, T1, T1)  0x08003d0d   Thumb Code    40  chassis.o(t._Z14Math_ConstrainIfEvPT_S0_S0_)
    void Math_Constrain<int>(T1*, T1, T1)    0x08003d35   Thumb Code    20  motor.o(t._Z14Math_ConstrainIiEvPT_S0_S0_)
    T1 Math_Abs<float>(T1)                   0x08003d49   Thumb Code    26  pid.o(t._Z8Math_AbsIfET_S0_)
    T1 Math_Abs<int>(T1)                     0x08003d63   Thumb Code    14  motor.o(t._Z8Math_AbsIiET_S0_)
    __aeabi_d2f                              0x08003d71   Thumb Code     0  d2f.o(x$fpl$d2f)
    _d2f                                     0x08003d71   Thumb Code    98  d2f.o(x$fpl$d2f)
    __aeabi_dadd                             0x08003dd5   Thumb Code     0  daddsub_clz.o(x$fpl$dadd)
    _dadd                                    0x08003dd5   Thumb Code   332  daddsub_clz.o(x$fpl$dadd)
    __aeabi_ddiv                             0x08003f25   Thumb Code     0  ddiv.o(x$fpl$ddiv)
    _ddiv                                    0x08003f25   Thumb Code   552  ddiv.o(x$fpl$ddiv)
    __aeabi_i2d                              0x080041d5   Thumb Code     0  dflt_clz.o(x$fpl$dflt)
    _dflt                                    0x080041d5   Thumb Code    46  dflt_clz.o(x$fpl$dflt)
    __aeabi_dmul                             0x08004205   Thumb Code     0  dmul.o(x$fpl$dmul)
    _dmul                                    0x08004205   Thumb Code   332  dmul.o(x$fpl$dmul)
    __fpl_dnaninf                            0x08004359   Thumb Code   156  dnaninf.o(x$fpl$dnaninf)
    __fpl_dretinf                            0x080043f5   Thumb Code    12  dretinf.o(x$fpl$dretinf)
    __aeabi_dsub                             0x08004401   Thumb Code     0  daddsub_clz.o(x$fpl$dsub)
    _dsub                                    0x08004401   Thumb Code   464  daddsub_clz.o(x$fpl$dsub)
    __aeabi_f2d                              0x080045d5   Thumb Code     0  f2d.o(x$fpl$f2d)
    _f2d                                     0x080045d5   Thumb Code    86  f2d.o(x$fpl$f2d)
    __fpl_fnaninf                            0x0800462b   Thumb Code   140  fnaninf.o(x$fpl$fnaninf)
    _fp_init                                 0x080046b7   Thumb Code    10  fpinit.o(x$fpl$fpinit)
    __fplib_config_fpu_vfp                   0x080046bf   Thumb Code     0  fpinit.o(x$fpl$fpinit)
    __fplib_config_pureend_doubles           0x080046bf   Thumb Code     0  fpinit.o(x$fpl$fpinit)
    __fpl_fretinf                            0x080046c1   Thumb Code    10  fretinf.o(x$fpl$fretinf)
    __I$use$fp                               0x080046ca   Number         0  usenofp.o(x$fpl$usenofp)
    AHBPrescTable                            0x080046dc   Data          16  system_stm32f4xx.o(.constdata)
    APBPrescTable                            0x080046ec   Data           8  system_stm32f4xx.o(.constdata)
    Region$$Table$$Base                      0x080046f4   Number         0  anon$$obj.o(Region$$Table)
    Region$$Table$$Limit                     0x08004714   Number         0  anon$$obj.o(Region$$Table)
    SHT$$INIT_ARRAY$$Base                    0x08004714   Number         0  main.o(.init_array)
    SHT$$INIT_ARRAY$$Limit                   0x08004718   Number         0  init_aeabi.o(.init_array)
    cnt                                      0x20000000   Data           4  main.o(.data)
    uwTick                                   0x20000004   Data           4  stm32f4xx_hal.o(.data)
    uwTickPrio                               0x20000008   Data           4  stm32f4xx_hal.o(.data)
    uwTickFreq                               0x2000000c   Data           1  stm32f4xx_hal.o(.data)
    SystemCoreClock                          0x20000010   Data           4  system_stm32f4xx.o(.data)
    acc_cnt                                  0x20000014   Data           4  msdriver.o(.data)
    acc_id                                   0x20000018   Data           4  msdriver.o(.data)
    acc_time                                 0x2000001c   Data          44  msdriver.o(.data)
    time_counter                             0x20000048   Data           2  shoot.o(.data)
    taskid                                   0x2000004a   Data           1  shoot.o(.data)
    speed_para                               0x2000004c   Data           4  shoot.o(.data)
    Chassis                                  0x20000050   Data        1732  main.o(.bss)
    htim3                                    0x20000714   Data          72  tim.o(.bss)
    htim4                                    0x2000075c   Data          72  tim.o(.bss)
    htim5                                    0x200007a4   Data          72  tim.o(.bss)
    htim8                                    0x200007ec   Data          72  tim.o(.bss)
    htim11                                   0x20000834   Data          72  tim.o(.bss)
    htim13                                   0x2000087c   Data          72  tim.o(.bss)
    htim14                                   0x200008c4   Data          72  tim.o(.bss)
    huart2                                   0x2000090c   Data          72  usart.o(.bss)
    __libspace_start                         0x20000954   Data          96  libspace.o(.bss)
    __temporary_stack_top$libspace           0x200009b4   Data           0  libspace.o(.bss)



==============================================================================

Memory Map of the image

  Image Entry point : 0x08000189

  Load Region LR_IROM1 (Base: 0x08000000, Size: 0x00004768, Max: 0x00100000, ABSOLUTE)

    Execution Region ER_IROM1 (Exec base: 0x08000000, Load base: 0x08000000, Size: 0x00004718, Max: 0x00100000, ABSOLUTE)

    Exec Addr    Load Addr    Size         Type   Attr      Idx    E Section Name        Object

    0x08000000   0x08000000   0x00000188   Data   RO            3    RESET               startup_stm32f407xx.o
    0x08000188   0x08000188   0x00000008   Code   RO         4357  * !!!main             c_w.l(__main.o)
    0x08000190   0x08000190   0x00000034   Code   RO         4695    !!!scatter          c_w.l(__scatter.o)
    0x080001c4   0x080001c4   0x0000001a   Code   RO         4697    !!handler_copy      c_w.l(__scatter_copy.o)
    0x080001de   0x080001de   0x00000002   PAD
    0x080001e0   0x080001e0   0x0000001c   Code   RO         4699    !!handler_zi        c_w.l(__scatter_zi.o)
    0x080001fc   0x080001fc   0x00000002   Code   RO         4497    .ARM.Collect$$libinit$$00000000  c_w.l(libinit.o)
    0x080001fe   0x080001fe   0x00000004   Code   RO         4399    .ARM.Collect$$libinit$$00000001  c_w.l(libinit2.o)
    0x08000202   0x08000202   0x00000000   Code   RO         4402    .ARM.Collect$$libinit$$00000004  c_w.l(libinit2.o)
    0x08000202   0x08000202   0x00000000   Code   RO         4405    .ARM.Collect$$libinit$$0000000A  c_w.l(libinit2.o)
    0x08000202   0x08000202   0x00000000   Code   RO         4407    .ARM.Collect$$libinit$$0000000C  c_w.l(libinit2.o)
    0x08000202   0x08000202   0x00000000   Code   RO         4409    .ARM.Collect$$libinit$$0000000E  c_w.l(libinit2.o)
    0x08000202   0x08000202   0x00000000   Code   RO         4412    .ARM.Collect$$libinit$$00000011  c_w.l(libinit2.o)
    0x08000202   0x08000202   0x00000000   Code   RO         4414    .ARM.Collect$$libinit$$00000013  c_w.l(libinit2.o)
    0x08000202   0x08000202   0x00000000   Code   RO         4416    .ARM.Collect$$libinit$$00000015  c_w.l(libinit2.o)
    0x08000202   0x08000202   0x00000000   Code   RO         4418    .ARM.Collect$$libinit$$00000017  c_w.l(libinit2.o)
    0x08000202   0x08000202   0x00000000   Code   RO         4420    .ARM.Collect$$libinit$$00000019  c_w.l(libinit2.o)
    0x08000202   0x08000202   0x00000000   Code   RO         4422    .ARM.Collect$$libinit$$0000001B  c_w.l(libinit2.o)
    0x08000202   0x08000202   0x00000000   Code   RO         4424    .ARM.Collect$$libinit$$0000001D  c_w.l(libinit2.o)
    0x08000202   0x08000202   0x00000000   Code   RO         4426    .ARM.Collect$$libinit$$0000001F  c_w.l(libinit2.o)
    0x08000202   0x08000202   0x00000000   Code   RO         4428    .ARM.Collect$$libinit$$00000021  c_w.l(libinit2.o)
    0x08000202   0x08000202   0x00000000   Code   RO         4430    .ARM.Collect$$libinit$$00000023  c_w.l(libinit2.o)
    0x08000202   0x08000202   0x00000000   Code   RO         4432    .ARM.Collect$$libinit$$00000025  c_w.l(libinit2.o)
    0x08000202   0x08000202   0x00000000   Code   RO         4436    .ARM.Collect$$libinit$$0000002C  c_w.l(libinit2.o)
    0x08000202   0x08000202   0x00000000   Code   RO         4438    .ARM.Collect$$libinit$$0000002E  c_w.l(libinit2.o)
    0x08000202   0x08000202   0x00000000   Code   RO         4440    .ARM.Collect$$libinit$$00000030  c_w.l(libinit2.o)
    0x08000202   0x08000202   0x00000004   Code   RO         4441    .ARM.Collect$$libinit$$00000031  c_w.l(libinit2.o)
    0x08000206   0x08000206   0x00000000   Code   RO         4442    .ARM.Collect$$libinit$$00000032  c_w.l(libinit2.o)
    0x08000206   0x08000206   0x00000002   Code   RO         4443    .ARM.Collect$$libinit$$00000033  c_w.l(libinit2.o)
    0x08000208   0x08000208   0x00000002   Code   RO         4658    .ARM.Collect$$libshutdown$$00000000  c_w.l(libshutdown.o)
    0x0800020a   0x0800020a   0x00000000   Code   RO         4674    .ARM.Collect$$libshutdown$$00000002  c_w.l(libshutdown2.o)
    0x0800020a   0x0800020a   0x00000000   Code   RO         4676    .ARM.Collect$$libshutdown$$00000004  c_w.l(libshutdown2.o)
    0x0800020a   0x0800020a   0x00000000   Code   RO         4679    .ARM.Collect$$libshutdown$$00000007  c_w.l(libshutdown2.o)
    0x0800020a   0x0800020a   0x00000000   Code   RO         4682    .ARM.Collect$$libshutdown$$0000000A  c_w.l(libshutdown2.o)
    0x0800020a   0x0800020a   0x00000000   Code   RO         4684    .ARM.Collect$$libshutdown$$0000000C  c_w.l(libshutdown2.o)
    0x0800020a   0x0800020a   0x00000000   Code   RO         4687    .ARM.Collect$$libshutdown$$0000000F  c_w.l(libshutdown2.o)
    0x0800020a   0x0800020a   0x00000002   Code   RO         4688    .ARM.Collect$$libshutdown$$00000010  c_w.l(libshutdown2.o)
    0x0800020c   0x0800020c   0x00000000   Code   RO         4394    .ARM.Collect$$rtentry$$00000000  c_w.l(__rtentry.o)
    0x0800020c   0x0800020c   0x00000000   Code   RO         4457    .ARM.Collect$$rtentry$$00000002  c_w.l(__rtentry2.o)
    0x0800020c   0x0800020c   0x00000006   Code   RO         4469    .ARM.Collect$$rtentry$$00000004  c_w.l(__rtentry4.o)
    0x08000212   0x08000212   0x00000000   Code   RO         4459    .ARM.Collect$$rtentry$$00000009  c_w.l(__rtentry2.o)
    0x08000212   0x08000212   0x00000004   Code   RO         4460    .ARM.Collect$$rtentry$$0000000A  c_w.l(__rtentry2.o)
    0x08000216   0x08000216   0x00000000   Code   RO         4462    .ARM.Collect$$rtentry$$0000000C  c_w.l(__rtentry2.o)
    0x08000216   0x08000216   0x00000008   Code   RO         4463    .ARM.Collect$$rtentry$$0000000D  c_w.l(__rtentry2.o)
    0x0800021e   0x0800021e   0x00000002   Code   RO         4510    .ARM.Collect$$rtexit$$00000000  c_w.l(rtexit.o)
    0x08000220   0x08000220   0x00000000   Code   RO         4598    .ARM.Collect$$rtexit$$00000002  c_w.l(rtexit2.o)
    0x08000220   0x08000220   0x00000004   Code   RO         4599    .ARM.Collect$$rtexit$$00000003  c_w.l(rtexit2.o)
    0x08000224   0x08000224   0x00000006   Code   RO         4600    .ARM.Collect$$rtexit$$00000004  c_w.l(rtexit2.o)
    0x0800022a   0x0800022a   0x00000002   PAD
    0x0800022c   0x0800022c   0x00000040   Code   RO            4    .text               startup_stm32f407xx.o
    0x0800026c   0x0800026c   0x000000ee   Code   RO         4349    .text               c_w.l(lludivv7m.o)
    0x0800035a   0x0800035a   0x0000004e   Code   RO         4353    .text               c_w.l(rt_memclr_w.o)
    0x080003a8   0x080003a8   0x00000006   Code   RO         4355    .text               c_w.l(heapauxi.o)
    0x080003ae   0x080003ae   0x00000002   PAD
    0x080003b0   0x080003b0   0x00000024   Code   RO         4362    .text               c_w.l(init_aeabi.o)
    0x080003d4   0x080003d4   0x0000004a   Code   RO         4480    .text               c_w.l(sys_stackheap_outer.o)
    0x0800041e   0x0800041e   0x00000012   Code   RO         4482    .text               c_w.l(exit.o)
    0x08000430   0x08000430   0x00000008   Code   RO         4507    .text               c_w.l(libspace.o)
    0x08000438   0x08000438   0x0000000c   Code   RO         4590    .text               c_w.l(sys_exit.o)
    0x08000444   0x08000444   0x00000002   Code   RO         4592    .text               c_w.l(use_no_semi.o)
    0x08000446   0x08000446   0x00000000   Code   RO         4596    .text               c_w.l(indicate_semi.o)
    0x08000446   0x08000446   0x00000004   Code   RO          449    i.BusFault_Handler  stm32f4xx_it.o
    0x0800044a   0x0800044a   0x00000002   Code   RO          450    i.DebugMon_Handler  stm32f4xx_it.o
    0x0800044c   0x0800044c   0x0000000a   Code   RO          451    i.EXTI0_IRQHandler  stm32f4xx_it.o
    0x08000456   0x08000456   0x00000014   Code   RO          452    i.EXTI15_10_IRQHandler  stm32f4xx_it.o
    0x0800046a   0x0800046a   0x0000000a   Code   RO          453    i.EXTI1_IRQHandler  stm32f4xx_it.o
    0x08000474   0x08000474   0x0000000a   Code   RO          454    i.EXTI3_IRQHandler  stm32f4xx_it.o
    0x0800047e   0x0800047e   0x0000000a   Code   RO          455    i.EXTI4_IRQHandler  stm32f4xx_it.o
    0x08000488   0x08000488   0x00000006   Code   RO           13    i.Error_Handler     main.o
    0x0800048e   0x0800048e   0x000000ac   Code   RO         2364    i.HAL_DMA_Abort     stm32f4xx_hal_dma.o
    0x0800053a   0x0800053a   0x00000028   Code   RO         2365    i.HAL_DMA_Abort_IT  stm32f4xx_hal_dma.o
    0x08000562   0x08000562   0x00000002   PAD
    0x08000564   0x08000564   0x00000028   Code   RO         2856    i.HAL_Delay         stm32f4xx_hal.o
    0x0800058c   0x0800058c   0x00000028   Code   RO          456    i.HAL_GPIO_EXTI_Callback  stm32f4xx_it.o
    0x080005b4   0x080005b4   0x0000001c   Code   RO         2247    i.HAL_GPIO_EXTI_IRQHandler  stm32f4xx_hal_gpio.o
    0x080005d0   0x080005d0   0x000001f4   Code   RO         2248    i.HAL_GPIO_Init     stm32f4xx_hal_gpio.o
    0x080007c4   0x080007c4   0x00000010   Code   RO         2250    i.HAL_GPIO_ReadPin  stm32f4xx_hal_gpio.o
    0x080007d4   0x080007d4   0x0000000c   Code   RO         2252    i.HAL_GPIO_WritePin  stm32f4xx_hal_gpio.o
    0x080007e0   0x080007e0   0x0000000c   Code   RO         2862    i.HAL_GetTick       stm32f4xx_hal.o
    0x080007ec   0x080007ec   0x00000018   Code   RO         2868    i.HAL_IncTick       stm32f4xx_hal.o
    0x08000804   0x08000804   0x0000003c   Code   RO         2869    i.HAL_Init          stm32f4xx_hal.o
    0x08000840   0x08000840   0x0000004c   Code   RO         2870    i.HAL_InitTick      stm32f4xx_hal.o
    0x0800088c   0x0800088c   0x00000058   Code   RO          625    i.HAL_MspInit       stm32f4xx_hal_msp.o
    0x080008e4   0x080008e4   0x00000028   Code   RO         2688    i.HAL_NVIC_EnableIRQ  stm32f4xx_hal_cortex.o
    0x0800090c   0x0800090c   0x0000007c   Code   RO         2694    i.HAL_NVIC_SetPriority  stm32f4xx_hal_cortex.o
    0x08000988   0x08000988   0x00000028   Code   RO         2695    i.HAL_NVIC_SetPriorityGrouping  stm32f4xx_hal_cortex.o
    0x080009b0   0x080009b0   0x00000184   Code   RO         1796    i.HAL_RCC_ClockConfig  stm32f4xx_hal_rcc.o
    0x08000b34   0x08000b34   0x0000000c   Code   RO         1801    i.HAL_RCC_GetHCLKFreq  stm32f4xx_hal_rcc.o
    0x08000b40   0x08000b40   0x00000020   Code   RO         1803    i.HAL_RCC_GetPCLK1Freq  stm32f4xx_hal_rcc.o
    0x08000b60   0x08000b60   0x00000020   Code   RO         1804    i.HAL_RCC_GetPCLK2Freq  stm32f4xx_hal_rcc.o
    0x08000b80   0x08000b80   0x000000b0   Code   RO         1805    i.HAL_RCC_GetSysClockFreq  stm32f4xx_hal_rcc.o
    0x08000c30   0x08000c30   0x0000049c   Code   RO         1808    i.HAL_RCC_OscConfig  stm32f4xx_hal_rcc.o
    0x080010cc   0x080010cc   0x00000034   Code   RO         2699    i.HAL_SYSTICK_Config  stm32f4xx_hal_cortex.o
    0x08001100   0x08001100   0x00000002   Code   RO         1486    i.HAL_TIMEx_BreakCallback  stm32f4xx_hal_tim_ex.o
    0x08001102   0x08001102   0x00000002   Code   RO         1487    i.HAL_TIMEx_CommutCallback  stm32f4xx_hal_tim_ex.o
    0x08001104   0x08001104   0x00000074   Code   RO         1489    i.HAL_TIMEx_ConfigBreakDeadTime  stm32f4xx_hal_tim_ex.o
    0x08001178   0x08001178   0x000000b4   Code   RO         1505    i.HAL_TIMEx_MasterConfigSynchronization  stm32f4xx_hal_tim_ex.o
    0x0800122c   0x0800122c   0x00000066   Code   RO          652    i.HAL_TIM_Base_Init  stm32f4xx_hal_tim.o
    0x08001292   0x08001292   0x00000002   PAD
    0x08001294   0x08001294   0x00000120   Code   RO          297    i.HAL_TIM_Base_MspInit  tim.o
    0x080013b4   0x080013b4   0x000000a8   Code   RO          657    i.HAL_TIM_Base_Start_IT  stm32f4xx_hal_tim.o
    0x0800145c   0x0800145c   0x0000010c   Code   RO          661    i.HAL_TIM_ConfigClockSource  stm32f4xx_hal_tim.o
    0x08001568   0x08001568   0x00000002   Code   RO          686    i.HAL_TIM_IC_CaptureCallback  stm32f4xx_hal_tim.o
    0x0800156a   0x0800156a   0x0000016c   Code   RO          700    i.HAL_TIM_IRQHandler  stm32f4xx_hal_tim.o
    0x080016d6   0x080016d6   0x00000002   PAD
    0x080016d8   0x080016d8   0x000001c8   Code   RO          298    i.HAL_TIM_MspPostInit  tim.o
    0x080018a0   0x080018a0   0x00000002   Code   RO          703    i.HAL_TIM_OC_DelayElapsedCallback  stm32f4xx_hal_tim.o
    0x080018a2   0x080018a2   0x00000104   Code   RO          724    i.HAL_TIM_PWM_ConfigChannel  stm32f4xx_hal_tim.o
    0x080019a6   0x080019a6   0x00000066   Code   RO          727    i.HAL_TIM_PWM_Init  stm32f4xx_hal_tim.o
    0x08001a0c   0x08001a0c   0x00000088   Code   RO          300    i.HAL_TIM_PWM_MspInit  tim.o
    0x08001a94   0x08001a94   0x00000002   Code   RO          730    i.HAL_TIM_PWM_PulseFinishedCallback  stm32f4xx_hal_tim.o
    0x08001a96   0x08001a96   0x00000002   PAD
    0x08001a98   0x08001a98   0x0000010c   Code   RO          732    i.HAL_TIM_PWM_Start  stm32f4xx_hal_tim.o
    0x08001ba4   0x08001ba4   0x00000020   Code   RO          457    i.HAL_TIM_PeriodElapsedCallback  stm32f4xx_it.o
    0x08001bc4   0x08001bc4   0x00000002   Code   RO          743    i.HAL_TIM_TriggerCallback  stm32f4xx_hal_tim.o
    0x08001bc6   0x08001bc6   0x00000002   Code   RO         3155    i.HAL_UARTEx_RxEventCallback  stm32f4xx_hal_uart.o
    0x08001bc8   0x08001bc8   0x00000002   Code   RO         3169    i.HAL_UART_ErrorCallback  stm32f4xx_hal_uart.o
    0x08001bca   0x08001bca   0x00000002   PAD
    0x08001bcc   0x08001bcc   0x000002e8   Code   RO         3172    i.HAL_UART_IRQHandler  stm32f4xx_hal_uart.o
    0x08001eb4   0x08001eb4   0x00000076   Code   RO         3173    i.HAL_UART_Init     stm32f4xx_hal_uart.o
    0x08001f2a   0x08001f2a   0x00000002   PAD
    0x08001f2c   0x08001f2c   0x00000098   Code   RO          405    i.HAL_UART_MspInit  usart.o
    0x08001fc4   0x08001fc4   0x00000002   Code   RO         3179    i.HAL_UART_RxCpltCallback  stm32f4xx_hal_uart.o
    0x08001fc6   0x08001fc6   0x00000002   Code   RO         3184    i.HAL_UART_TxCpltCallback  stm32f4xx_hal_uart.o
    0x08001fc8   0x08001fc8   0x00000004   Code   RO          458    i.HardFault_Handler  stm32f4xx_it.o
    0x08001fcc   0x08001fcc   0x000002c4   Code   RO          211    i.MX_GPIO_Init      gpio.o
    0x08002290   0x08002290   0x0000006c   Code   RO          301    i.MX_TIM11_Init     tim.o
    0x080022fc   0x080022fc   0x00000070   Code   RO          302    i.MX_TIM13_Init     tim.o
    0x0800236c   0x0800236c   0x00000034   Code   RO          303    i.MX_TIM14_Init     tim.o
    0x080023a0   0x080023a0   0x000000ac   Code   RO          304    i.MX_TIM3_Init      tim.o
    0x0800244c   0x0800244c   0x000000a4   Code   RO          305    i.MX_TIM4_Init      tim.o
    0x080024f0   0x080024f0   0x0000006c   Code   RO          306    i.MX_TIM5_Init      tim.o
    0x0800255c   0x0800255c   0x000000c0   Code   RO          307    i.MX_TIM8_Init      tim.o
    0x0800261c   0x0800261c   0x00000038   Code   RO          406    i.MX_USART2_UART_Init  usart.o
    0x08002654   0x08002654   0x00000004   Code   RO          459    i.MemManage_Handler  stm32f4xx_it.o
    0x08002658   0x08002658   0x00000004   Code   RO          460    i.NMI_Handler       stm32f4xx_it.o
    0x0800265c   0x0800265c   0x00000002   Code   RO          461    i.PendSV_Handler    stm32f4xx_it.o
    0x0800265e   0x0800265e   0x00000002   Code   RO          462    i.RCC_IRQHandler    stm32f4xx_it.o
    0x08002660   0x08002660   0x00000002   Code   RO          463    i.SVC_Handler       stm32f4xx_it.o
    0x08002662   0x08002662   0x00000008   Code   RO          464    i.SysTick_Handler   stm32f4xx_it.o
    0x0800266a   0x0800266a   0x00000002   PAD
    0x0800266c   0x0800266c   0x00000014   Code   RO         3579    i.SystemInit        system_stm32f4xx.o
    0x08002680   0x08002680   0x00000010   Code   RO          465    i.TIM3_IRQHandler   stm32f4xx_it.o
    0x08002690   0x08002690   0x00000010   Code   RO          466    i.TIM4_IRQHandler   stm32f4xx_it.o
    0x080026a0   0x080026a0   0x00000010   Code   RO          467    i.TIM5_IRQHandler   stm32f4xx_it.o
    0x080026b0   0x080026b0   0x00000018   Code   RO          468    i.TIM8_TRG_COM_TIM14_IRQHandler  stm32f4xx_it.o
    0x080026c8   0x080026c8   0x000000e8   Code   RO          745    i.TIM_Base_SetConfig  stm32f4xx_hal_tim.o
    0x080027b0   0x080027b0   0x00000022   Code   RO          746    i.TIM_CCxChannelCmd  stm32f4xx_hal_tim.o
    0x080027d2   0x080027d2   0x00000016   Code   RO          751    i.TIM_ETR_SetConfig  stm32f4xx_hal_tim.o
    0x080027e8   0x080027e8   0x0000007c   Code   RO          752    i.TIM_OC2_SetConfig  stm32f4xx_hal_tim.o
    0x08002864   0x08002864   0x00000010   Code   RO          469    i.USART2_IRQHandler  stm32f4xx_it.o
    0x08002874   0x08002874   0x00000004   Code   RO          470    i.UsageFault_Handler  stm32f4xx_it.o
    0x08002878   0x08002878   0x00000024   Code   RO         3617    i._Z10MS_GO_DOWNv   msdriver.o
    0x0800289c   0x0800289c   0x00000010   Code   RO         3799    i._Z10SHOOT_Initv   shoot.o
    0x080028ac   0x080028ac   0x00000014   Code   RO         3800    i._Z11SHOOT_STARTv  shoot.o
    0x080028c0   0x080028c0   0x0000001c   Code   RO         3618    i._Z12ACC_TIM14_ITv  msdriver.o
    0x080028dc   0x080028dc   0x0000002c   Code   RO         3757    i._Z12MOCALUN_Initv  mocalun.o
    0x08002908   0x08002908   0x0000000a   Code   RO         3758    i._Z12MOCALUN_stopv  mocalun.o
    0x08002912   0x08002912   0x00000002   PAD
    0x08002914   0x08002914   0x00000020   Code   RO         3802    i._Z12SHOOT_TIM_ITv  shoot.o
    0x08002934   0x08002934   0x0000004c   Code   RO         3900    i._Z13AIR_PUMP_Initv  air_pump.o
    0x08002980   0x08002980   0x00000018   Code   RO         3759    i._Z13MOCALUN_starti  mocalun.o
    0x08002998   0x08002998   0x0000000c   Code   RO         4308    i._Z13Task_Schedulev  task.o
    0x080029a4   0x080029a4   0x00000010   Code   RO         4309    i._Z13Task_TIM_Initv  task.o
    0x080029b4   0x080029b4   0x0000003c   Code   RO         3619    i._Z13set_acc_speedi  msdriver.o
    0x080029f0   0x080029f0   0x0000001c   Code   RO         3715    i._Z15FIX_POS_DJ_Initv  fix_pos_dj.o
    0x08002a0c   0x08002a0c   0x00000010   Code   RO         3716    i._Z15FIX_POS_DJ_OPENv  fix_pos_dj.o
    0x08002a1c   0x08002a1c   0x00000010   Code   RO         3717    i._Z16FIX_POS_DJ_CLOSEv  fix_pos_dj.o
    0x08002a2c   0x08002a2c   0x0000001c   Code   RO         4310    i._Z16Task_10ms_TIM_ITP17TIM_HandleTypeDef  task.o
    0x08002a48   0x08002a48   0x00000040   Code   RO         3620    i._Z17ACC_TASK_SCHEDULEv  msdriver.o
    0x08002a88   0x08002a88   0x0000001c   Code   RO         4273    i._Z18CAMERA_POS_DJ_Initv  camera_pos_dj.o
    0x08002aa4   0x08002aa4   0x000000b8   Code   RO           14    i._Z18SystemClock_Configv  main.o
    0x08002b5c   0x08002b5c   0x000000e4   Code   RO         3804    i._Z19SHOOT_TASK_Schedulev  shoot.o
    0x08002c40   0x08002c40   0x0000003c   Code   RO         3621    i._Z5MS_GOv         msdriver.o
    0x08002c7c   0x08002c7c   0x0000007c   Code   RO         3622    i._Z7MS_Initv       msdriver.o
    0x08002cf8   0x08002cf8   0x0000001c   Code   RO         3623    i._Z7get_dirv       msdriver.o
    0x08002d14   0x08002d14   0x00000024   Code   RO         3624    i._Z7set_dir10DIR_status  msdriver.o
    0x08002d38   0x08002d38   0x00000070   Code   RO         3625    i._Z8GDM_EXTIt      msdriver.o
    0x08002da8   0x08002da8   0x00000024   Code   RO         3626    i._Z8MS_GO_UPv      msdriver.o
    0x08002dcc   0x08002dcc   0x00000008   Code   RO         4010    i._ZN11Class_Motor25Get_Rotate_Direction_FlagEv  motor.o
    0x08002dd4   0x08002dd4   0x000000a6   Code   RO         4013    i._ZN11Class_Motor6OutputEv  motor.o
    0x08002e7a   0x08002e7a   0x0000003c   Code   RO         3944    i._ZN13Class_Chassis31Hall_Encoder_GPIO_EXTI_CallbackEt  chassis.o
    0x08002eb6   0x08002eb6   0x00000002   PAD
    0x08002eb8   0x08002eb8   0x000002f4   Code   RO         3945    i._ZN13Class_Chassis35Calculate_TIM_PeriodElapsedCallbackEv  chassis.o
    0x080031ac   0x080031ac   0x00000006   Code   RO         4019    i._ZN29Class_Motor_With_Hall_Encoder16Set_Omega_TargetEf  motor.o
    0x080031b2   0x080031b2   0x00000040   Code   RO         4023    i._ZN29Class_Motor_With_Hall_Encoder31Hall_Encoder_GPIO_EXTI_CallbackEv  motor.o
    0x080031f2   0x080031f2   0x00000002   PAD
    0x080031f4   0x080031f4   0x00000140   Code   RO         4024    i._ZN29Class_Motor_With_Hall_Encoder35Calculate_TIM_PeriodElapsedCallbackEv  motor.o
    0x08003334   0x08003334   0x0000007c   Code   RO           58    i._ZN29Class_Motor_With_Hall_EncoderC1Ev  main.o
    0x080033b0   0x080033b0   0x00000070   Code   RO          754    i._ZN41_INTERNAL_19_stm32f4xx_hal_tim_c_a9d95b5217TIM_OC1_SetConfigEP11TIM_TypeDefPK18TIM_OC_InitTypeDef  stm32f4xx_hal_tim.o
    0x08003420   0x08003420   0x00000078   Code   RO          755    i._ZN41_INTERNAL_19_stm32f4xx_hal_tim_c_a9d95b5217TIM_OC3_SetConfigEP11TIM_TypeDefPK18TIM_OC_InitTypeDef  stm32f4xx_hal_tim.o
    0x08003498   0x08003498   0x00000054   Code   RO          756    i._ZN41_INTERNAL_19_stm32f4xx_hal_tim_c_a9d95b5217TIM_OC4_SetConfigEP11TIM_TypeDefPK18TIM_OC_InitTypeDef  stm32f4xx_hal_tim.o
    0x080034ec   0x080034ec   0x00000012   Code   RO          761    i._ZN41_INTERNAL_19_stm32f4xx_hal_tim_c_a9d95b5218TIM_ITRx_SetConfigEP11TIM_TypeDefj  stm32f4xx_hal_tim.o
    0x080034fe   0x080034fe   0x00000026   Code   RO          766    i._ZN41_INTERNAL_19_stm32f4xx_hal_tim_c_a9d95b5224TIM_TI1_ConfigInputStageEP11TIM_TypeDefjj  stm32f4xx_hal_tim.o
    0x08003524   0x08003524   0x00000028   Code   RO          767    i._ZN41_INTERNAL_19_stm32f4xx_hal_tim_c_a9d95b5224TIM_TI2_ConfigInputStageEP11TIM_TypeDefjj  stm32f4xx_hal_tim.o
    0x0800354c   0x0800354c   0x0000022c   Code   RO         3189    i._ZN42_INTERNAL_20_stm32f4xx_hal_uart_c_d497114f14UART_SetConfigEP20__UART_HandleTypeDef  stm32f4xx_hal_uart.o
    0x08003778   0x08003778   0x000000fc   Code   RO         3190    i._ZN42_INTERNAL_20_stm32f4xx_hal_uart_c_d497114f15UART_Receive_ITEP20__UART_HandleTypeDef  stm32f4xx_hal_uart.o
    0x08003874   0x08003874   0x00000060   Code   RO         3191    i._ZN42_INTERNAL_20_stm32f4xx_hal_uart_c_d497114f16UART_Transmit_ITEP20__UART_HandleTypeDef  stm32f4xx_hal_uart.o
    0x080038d4   0x080038d4   0x0000006c   Code   RO         3194    i._ZN42_INTERNAL_20_stm32f4xx_hal_uart_c_d497114f18UART_EndRxTransferEP20__UART_HandleTypeDef  stm32f4xx_hal_uart.o
    0x08003940   0x08003940   0x00000020   Code   RO         3197    i._ZN42_INTERNAL_20_stm32f4xx_hal_uart_c_d497114f19UART_EndTransmit_ITEP20__UART_HandleTypeDef  stm32f4xx_hal_uart.o
    0x08003960   0x08003960   0x00000014   Code   RO         3198    i._ZN42_INTERNAL_20_stm32f4xx_hal_uart_c_d497114f20UART_DMAAbortOnErrorEP19__DMA_HandleTypeDef  stm32f4xx_hal_uart.o
    0x08003974   0x08003974   0x00000028   Code   RO         2701    i._ZN44_INTERNAL_22_stm32f4xx_hal_cortex_c_2992dbc018__NVIC_SetPriorityE9IRQn_Typej  stm32f4xx_hal_cortex.o
    0x0800399c   0x0800399c   0x00000010   Code   RO         2702    i._ZN44_INTERNAL_22_stm32f4xx_hal_cortex_c_2992dbc026__NVIC_GetPriorityGroupingEv  stm32f4xx_hal_cortex.o
    0x080039ac   0x080039ac   0x00000006   Code   RO         4158    i._ZN9Class_PID10Set_TargetEf  pid.o
    0x080039b2   0x080039b2   0x00000002   PAD
    0x080039b4   0x080039b4   0x00000220   Code   RO         4166    i._ZN9Class_PID32Adjust_TIM_PeriodElapsedCallbackEv  pid.o
    0x08003bd4   0x08003bd4   0x00000006   Code   RO         4168    i._ZN9Class_PID7Get_OutEv  pid.o
    0x08003bda   0x08003bda   0x00000006   Code   RO         4172    i._ZN9Class_PID7Set_NowEf  pid.o
    0x08003be0   0x08003be0   0x00000070   Code   RO           55    i._ZN9Class_PIDC1Ev  main.o
    0x08003c50   0x08003c50   0x00000024   Code   RO         4365    i.__aeabi_vec_ctor_nocookie_nodtor  cpprt_w.l(aeabi_vec_ctor_nocookie_nodtor.o)
    0x08003c74   0x08003c74   0x00000034   Code   RO           15    i.__sti___6_main_c_Chassis  main.o
    0x08003ca8   0x08003ca8   0x00000064   Code   RO           16    i.main              main.o
    0x08003d0c   0x08003d0c   0x00000028   Code   RO         3984    t._Z14Math_ConstrainIfEvPT_S0_S0_  chassis.o
    0x08003d34   0x08003d34   0x00000014   Code   RO         4145    t._Z14Math_ConstrainIiEvPT_S0_S0_  motor.o
    0x08003d48   0x08003d48   0x0000001a   Code   RO         4260    t._Z8Math_AbsIfET_S0_  pid.o
    0x08003d62   0x08003d62   0x0000000e   Code   RO         4138    t._Z8Math_AbsIiET_S0_  motor.o
    0x08003d70   0x08003d70   0x00000062   Code   RO         4368    x$fpl$d2f           fz_wm.l(d2f.o)
    0x08003dd2   0x08003dd2   0x00000002   PAD
    0x08003dd4   0x08003dd4   0x00000150   Code   RO         4370    x$fpl$dadd          fz_wm.l(daddsub_clz.o)
    0x08003f24   0x08003f24   0x000002b0   Code   RO         4377    x$fpl$ddiv          fz_wm.l(ddiv.o)
    0x080041d4   0x080041d4   0x0000002e   Code   RO         4385    x$fpl$dflt          fz_wm.l(dflt_clz.o)
    0x08004202   0x08004202   0x00000002   PAD
    0x08004204   0x08004204   0x00000154   Code   RO         4390    x$fpl$dmul          fz_wm.l(dmul.o)
    0x08004358   0x08004358   0x0000009c   Code   RO         4447    x$fpl$dnaninf       fz_wm.l(dnaninf.o)
    0x080043f4   0x080043f4   0x0000000c   Code   RO         4449    x$fpl$dretinf       fz_wm.l(dretinf.o)
    0x08004400   0x08004400   0x000001d4   Code   RO         4372    x$fpl$dsub          fz_wm.l(daddsub_clz.o)
    0x080045d4   0x080045d4   0x00000056   Code   RO         4392    x$fpl$f2d           fz_wm.l(f2d.o)
    0x0800462a   0x0800462a   0x0000008c   Code   RO         4451    x$fpl$fnaninf       fz_wm.l(fnaninf.o)
    0x080046b6   0x080046b6   0x0000000a   Code   RO         4478    x$fpl$fpinit        fz_wm.l(fpinit.o)
    0x080046c0   0x080046c0   0x0000000a   Code   RO         4453    x$fpl$fretinf       fz_wm.l(fretinf.o)
    0x080046ca   0x080046ca   0x00000000   Code   RO         4455    x$fpl$usenofp       fz_wm.l(usenofp.o)
    0x080046ca   0x080046ca   0x00000002   PAD
    0x080046cc   0x080046cc   0x00000010   Data   RO           22    .constdata          main.o
    0x080046dc   0x080046dc   0x00000018   Data   RO         3582    .constdata          system_stm32f4xx.o
    0x080046f4   0x080046f4   0x00000020   Data   RO         4693    Region$$Table       anon$$obj.o
    0x08004714   0x08004714   0x00000004   Data   RO           24    .init_array         main.o
    0x08004718   0x08004714   0x00000000   Data   RO         4360    .init_array         c_w.l(init_aeabi.o)


    Execution Region RW_IRAM1 (Exec base: 0x20000000, Load base: 0x08004718, Size: 0x00000fb8, Max: 0x0001c000, ABSOLUTE)

    Exec Addr    Load Addr    Size         Type   Attr      Idx    E Section Name        Object

    0x20000000   0x08004718   0x00000004   Data   RW           23    .data               main.o
    0x20000004   0x0800471c   0x00000009   Data   RW         2903    .data               stm32f4xx_hal.o
    0x2000000d   0x08004725   0x00000003   PAD
    0x20000010   0x08004728   0x00000004   Data   RW         3583    .data               system_stm32f4xx.o
    0x20000014   0x0800472c   0x00000034   Data   RW         3637    .data               msdriver.o
    0x20000048   0x08004760   0x00000008   Data   RW         3811    .data               shoot.o
    0x20000050        -       0x000006c4   Zero   RW           21    .bss                main.o
    0x20000714        -       0x000001f8   Zero   RW          320    .bss                tim.o
    0x2000090c        -       0x00000048   Zero   RW          410    .bss                usart.o
    0x20000954        -       0x00000060   Zero   RW         4508    .bss                c_w.l(libspace.o)
    0x200009b4   0x08004768   0x00000004   PAD
    0x200009b8        -       0x00000200   Zero   RW            2    HEAP                startup_stm32f407xx.o
    0x20000bb8        -       0x00000400   Zero   RW            1    STACK               startup_stm32f407xx.o


    Execution Region RW_IRAM2 (Exec base: 0x2001c000, Load base: 0x08004768, Size: 0x00000000, Max: 0x00004000, ABSOLUTE)

    **** No section assigned to this execution region ****


==============================================================================

Image component sizes


      Code (inc. data)   RO Data    RW Data    ZI Data      Debug   Object Name

        76          8          0          0          0        508   air_pump.o
        28          6          0          0          0        509   camera_pos_dj.o
       856         24          0          0          0       6741   chassis.o
        60         14          0          0          0       1439   fix_pos_dj.o
       708         28          0          0          0     685179   gpio.o
       578         52         20          4       1732     683838   main.o
        78         12          0          0          0       1486   mocalun.o
       598          4          0          0          0       4204   motor.o
       584         88          0         52          0       6030   msdriver.o
       588          4          0          0          0       2891   pid.o
       296         28          0          8          0       2325   shoot.o
        64         26        392          0       1536        844   startup_stm32f407xx.o
       212         36          0          9          0       9581   stm32f4xx_hal.o
       312         22          0          0          0      34359   stm32f4xx_hal_cortex.o
       212          0          0          0          0       2131   stm32f4xx_hal_dma.o
       556         50          0          0          0       3606   stm32f4xx_hal_gpio.o
        88          4          0          0          0       1038   stm32f4xx_hal_msp.o
      1820         84          0          0          0       5800   stm32f4xx_hal_rcc.o
      2364        142          0          0          0      16266   stm32f4xx_hal_tim.o
       300         30          0          0          0       3533   stm32f4xx_hal_tim_ex.o
      1934         14          0          0          0       9768   stm32f4xx_hal_uart.o
       256         44          0          0          0      11439   stm32f4xx_it.o
        20          6         24          4          0       1303   system_stm32f4xx.o
        56         10          0          0          0       1939   task.o
      1788        144          0          0        504       7734   tim.o
       208         24          0          0         72       1878   usart.o

    ----------------------------------------------------------------------
     14662        904        468         80       3844    1506369   Object Totals
         0          0         32          0          0          0   (incl. Generated)
        22          0          0          3          0          0   (incl. Padding)

    ----------------------------------------------------------------------

      Code (inc. data)   RO Data    RW Data    ZI Data      Debug   Library Member Name

         8          0          0          0          0         68   __main.o
         0          0          0          0          0          0   __rtentry.o
        12          0          0          0          0          0   __rtentry2.o
         6          0          0          0          0          0   __rtentry4.o
        52          8          0          0          0          0   __scatter.o
        26          0          0          0          0          0   __scatter_copy.o
        28          0          0          0          0          0   __scatter_zi.o
        18          0          0          0          0         80   exit.o
         6          0          0          0          0        152   heapauxi.o
         0          0          0          0          0          0   indicate_semi.o
        36         10          0          0          0         80   init_aeabi.o
         2          0          0          0          0          0   libinit.o
        10          0          0          0          0          0   libinit2.o
         2          0          0          0          0          0   libshutdown.o
         2          0          0          0          0          0   libshutdown2.o
         8          4          0          0         96         68   libspace.o
       238          0          0          0          0        100   lludivv7m.o
        78          0          0          0          0         80   rt_memclr_w.o
         2          0          0          0          0          0   rtexit.o
        10          0          0          0          0          0   rtexit2.o
        12          4          0          0          0         68   sys_exit.o
        74          0          0          0          0         80   sys_stackheap_outer.o
         2          0          0          0          0         68   use_no_semi.o
        36          0          0          0          0         84   aeabi_vec_ctor_nocookie_nodtor.o
        98          4          0          0          0        140   d2f.o
       804         16          0          0          0        368   daddsub_clz.o
       688        140          0          0          0        256   ddiv.o
        46          0          0          0          0        116   dflt_clz.o
       340         12          0          0          0        152   dmul.o
       156          4          0          0          0        140   dnaninf.o
        12          0          0          0          0        116   dretinf.o
        86          4          0          0          0        132   f2d.o
       140          4          0          0          0        132   fnaninf.o
        10          0          0          0          0        116   fpinit.o
        10          0          0          0          0        116   fretinf.o
         0          0          0          0          0          0   usenofp.o

    ----------------------------------------------------------------------
      3070        210          0          0        100       2712   Library Totals
        12          0          0          0          4          0   (incl. Padding)

    ----------------------------------------------------------------------

      Code (inc. data)   RO Data    RW Data    ZI Data      Debug   Library Name

       632         26          0          0         96        844   c_w.l
        36          0          0          0          0         84   cpprt_w.l
      2390        184          0          0          0       1784   fz_wm.l

    ----------------------------------------------------------------------
      3070        210          0          0        100       2712   Library Totals

    ----------------------------------------------------------------------

==============================================================================


      Code (inc. data)   RO Data    RW Data    ZI Data      Debug   

     17732       1114        468         80       3944    1494017   Grand Totals
     17732       1114        468         80       3944    1494017   ELF Image Totals
     17732       1114        468         80          0          0   ROM Totals

==============================================================================

    Total RO  Size (Code + RO Data)                18200 (  17.77kB)
    Total RW  Size (RW Data + ZI Data)              4024 (   3.93kB)
    Total ROM Size (Code + RO Data + RW Data)      18280 (  17.85kB)

==============================================================================

