Component: ARM Compiler 5.06 update 6 (build 750) Tool: armlink [4d35ed]

==============================================================================

Section Cross References

    startup_stm32f407xx.o(STACK) refers (Special) to heapauxi.o(.text) for __use_two_region_memory
    startup_stm32f407xx.o(HEAP) refers (Special) to heapauxi.o(.text) for __use_two_region_memory
    startup_stm32f407xx.o(RESET) refers (Special) to heapauxi.o(.text) for __use_two_region_memory
    startup_stm32f407xx.o(RESET) refers to startup_stm32f407xx.o(STACK) for __initial_sp
    startup_stm32f407xx.o(RESET) refers to startup_stm32f407xx.o(.text) for Reset_Handler
    startup_stm32f407xx.o(RESET) refers to stm32f4xx_it.o(i.NMI_Handler) for NMI_Handler
    startup_stm32f407xx.o(RESET) refers to stm32f4xx_it.o(i.HardFault_Handler) for HardFault_Handler
    startup_stm32f407xx.o(RESET) refers to stm32f4xx_it.o(i.MemManage_Handler) for MemManage_Handler
    startup_stm32f407xx.o(RESET) refers to stm32f4xx_it.o(i.BusFault_Handler) for BusFault_Handler
    startup_stm32f407xx.o(RESET) refers to stm32f4xx_it.o(i.UsageFault_Handler) for UsageFault_Handler
    startup_stm32f407xx.o(RESET) refers to stm32f4xx_it.o(i.SVC_Handler) for SVC_Handler
    startup_stm32f407xx.o(RESET) refers to stm32f4xx_it.o(i.DebugMon_Handler) for DebugMon_Handler
    startup_stm32f407xx.o(RESET) refers to stm32f4xx_it.o(i.PendSV_Handler) for PendSV_Handler
    startup_stm32f407xx.o(RESET) refers to stm32f4xx_it.o(i.SysTick_Handler) for SysTick_Handler
    startup_stm32f407xx.o(RESET) refers to stm32f4xx_it.o(i.RCC_IRQHandler) for RCC_IRQHandler
    startup_stm32f407xx.o(RESET) refers to stm32f4xx_it.o(i.EXTI0_IRQHandler) for EXTI0_IRQHandler
    startup_stm32f407xx.o(RESET) refers to stm32f4xx_it.o(i.EXTI3_IRQHandler) for EXTI3_IRQHandler
    startup_stm32f407xx.o(RESET) refers to stm32f4xx_it.o(i.EXTI4_IRQHandler) for EXTI4_IRQHandler
    startup_stm32f407xx.o(RESET) refers to stm32f4xx_it.o(i.DMA1_Stream1_IRQHandler) for DMA1_Stream1_IRQHandler
    startup_stm32f407xx.o(RESET) refers to stm32f4xx_it.o(i.DMA1_Stream3_IRQHandler) for DMA1_Stream3_IRQHandler
    startup_stm32f407xx.o(RESET) refers to stm32f4xx_it.o(i.TIM3_IRQHandler) for TIM3_IRQHandler
    startup_stm32f407xx.o(RESET) refers to stm32f4xx_it.o(i.TIM4_IRQHandler) for TIM4_IRQHandler
    startup_stm32f407xx.o(RESET) refers to stm32f4xx_it.o(i.USART2_IRQHandler) for USART2_IRQHandler
    startup_stm32f407xx.o(RESET) refers to stm32f4xx_it.o(i.USART3_IRQHandler) for USART3_IRQHandler
    startup_stm32f407xx.o(RESET) refers to stm32f4xx_it.o(i.EXTI15_10_IRQHandler) for EXTI15_10_IRQHandler
    startup_stm32f407xx.o(RESET) refers to stm32f4xx_it.o(i.TIM8_TRG_COM_TIM14_IRQHandler) for TIM8_TRG_COM_TIM14_IRQHandler
    startup_stm32f407xx.o(RESET) refers to stm32f4xx_it.o(i.TIM5_IRQHandler) for TIM5_IRQHandler
    startup_stm32f407xx.o(RESET) refers to stm32f4xx_it.o(i.UART5_IRQHandler) for UART5_IRQHandler
    startup_stm32f407xx.o(.text) refers (Special) to heapauxi.o(.text) for __use_two_region_memory
    startup_stm32f407xx.o(.text) refers to system_stm32f4xx.o(i.SystemInit) for SystemInit
    startup_stm32f407xx.o(.text) refers to __main.o(!!!main) for __main
    startup_stm32f407xx.o(.text) refers to startup_stm32f407xx.o(HEAP) for Heap_Mem
    startup_stm32f407xx.o(.text) refers to startup_stm32f407xx.o(STACK) for Stack_Mem
    main.o(i.HAL_UART_RxCpltCallback) refers to com_to_raspi.o(i._Z20handle_received_datav) for handle_received_data()
    main.o(i.HAL_UART_RxCpltCallback) refers to usart.o(.bss) for huart3
    main.o(i._Z18SystemClock_Configv) refers to rt_memclr_w.o(.text) for __aeabi_memclr4
    main.o(i._Z18SystemClock_Configv) refers to stm32f4xx_hal_rcc.o(i.HAL_RCC_OscConfig) for HAL_RCC_OscConfig
    main.o(i._Z18SystemClock_Configv) refers to main.o(i.Error_Handler) for Error_Handler
    main.o(i._Z18SystemClock_Configv) refers to stm32f4xx_hal_rcc.o(i.HAL_RCC_ClockConfig) for HAL_RCC_ClockConfig
    main.o(i.__sti___6_main_c_Chassis) refers to aeabi_vec_ctor_nocookie_nodtor.o(i.__aeabi_vec_ctor_nocookie_nodtor) for __aeabi_vec_ctor_nocookie_nodtor
    main.o(i.__sti___6_main_c_Chassis) refers to main.o(.bss) for Chassis
    main.o(i.__sti___6_main_c_Chassis) refers to main.o(i._ZN29Class_Motor_With_Hall_EncoderC1Ev) for Class_Motor_With_Hall_Encoder::Class_Motor_With_Hall_Encoder()
    main.o(i.__sti___6_main_c_Chassis) refers to main.o(.constdata) for <Data1>
    main.o(i.main) refers to stm32f4xx_hal.o(i.HAL_Init) for HAL_Init
    main.o(i.main) refers to main.o(i._Z18SystemClock_Configv) for SystemClock_Config()
    main.o(i.main) refers to gpio.o(i.MX_GPIO_Init) for MX_GPIO_Init
    main.o(i.main) refers to dma.o(i.MX_DMA_Init) for MX_DMA_Init
    main.o(i.main) refers to tim.o(i.MX_TIM4_Init) for MX_TIM4_Init
    main.o(i.main) refers to tim.o(i.MX_TIM5_Init) for MX_TIM5_Init
    main.o(i.main) refers to tim.o(i.MX_TIM14_Init) for MX_TIM14_Init
[...]
    i._Z14com_raspi_Initv                    0x08002da0   Section        0  com_to_raspi.o(i._Z14com_raspi_Initv)
    i._Z16COM_RASPI_TIM_ITv                  0x08002de4   Section        0  com_to_raspi.o(i._Z16COM_RASPI_TIM_ITv)
    i._Z16Task_10ms_TIM_ITP17TIM_HandleTypeDef 0x08002df4   Section        0  task.o(i._Z16Task_10ms_TIM_ITP17TIM_HandleTypeDef)
    i._Z18SystemClock_Configv                0x08002e18   Section        0  main.o(i._Z18SystemClock_Configv)
    i._Z20handle_received_datav              0x08002ed0   Section        0  com_to_raspi.o(i._Z20handle_received_datav)
    i._Z21JiXieBi_set_fourth_djs             0x08003128   Section        0  jixiebi.o(i._Z21JiXieBi_set_fourth_djs)
    i._Z7get_dirv                            0x08003134   Section        0  msdriver.o(i._Z7get_dirv)
    i._Z7set_dir10DIR_status                 0x08003150   Section        0  msdriver.o(i._Z7set_dir10DIR_status)
    i._Z8GDM_EXTIt                           0x08003174   Section        0  msdriver.o(i._Z8GDM_EXTIt)
    i._ZN11Class_Motor25Get_Rotate_Direction_FlagEv 0x080031e4   Section        0  motor.o(i._ZN11Class_Motor25Get_Rotate_Direction_FlagEv)
    i._ZN11Class_Motor6OutputEv              0x080031ec   Section        0  motor.o(i._ZN11Class_Motor6OutputEv)
    i._ZN13Class_Chassis31Hall_Encoder_GPIO_EXTI_CallbackEt 0x08003292   Section        0  chassis.o(i._ZN13Class_Chassis31Hall_Encoder_GPIO_EXTI_CallbackEt)
    i._ZN13Class_Chassis35Calculate_TIM_PeriodElapsedCallbackEv 0x080032d0   Section        0  chassis.o(i._ZN13Class_Chassis35Calculate_TIM_PeriodElapsedCallbackEv)
    i._ZN29Class_Motor_With_Hall_Encoder16Set_Omega_TargetEf 0x080035c4   Section        0  motor.o(i._ZN29Class_Motor_With_Hall_Encoder16Set_Omega_TargetEf)
    i._ZN29Class_Motor_With_Hall_Encoder31Hall_Encoder_GPIO_EXTI_CallbackEv 0x080035ca   Section        0  motor.o(i._ZN29Class_Motor_With_Hall_Encoder31Hall_Encoder_GPIO_EXTI_CallbackEv)
    i._ZN29Class_Motor_With_Hall_Encoder35Calculate_TIM_PeriodElapsedCallbackEv 0x0800360c   Section        0  motor.o(i._ZN29Class_Motor_With_Hall_Encoder35Calculate_TIM_PeriodElapsedCallbackEv)
    i._ZN29Class_Motor_With_Hall_EncoderC1Ev 0x0800374c   Section        0  main.o(i._ZN29Class_Motor_With_Hall_EncoderC1Ev)
    i._ZN41_INTERNAL_19_stm32f4xx_hal_dma_c_c25f65ec18DMA_CheckFifoParamEP19__DMA_HandleTypeDef 0x080037c8   Section        0  stm32f4xx_hal_dma.o(i._ZN41_INTERNAL_19_stm32f4xx_hal_dma_c_c25f65ec18DMA_CheckFifoParamEP19__DMA_HandleTypeDef)
    [local to stm32f4xx_hal_dma_c]::DMA_CheckFifoParam(__DMA_HandleTypeDef*) 0x080037c9   Thumb Code   170  stm32f4xx_hal_dma.o(i._ZN41_INTERNAL_19_stm32f4xx_hal_dma_c_c25f65ec18DMA_CheckFifoParamEP19__DMA_HandleTypeDef)
    i._ZN41_INTERNAL_19_stm32f4xx_hal_dma_c_c25f65ec23DMA_CalcBaseAndBitshiftEP19__DMA_HandleTypeDef 0x08003874   Section        0  stm32f4xx_hal_dma.o(i._ZN41_INTERNAL_19_stm32f4xx_hal_dma_c_c25f65ec23DMA_CalcBaseAndBitshiftEP19__DMA_HandleTypeDef)
    [local to stm32f4xx_hal_dma_c]::DMA_CalcBaseAndBitshift(__DMA_HandleTypeDef*) 0x08003875   Thumb Code    46  stm32f4xx_hal_dma.o(i._ZN41_INTERNAL_19_stm32f4xx_hal_dma_c_c25f65ec23DMA_CalcBaseAndBitshiftEP19__DMA_HandleTypeDef)
    i._ZN41_INTERNAL_19_stm32f4xx_hal_tim_c_a9d95b5217TIM_OC1_SetConfigEP11TIM_TypeDefPK18TIM_OC_InitTypeDef 0x080038a8   Section        0  stm32f4xx_hal_tim.o(i._ZN41_INTERNAL_19_stm32f4xx_hal_tim_c_a9d95b5217TIM_OC1_SetConfigEP11TIM_TypeDefPK18TIM_OC_InitTypeDef)
    [local to stm32f4xx_hal_tim_c]::TIM_OC1_SetConfig(TIM_TypeDef*, const TIM_OC_InitTypeDef*) 0x080038a9   Thumb Code   104  stm32f4xx_hal_tim.o(i._ZN41_INTERNAL_19_stm32f4xx_hal_tim_c_a9d95b5217TIM_OC1_SetConfigEP11TIM_TypeDefPK18TIM_OC_InitTypeDef)
    i._ZN41_INTERNAL_19_stm32f4xx_hal_tim_c_a9d95b5217TIM_OC3_SetConfigEP11TIM_TypeDefPK18TIM_OC_InitTypeDef 0x08003918   Section        0  stm32f4xx_hal_tim.o(i._ZN41_INTERNAL_19_stm32f4xx_hal_tim_c_a9d95b5217TIM_OC3_SetConfigEP11TIM_TypeDefPK18TIM_OC_InitTypeDef)
    [local to stm32f4xx_hal_tim_c]::TIM_OC3_SetConfig(TIM_TypeDef*, const TIM_OC_InitTypeDef*) 0x08003919   Thumb Code   112  stm32f4xx_hal_tim.o(i._ZN41_INTERNAL_19_stm32f4xx_hal_tim_c_a9d95b5217TIM_OC3_SetConfigEP11TIM_TypeDefPK18TIM_OC_InitTypeDef)
    i._ZN41_INTERNAL_19_stm32f4xx_hal_tim_c_a9d95b5217TIM_OC4_SetConfigEP11TIM_TypeDefPK18TIM_OC_InitTypeDef 0x08003990   Section        0  stm32f4xx_hal_tim.o(i._ZN41_INTERNAL_19_stm32f4xx_hal_tim_c_a9d95b5217TIM_OC4_SetConfigEP11TIM_TypeDefPK18TIM_OC_InitTypeDef)
    [local to stm32f4xx_hal_tim_c]::TIM_OC4_SetConfig(TIM_TypeDef*, const TIM_OC_InitTypeDef*) 0x08003991   Thumb Code    74  stm32f4xx_hal_tim.o(i._ZN41_INTERNAL_19_stm32f4xx_hal_tim_c_a9d95b5217TIM_OC4_SetConfigEP11TIM_TypeDefPK18TIM_OC_InitTypeDef)
    i._ZN41_INTERNAL_19_stm32f4xx_hal_tim_c_a9d95b5218TIM_ITRx_SetConfigEP11TIM_TypeDefj 0x080039e4   Section        0  stm32f4xx_hal_tim.o(i._ZN41_INTERNAL_19_stm32f4xx_hal_tim_c_a9d95b5218TIM_ITRx_SetConfigEP11TIM_TypeDefj)
    [local to stm32f4xx_hal_tim_c]::TIM_ITRx_SetConfig(TIM_TypeDef*, unsigned) 0x080039e5   Thumb Code    18  stm32f4xx_hal_tim.o(i._ZN41_INTERNAL_19_stm32f4xx_hal_tim_c_a9d95b5218TIM_ITRx_SetConfigEP11TIM_TypeDefj)
    i._ZN41_INTERNAL_19_stm32f4xx_hal_tim_c_a9d95b5224TIM_TI1_ConfigInputStageEP11TIM_TypeDefjj 0x080039f6   Section        0  stm32f4xx_hal_tim.o(i._ZN41_INTERNAL_19_stm32f4xx_hal_tim_c_a9d95b5224TIM_TI1_ConfigInputStageEP11TIM_TypeDefjj)
    [local to stm32f4xx_hal_tim_c]::TIM_TI1_ConfigInputStage(TIM_TypeDef*, unsigned, unsigned) 0x080039f7   Thumb Code    38  stm32f4xx_hal_tim.o(i._ZN41_INTERNAL_19_stm32f4xx_hal_tim_c_a9d95b5224TIM_TI1_ConfigInputStageEP11TIM_TypeDefjj)
    i._ZN41_INTERNAL_19_stm32f4xx_hal_tim_c_a9d95b5224TIM_TI2_ConfigInputStageEP11TIM_TypeDefjj 0x08003a1c   Section        0  stm32f4xx_hal_tim.o(i._ZN41_INTERNAL_19_stm32f4xx_hal_tim_c_a9d95b5224TIM_TI2_ConfigInputStageEP11TIM_TypeDefjj)
    [local to stm32f4xx_hal_tim_c]::TIM_TI2_ConfigInputStage(TIM_TypeDef*, unsigned, unsigned) 0x08003a1d   Thumb Code    40  stm32f4xx_hal_tim.o(i._ZN41_INTERNAL_19_stm32f4xx_hal_tim_c_a9d95b5224TIM_TI2_ConfigInputStageEP11TIM_TypeDefjj)
    i._ZN42_INTERNAL_20_stm32f4xx_hal_uart_c_d497114f14UART_SetConfigEP20__UART_HandleTypeDef 0x08003a44   Section        0  stm32f4xx_hal_uart.o(i._ZN42_INTERNAL_20_stm32f4xx_hal_uart_c_d497114f14UART_SetConfigEP20__UART_HandleTypeDef)
    [local to stm32f4xx_hal_uart_c]::UART_SetConfig(__UART_HandleTypeDef*) 0x08003a45   Thumb Code   546  stm32f4xx_hal_uart.o(i._ZN42_INTERNAL_20_stm32f4xx_hal_uart_c_d497114f14UART_SetConfigEP20__UART_HandleTypeDef)
    i._ZN42_INTERNAL_20_stm32f4xx_hal_uart_c_d497114f15UART_Receive_ITEP20__UART_HandleTypeDef 0x08003c70   Section        0  stm32f4xx_hal_uart.o(i._ZN42_INTERNAL_20_stm32f4xx_hal_uart_c_d497114f15UART_Receive_ITEP20__UART_HandleTypeDef)
    [local to stm32f4xx_hal_uart_c]::UART_Receive_IT(__UART_HandleTypeDef*) 0x08003c71   Thumb Code   252  stm32f4xx_hal_uart.o(i._ZN42_INTERNAL_20_stm32f4xx_hal_uart_c_d497114f15UART_Receive_ITEP20__UART_HandleTypeDef)
    i._ZN42_INTERNAL_20_stm32f4xx_hal_uart_c_d497114f16UART_Transmit_ITEP20__UART_HandleTypeDef 0x08003d6c   Section        0  stm32f4xx_hal_uart.o(i._ZN42_INTERNAL_20_stm32f4xx_hal_uart_c_d497114f16UART_Transmit_ITEP20__UART_HandleTypeDef)
    [local to stm32f4xx_hal_uart_c]::UART_Transmit_IT(__UART_HandleTypeDef*) 0x08003d6d   Thumb Code    96  stm32f4xx_hal_uart.o(i._ZN42_INTERNAL_20_stm32f4xx_hal_uart_c_d497114f16UART_Transmit_ITEP20__UART_HandleTypeDef)
    i._ZN42_INTERNAL_20_stm32f4xx_hal_uart_c_d497114f18UART_EndRxTransferEP20__UART_HandleTypeDef 0x08003dcc   Section        0  stm32f4xx_hal_uart.o(i._ZN42_INTERNAL_20_stm32f4xx_hal_uart_c_d497114f18UART_EndRxTransferEP20__UART_HandleTypeDef)
    [local to stm32f4xx_hal_uart_c]::UART_EndRxTransfer(__UART_HandleTypeDef*) 0x08003dcd   Thumb Code   108  stm32f4xx_hal_uart.o(i._ZN42_INTERNAL_20_stm32f4xx_hal_uart_c_d497114f18UART_EndRxTransferEP20__UART_HandleTypeDef)
    i._ZN42_INTERNAL_20_stm32f4xx_hal_uart_c_d497114f19UART_EndTransmit_ITEP20__UART_HandleTypeDef 0x08003e38   Section        0  stm32f4xx_hal_uart.o(i._ZN42_INTERNAL_20_stm32f4xx_hal_uart_c_d497114f19UART_EndTransmit_ITEP20__UART_HandleTypeDef)
    [local to stm32f4xx_hal_uart_c]::UART_EndTransmit_IT(__UART_HandleTypeDef*) 0x08003e39   Thumb Code    32  stm32f4xx_hal_uart.o(i._ZN42_INTERNAL_20_stm32f4xx_hal_uart_c_d497114f19UART_EndTransmit_ITEP20__UART_HandleTypeDef)
    i._ZN42_INTERNAL_20_stm32f4xx_hal_uart_c_d497114f20UART_DMAAbortOnErrorEP19__DMA_HandleTypeDef 0x08003e58   Section        0  stm32f4xx_hal_uart.o(i._ZN42_INTERNAL_20_stm32f4xx_hal_uart_c_d497114f20UART_DMAAbortOnErrorEP19__DMA_HandleTypeDef)
    [local to stm32f4xx_hal_uart_c]::UART_DMAAbortOnError(__DMA_HandleTypeDef*) 0x08003e59   Thumb Code    20  stm32f4xx_hal_uart.o(i._ZN42_INTERNAL_20_stm32f4xx_hal_uart_c_d497114f20UART_DMAAbortOnErrorEP19__DMA_HandleTypeDef)
    i._ZN44_INTERNAL_22_stm32f4xx_hal_cortex_c_2992dbc018__NVIC_SetPriorityE9IRQn_Typej 0x08003e6c   Section        0  stm32f4xx_hal_cortex.o(i._ZN44_INTERNAL_22_stm32f4xx_hal_cortex_c_2992dbc018__NVIC_SetPriorityE9IRQn_Typej)
    [local to stm32f4xx_hal_cortex_c]::__NVIC_SetPriority(IRQn_Type, unsigned) 0x08003e6d   Thumb Code    32  stm32f4xx_hal_cortex.o(i._ZN44_INTERNAL_22_stm32f4xx_hal_cortex_c_2992dbc018__NVIC_SetPriorityE9IRQn_Typej)
    i._ZN44_INTERNAL_22_stm32f4xx_hal_cortex_c_2992dbc026__NVIC_GetPriorityGroupingEv 0x08003e94   Section        0  stm32f4xx_hal_cortex.o(i._ZN44_INTERNAL_22_stm32f4xx_hal_cortex_c_2992dbc026__NVIC_GetPriorityGroupingEv)
    [local to stm32f4xx_hal_cortex_c]::__NVIC_GetPriorityGrouping() 0x08003e95   Thumb Code    10  stm32f4xx_hal_cortex.o(i._ZN44_INTERNAL_22_stm32f4xx_hal_cortex_c_2992dbc026__NVIC_GetPriorityGroupingEv)
    i._ZN9Class_PID10Set_TargetEf            0x08003ea4   Section        0  pid.o(i._ZN9Class_PID10Set_TargetEf)
    i._ZN9Class_PID32Adjust_TIM_PeriodElapsedCallbackEv 0x08003eac   Section        0  pid.o(i._ZN9Class_PID32Adjust_TIM_PeriodElapsedCallbackEv)
    i._ZN9Class_PID7Get_OutEv                0x080040cc   Section        0  pid.o(i._ZN9Class_PID7Get_OutEv)
    i._ZN9Class_PID7Set_NowEf                0x080040d2   Section        0  pid.o(i._ZN9Class_PID7Set_NowEf)
    i._ZN9Class_PIDC1Ev                      0x080040d8   Section        0  main.o(i._ZN9Class_PIDC1Ev)
    i.__ARM_fpclassifyf                      0x08004148   Section        0  fpclassifyf.o(i.__ARM_fpclassifyf)
    i.__aeabi_vec_ctor_nocookie_nodtor       0x0800416e   Section        0  aeabi_vec_ctor_nocookie_nodtor.o(i.__aeabi_vec_ctor_nocookie_nodtor)
    i.__hardfp_cosf                          0x08004194   Section        0  cosf.o(i.__hardfp_cosf)
    i.__hardfp_sinf                          0x080042e4   Section        0  sinf.o(i.__hardfp_sinf)
    i.__mathlib_flt_infnan                   0x08004474   Section        0  funder.o(i.__mathlib_flt_infnan)
    i.__mathlib_flt_invalid                  0x0800447c   Section        0  funder.o(i.__mathlib_flt_invalid)
    i.__mathlib_flt_underflow                0x0800448c   Section        0  funder.o(i.__mathlib_flt_underflow)
    i.__mathlib_rredf2                       0x0800449c   Section        0  rredf.o(i.__mathlib_rredf2)
    i.__sti___6_main_c_Chassis               0x080045f0   Section        0  main.o(i.__sti___6_main_c_Chassis)
    __sti___6_main_c_Chassis                 0x080045f1   Thumb Code    40  main.o(i.__sti___6_main_c_Chassis)
    i.main                                   0x08004624   Section        0  main.o(i.main)
    t._Z14Math_ConstrainIfEvPT_S0_S0_        0x08004664   Section        0  chassis.o(t._Z14Math_ConstrainIfEvPT_S0_S0_)
    t._Z14Math_ConstrainIiEvPT_S0_S0_        0x0800468c   Section        0  motor.o(t._Z14Math_ConstrainIiEvPT_S0_S0_)
    t._Z8Math_AbsIfET_S0_                    0x080046a0   Section        0  pid.o(t._Z8Math_AbsIfET_S0_)
    t._Z8Math_AbsIiET_S0_                    0x080046ba   Section        0  motor.o(t._Z8Math_AbsIiET_S0_)
    x$fpl$d2f                                0x080046c8   Section       98  d2f.o(x$fpl$d2f)
    $v0                                      0x080046c8   Number         0  d2f.o(x$fpl$d2f)
    x$fpl$dadd                               0x0800472c   Section      336  daddsub_clz.o(x$fpl$dadd)
    $v0                                      0x0800472c   Number         0  daddsub_clz.o(x$fpl$dadd)
    _dadd1                                   0x0800473d   Thumb Code     0  daddsub_clz.o(x$fpl$dadd)
    x$fpl$ddiv                               0x0800487c   Section      688  ddiv.o(x$fpl$ddiv)
    $v0                                      0x0800487c   Number         0  ddiv.o(x$fpl$ddiv)
    ddiv_entry                               0x08004883   Thumb Code     0  ddiv.o(x$fpl$ddiv)
    x$fpl$dflt                               0x08004b2c   Section       46  dflt_clz.o(x$fpl$dflt)
    $v0                                      0x08004b2c   Number         0  dflt_clz.o(x$fpl$dflt)
    x$fpl$dmul                               0x08004b5c   Section      340  dmul.o(x$fpl$dmul)
    $v0                                      0x08004b5c   Number         0  dmul.o(x$fpl$dmul)
    x$fpl$dnaninf                            0x08004cb0   Section      156  dnaninf.o(x$fpl$dnaninf)
    $v0                                      0x08004cb0   Number         0  dnaninf.o(x$fpl$dnaninf)
    x$fpl$dretinf                            0x08004d4c   Section       12  dretinf.o(x$fpl$dretinf)
    $v0                                      0x08004d4c   Number         0  dretinf.o(x$fpl$dretinf)
    x$fpl$dsub                               0x08004d58   Section      468  daddsub_clz.o(x$fpl$dsub)
    $v0                                      0x08004d58   Number         0  daddsub_clz.o(x$fpl$dsub)
    _dsub1                                   0x08004d69   Thumb Code     0  daddsub_clz.o(x$fpl$dsub)
    x$fpl$f2d                                0x08004f2c   Section       86  f2d.o(x$fpl$f2d)
    $v0                                      0x08004f2c   Number         0  f2d.o(x$fpl$f2d)
    x$fpl$fnaninf                            0x08004f82   Section      140  fnaninf.o(x$fpl$fnaninf)
    $v0                                      0x08004f82   Number         0  fnaninf.o(x$fpl$fnaninf)
    x$fpl$fpinit                             0x0800500e   Section       10  fpinit.o(x$fpl$fpinit)
    $v0                                      0x0800500e   Number         0  fpinit.o(x$fpl$fpinit)
    x$fpl$fretinf                            0x08005018   Section       10  fretinf.o(x$fpl$fretinf)
    $v0                                      0x08005018   Number         0  fretinf.o(x$fpl$fretinf)
    x$fpl$usenofp                            0x08005022   Section        0  usenofp.o(x$fpl$usenofp)
    .constdata                               0x08005024   Section       16  main.o(.constdata)
    <Data1>                                  0x08005024   Data          16  main.o(.constdata)
    .constdata                               0x08005034   Section        8  stm32f4xx_hal_dma.o(.constdata)
    [local to stm32f4xx_hal_dma_c]::DMA_CalcBaseAndBitshift(__DMA_HandleTypeDef*)::flagBitshiftOffset 0x08005034   Data           8  stm32f4xx_hal_dma.o(.constdata)
    .constdata                               0x0800503c   Section       24  system_stm32f4xx.o(.constdata)
    .constdata                               0x08005054   Section       32  rredf.o(.constdata)
    twooverpi                                0x08005054   Data          32  rredf.o(.constdata)
    .init_array                              0x08005094   Section        4  main.o(.init_array)
    .init_array                              0x08005098   Section        0  init_aeabi.o(.init_array)
    .data                                    0x20000000   Section        9  stm32f4xx_hal.o(.data)
    .data                                    0x2000000c   Section        4  system_stm32f4xx.o(.data)
    .data                                    0x20000010   Section       52  msdriver.o(.data)
    .data                                    0x20000044   Section        8  shoot.o(.data)
    .data                                    0x2000004c   Section        6  jixiebi.o(.data)
    .data                                    0x20000054   Section       25  com_to_raspi.o(.data)
    COM_RASPI_TASK_SCHEDULE()::send_msg_tag  0x2000006c   Data           1  com_to_raspi.o(.data)
    .bss                                     0x20000070   Section     1732  main.o(.bss)
    .bss                                     0x20000734   Section      504  tim.o(.bss)
    .bss                                     0x2000092c   Section      408  usart.o(.bss)
    .bss                                     0x20000ac4   Section      416  com_to_raspi.o(.bss)
    .bss                                     0x20000c64   Section       96  libspace.o(.bss)
    HEAP                                     0x20000cc8   Section      512  startup_stm32f407xx.o(HEAP)
    Heap_Mem                                 0x20000cc8   Data         512  startup_stm32f407xx.o(HEAP)
    STACK                                    0x20000ec8   Section     1024  startup_stm32f407xx.o(STACK)
    Stack_Mem                                0x20000ec8   Data        1024  startup_stm32f407xx.o(STACK)
    __initial_sp                             0x200012c8   Data           0  startup_stm32f407xx.o(STACK)

    Global Symbols

    Symbol Name                              Value     Ov Type        Size  Object(Section)

    BuildAttributes$$THM_ISAv4$E$P$D$K$B$S$7EM$VFPi3$EXTD16$VFPS$VFMA$PE$A:L22UL41UL21$X:L11$S22US41US21$IEEE1$IW$USESV6$~STKCKD$USESV7$~SHL$OTIME$ROPI$IEEEX$EBA8$UX$STANDARDLIB$REQ8$PRES8$EABIv2 0x00000000   Number         0  anon$$obj.o ABSOLUTE
    __ARM_use_no_argv                        0x00000000   Number         0  main.o ABSOLUTE
    SHT$$ARM_EXIDX$$Base                      - Undefined Reference
    SHT$$ARM_EXIDX$$Limit                     - Undefined Reference
    __ARM_exceptions_init                     - Undefined Weak Reference
    __aeabi_unwind_cpp_pr1                    - Undefined Weak Reference
    __aeabi_unwind_cpp_pr2                    - Undefined Weak Reference
    __alloca_initialize                       - Undefined Weak Reference
    __arm_preinit_                            - Undefined Weak Reference
    __cxa_begin_cleanup                       - Undefined Weak Reference
    __cxa_call_unexpected                     - Undefined Weak Reference
    __cxa_finalize                            - Undefined Weak Reference
    __cxa_type_match                          - Undefined Weak Reference
    __rt_locale                               - Undefined Weak Reference
    __sigvec_lookup                           - Undefined Weak Reference
    __user_heap_extent                        - Undefined Weak Reference
    _atexit_init                              - Undefined Weak Reference
    _call_atexit_fns                          - Undefined Weak Reference
    _clock_init                               - Undefined Weak Reference
    _fp_trap_init                             - Undefined Weak Reference
    _fp_trap_shutdown                         - Undefined Weak Reference
    _get_lc_collate                           - Undefined Weak Reference
    _get_lc_ctype                             - Undefined Weak Reference
    _get_lc_monetary                          - Undefined Weak Reference
    _get_lc_numeric                           - Undefined Weak Reference
    _get_lc_time                              - Undefined Weak Reference
    _getenv_init                              - Undefined Weak Reference
    _handle_redirection                       - Undefined Weak Reference
    _initio                                   - Undefined Weak Reference
    _mutex_acquire                            - Undefined Weak Reference
    _mutex_free                               - Undefined Weak Reference
    _mutex_release                            - Undefined Weak Reference
    _rand_init                                - Undefined Weak Reference
    _signal_finish                            - Undefined Weak Reference
    _signal_init                              - Undefined Weak Reference
    _terminateio                              - Undefined Weak Reference
    __Vectors_Size                           0x00000188   Number         0  startup_stm32f407xx.o ABSOLUTE
    __Vectors                                0x08000000   Data           4  startup_stm32f407xx.o(RESET)
    __Vectors_End                            0x08000188   Data           0  startup_stm32f407xx.o(RESET)
    __main                                   0x08000189   Thumb Code     8  __main.o(!!!main)
    __scatterload                            0x08000191   Thumb Code     0  __scatter.o(!!!scatter)
    __scatterload_rt2                        0x08000191   Thumb Code    44  __scatter.o(!!!scatter)
    __scatterload_rt2_thumb_only             0x08000191   Thumb Code     0  __scatter.o(!!!scatter)
    __scatterload_null                       0x0800019f   Thumb Code     0  __scatter.o(!!!scatter)
    __scatterload_copy                       0x080001c5   Thumb Code    26  __scatter_copy.o(!!handler_copy)
    __scatterload_zeroinit                   0x080001e1   Thumb Code    28  __scatter_zi.o(!!handler_zi)
    __rt_lib_init                            0x080001fd   Thumb Code     0  libinit.o(.ARM.Collect$$libinit$$00000000)
    __rt_lib_init_fp_1                       0x080001ff   Thumb Code     0  libinit2.o(.ARM.Collect$$libinit$$00000001)
    __rt_lib_init_alloca_1                   0x08000203   Thumb Code     0  libinit2.o(.ARM.Collect$$libinit$$0000002E)
    __rt_lib_init_argv_1                     0x08000203   Thumb Code     0  libinit2.o(.ARM.Collect$$libinit$$0000002C)
    __rt_lib_init_atexit_1                   0x08000203   Thumb Code     0  libinit2.o(.ARM.Collect$$libinit$$0000001B)
    __rt_lib_init_clock_1                    0x08000203   Thumb Code     0  libinit2.o(.ARM.Collect$$libinit$$00000021)
    __rt_lib_init_cpp_2                      0x08000203   Thumb Code     0  libinit2.o(.ARM.Collect$$libinit$$00000031)
    __rt_lib_init_exceptions_1               0x08000203   Thumb Code     0  libinit2.o(.ARM.Collect$$libinit$$00000030)
    __rt_lib_init_fp_trap_1                  0x08000203   Thumb Code     0  libinit2.o(.ARM.Collect$$libinit$$0000001F)
    __rt_lib_init_getenv_1                   0x08000203   Thumb Code     0  libinit2.o(.ARM.Collect$$libinit$$00000023)
    __rt_lib_init_heap_1                     0x08000203   Thumb Code     0  libinit2.o(.ARM.Collect$$libinit$$0000000A)
    __rt_lib_init_lc_collate_1               0x08000203   Thumb Code     0  libinit2.o(.ARM.Collect$$libinit$$00000011)
    __rt_lib_init_lc_ctype_1                 0x08000203   Thumb Code     0  libinit2.o(.ARM.Collect$$libinit$$00000013)
    __rt_lib_init_lc_monetary_1              0x08000203   Thumb Code     0  libinit2.o(.ARM.Collect$$libinit$$00000015)
    __rt_lib_init_lc_numeric_1               0x08000203   Thumb Code     0  libinit2.o(.ARM.Collect$$libinit$$00000017)
    __rt_lib_init_lc_time_1                  0x08000203   Thumb Code     0  libinit2.o(.ARM.Collect$$libinit$$00000019)
    __rt_lib_init_preinit_1                  0x08000203   Thumb Code     0  libinit2.o(.ARM.Collect$$libinit$$00000004)
    __rt_lib_init_rand_1                     0x08000203   Thumb Code     0  libinit2.o(.ARM.Collect$$libinit$$0000000E)
    __rt_lib_init_signal_1                   0x08000203   Thumb Code     0  libinit2.o(.ARM.Collect$$libinit$$0000001D)
    __rt_lib_init_stdio_1                    0x08000203   Thumb Code     0  libinit2.o(.ARM.Collect$$libinit$$00000025)
    __rt_lib_init_user_alloc_1               0x08000203   Thumb Code     0  libinit2.o(.ARM.Collect$$libinit$$0000000C)
    __rt_lib_init_cpp_1                      0x08000207   Thumb Code     0  libinit2.o(.ARM.Collect$$libinit$$00000032)
    __rt_lib_init_return                     0x08000207   Thumb Code     0  libinit2.o(.ARM.Collect$$libinit$$00000033)
    __rt_lib_shutdown                        0x08000209   Thumb Code     0  libshutdown.o(.ARM.Collect$$libshutdown$$00000000)
    __rt_lib_shutdown_cpp_1                  0x0800020b   Thumb Code     0  libshutdown2.o(.ARM.Collect$$libshutdown$$00000002)
    __rt_lib_shutdown_fp_trap_1              0x0800020b   Thumb Code     0  libshutdown2.o(.ARM.Collect$$libshutdown$$00000007)
    __rt_lib_shutdown_heap_1                 0x0800020b   Thumb Code     0  libshutdown2.o(.ARM.Collect$$libshutdown$$0000000F)
    __rt_lib_shutdown_return                 0x0800020b   Thumb Code     0  libshutdown2.o(.ARM.Collect$$libshutdown$$00000010)
    __rt_lib_shutdown_signal_1               0x0800020b   Thumb Code     0  libshutdown2.o(.ARM.Collect$$libshutdown$$0000000A)
    __rt_lib_shutdown_stdio_1                0x0800020b   Thumb Code     0  libshutdown2.o(.ARM.Collect$$libshutdown$$00000004)
    __rt_lib_shutdown_user_alloc_1           0x0800020b   Thumb Code     0  libshutdown2.o(.ARM.Collect$$libshutdown$$0000000C)
    __rt_entry                               0x0800020d   Thumb Code     0  __rtentry.o(.ARM.Collect$$rtentry$$00000000)
    __rt_entry_presh_1                       0x0800020d   Thumb Code     0  __rtentry2.o(.ARM.Collect$$rtentry$$00000002)
    __rt_entry_sh                            0x0800020d   Thumb Code     0  __rtentry4.o(.ARM.Collect$$rtentry$$00000004)
    __rt_entry_li                            0x08000213   Thumb Code     0  __rtentry2.o(.ARM.Collect$$rtentry$$0000000A)
    __rt_entry_postsh_1                      0x08000213   Thumb Code     0  __rtentry2.o(.ARM.Collect$$rtentry$$00000009)
    __rt_entry_main                          0x08000217   Thumb Code     0  __rtentry2.o(.ARM.Collect$$rtentry$$0000000D)
    __rt_entry_postli_1                      0x08000217   Thumb Code     0  __rtentry2.o(.ARM.Collect$$rtentry$$0000000C)
    __rt_exit                                0x0800021f   Thumb Code     0  rtexit.o(.ARM.Collect$$rtexit$$00000000)
    __rt_exit_ls                             0x08000221   Thumb Code     0  rtexit2.o(.ARM.Collect$$rtexit$$00000003)
    __rt_exit_prels_1                        0x08000221   Thumb Code     0  rtexit2.o(.ARM.Collect$$rtexit$$00000002)
    __rt_exit_exit                           0x08000225   Thumb Code     0  rtexit2.o(.ARM.Collect$$rtexit$$00000004)
    Reset_Handler                            0x0800022d   Thumb Code     8  startup_stm32f407xx.o(.text)
    ADC_IRQHandler                           0x08000247   Thumb Code     0  startup_stm32f407xx.o(.text)
    CAN1_RX0_IRQHandler                      0x08000247   Thumb Code     0  startup_stm32f407xx.o(.text)
    CAN1_RX1_IRQHandler                      0x08000247   Thumb Code     0  startup_stm32f407xx.o(.text)
    CAN1_SCE_IRQHandler                      0x08000247   Thumb Code     0  startup_stm32f407xx.o(.text)
    CAN1_TX_IRQHandler                       0x08000247   Thumb Code     0  startup_stm32f407xx.o(.text)
    CAN2_RX0_IRQHandler                      0x08000247   Thumb Code     0  startup_stm32f407xx.o(.text)
    CAN2_RX1_IRQHandler                      0x08000247   Thumb Code     0  startup_stm32f407xx.o(.text)
    CAN2_SCE_IRQHandler                      0x08000247   Thumb Code     0  startup_stm32f407xx.o(.text)
    CAN2_TX_IRQHandler                       0x08000247   Thumb Code     0  startup_stm32f407xx.o(.text)
    DCMI_IRQHandler                          0x08000247   Thumb Code     0  startup_stm32f407xx.o(.text)
    DMA1_Stream0_IRQHandler                  0x08000247   Thumb Code     0  startup_stm32f407xx.o(.text)
    DMA1_Stream2_IRQHandler                  0x08000247   Thumb Code     0  startup_stm32f407xx.o(.text)
    DMA1_Stream4_IRQHandler                  0x08000247   Thumb Code     0  startup_stm32f407xx.o(.text)
    DMA1_Stream5_IRQHandler                  0x08000247   Thumb Code     0  startup_stm32f407xx.o(.text)
    DMA1_Stream6_IRQHandler                  0x08000247   Thumb Code     0  startup_stm32f407xx.o(.text)
    DMA1_Stream7_IRQHandler                  0x08000247   Thumb Code     0  startup_stm32f407xx.o(.text)
    DMA2_Stream0_IRQHandler                  0x08000247   Thumb Code     0  startup_stm32f407xx.o(.text)
    DMA2_Stream1_IRQHandler                  0x08000247   Thumb Code     0  startup_stm32f407xx.o(.text)
    DMA2_Stream2_IRQHandler                  0x08000247   Thumb Code     0  startup_stm32f407xx.o(.text)
    DMA2_Stream3_IRQHandler                  0x08000247   Thumb Code     0  startup_stm32f407xx.o(.text)
    DMA2_Stream4_IRQHandler                  0x08000247   Thumb Code     0  startup_stm32f407xx.o(.text)
    DMA2_Stream5_IRQHandler                  0x08000247   Thumb Code     0  startup_stm32f407xx.o(.text)
    DMA2_Stream6_IRQHandler                  0x08000247   Thumb Code     0  startup_stm32f407xx.o(.text)
    DMA2_Stream7_IRQHandler                  0x08000247   Thumb Code     0  startup_stm32f407xx.o(.text)
    ETH_IRQHandler                           0x08000247   Thumb Code     0  startup_stm32f407xx.o(.text)
    ETH_WKUP_IRQHandler                      0x08000247   Thumb Code     0  startup_stm32f407xx.o(.text)
    EXTI1_IRQHandler                         0x08000247   Thumb Code     0  startup_stm32f407xx.o(.text)
    EXTI2_IRQHandler                         0x08000247   Thumb Code     0  startup_stm32f407xx.o(.text)
    EXTI9_5_IRQHandler                       0x08000247   Thumb Code     0  startup_stm32f407xx.o(.text)
    FLASH_IRQHandler                         0x08000247   Thumb Code     0  startup_stm32f407xx.o(.text)
    FMC_IRQHandler                           0x08000247   Thumb Code     0  startup_stm32f407xx.o(.text)
    FPU_IRQHandler                           0x08000247   Thumb Code     0  startup_stm32f407xx.o(.text)
    HASH_RNG_IRQHandler                      0x08000247   Thumb Code     0  startup_stm32f407xx.o(.text)
    I2C1_ER_IRQHandler                       0x08000247   Thumb Code     0  startup_stm32f407xx.o(.text)
    I2C1_EV_IRQHandler                       0x08000247   Thumb Code     0  startup_stm32f407xx.o(.text)
    I2C2_ER_IRQHandler                       0x08000247   Thumb Code     0  startup_stm32f407xx.o(.text)
    I2C2_EV_IRQHandler                       0x08000247   Thumb Code     0  startup_stm32f407xx.o(.text)
    I2C3_ER_IRQHandler                       0x08000247   Thumb Code     0  startup_stm32f407xx.o(.text)
    I2C3_EV_IRQHandler                       0x08000247   Thumb Code     0  startup_stm32f407xx.o(.text)
    OTG_FS_IRQHandler                        0x08000247   Thumb Code     0  startup_stm32f407xx.o(.text)
    OTG_FS_WKUP_IRQHandler                   0x08000247   Thumb Code     0  startup_stm32f407xx.o(.text)
    OTG_HS_EP1_IN_IRQHandler                 0x08000247   Thumb Code     0  startup_stm32f407xx.o(.text)
    OTG_HS_EP1_OUT_IRQHandler                0x08000247   Thumb Code     0  startup_stm32f407xx.o(.text)
    OTG_HS_IRQHandler                        0x08000247   Thumb Code     0  startup_stm32f407xx.o(.text)
    OTG_HS_WKUP_IRQHandler                   0x08000247   Thumb Code     0  startup_stm32f407xx.o(.text)
    PVD_IRQHandler                           0x08000247   Thumb Code     0  startup_stm32f407xx.o(.text)
    RTC_Alarm_IRQHandler                     0x08000247   Thumb Code     0  startup_stm32f407xx.o(.text)
    RTC_WKUP_IRQHandler                      0x08000247   Thumb Code     0  startup_stm32f407xx.o(.text)
    SDIO_IRQHandler                          0x08000247   Thumb Code     0  startup_stm32f407xx.o(.text)
    SPI1_IRQHandler                          0x08000247   Thumb Code     0  startup_stm32f407xx.o(.text)
    SPI2_IRQHandler                          0x08000247   Thumb Code     0  startup_stm32f407xx.o(.text)
    SPI3_IRQHandler                          0x08000247   Thumb Code     0  startup_stm32f407xx.o(.text)
    TAMP_STAMP_IRQHandler                    0x08000247   Thumb Code     0  startup_stm32f407xx.o(.text)
    TIM1_BRK_TIM9_IRQHandler                 0x08000247   Thumb Code     0  startup_stm32f407xx.o(.text)
    TIM1_CC_IRQHandler                       0x08000247   Thumb Code     0  startup_stm32f407xx.o(.text)
    TIM1_TRG_COM_TIM11_IRQHandler            0x08000247   Thumb Code     0  startup_stm32f407xx.o(.text)
    TIM1_UP_TIM10_IRQHandler                 0x08000247   Thumb Code     0  startup_stm32f407xx.o(.text)
    TIM2_IRQHandler                          0x08000247   Thumb Code     0  startup_stm32f407xx.o(.text)
    TIM6_DAC_IRQHandler                      0x08000247   Thumb Code     0  startup_stm32f407xx.o(.text)
    TIM7_IRQHandler                          0x08000247   Thumb Code     0  startup_stm32f407xx.o(.text)
    TIM8_BRK_TIM12_IRQHandler                0x08000247   Thumb Code     0  startup_stm32f407xx.o(.text)
    TIM8_CC_IRQHandler                       0x08000247   Thumb Code     0  startup_stm32f407xx.o(.text)
    TIM8_UP_TIM13_IRQHandler                 0x08000247   Thumb Code     0  startup_stm32f407xx.o(.text)
    UART4_IRQHandler                         0x08000247   Thumb Code     0  startup_stm32f407xx.o(.text)
    USART1_IRQHandler                        0x08000247   Thumb Code     0  startup_stm32f407xx.o(.text)
    USART6_IRQHandler                        0x08000247   Thumb Code     0  startup_stm32f407xx.o(.text)
    WWDG_IRQHandler                          0x08000247   Thumb Code     0  startup_stm32f407xx.o(.text)
    __user_initial_stackheap                 0x08000249   Thumb Code     0  startup_stm32f407xx.o(.text)
    __aeabi_uldivmod                         0x0800026d   Thumb Code     0  lludivv7m.o(.text)
    _ll_udiv                                 0x0800026d   Thumb Code   238  lludivv7m.o(.text)
    __aeabi_memclr4                          0x0800035b   Thumb Code     0  rt_memclr_w.o(.text)
    __aeabi_memclr8                          0x0800035b   Thumb Code     0  rt_memclr_w.o(.text)
    __rt_memclr_w                            0x0800035b   Thumb Code    78  rt_memclr_w.o(.text)
    _memset_w                                0x0800035f   Thumb Code     0  rt_memclr_w.o(.text)
    __use_two_region_memory                  0x080003a9   Thumb Code     2  heapauxi.o(.text)
    __rt_heap_escrow                         0x080003ab   Thumb Code     2  heapauxi.o(.text)
    __rt_heap_expand                         0x080003ad   Thumb Code     2  heapauxi.o(.text)
    __cpp_initialize__aeabi_                 0x080003b1   Thumb Code    26  init_aeabi.o(.text)
    __read_errno                             0x080003d5   Thumb Code    10  _rserrno.o(.text)
    __set_errno                              0x080003df   Thumb Code    12  _rserrno.o(.text)
    __aeabi_errno_addr                       0x080003ed   Thumb Code     8  rt_errno_addr_intlibspace.o(.text)
    __errno$intlibspace                      0x080003ed   Thumb Code     0  rt_errno_addr_intlibspace.o(.text)
    __rt_errno_addr$intlibspace              0x080003ed   Thumb Code     0  rt_errno_addr_intlibspace.o(.text)
    __user_libspace                          0x080003f5   Thumb Code     8  libspace.o(.text)
    __user_perproc_libspace                  0x080003f5   Thumb Code     0  libspace.o(.text)
    __user_perthread_libspace                0x080003f5   Thumb Code     0  libspace.o(.text)
    __user_setup_stackheap                   0x080003fd   Thumb Code    74  sys_stackheap_outer.o(.text)
    exit                                     0x08000447   Thumb Code    18  exit.o(.text)
    _sys_exit                                0x08000459   Thumb Code     8  sys_exit.o(.text)
    __I$use$semihosting                      0x08000465   Thumb Code     0  use_no_semi.o(.text)
    __use_no_semihosting_swi                 0x08000465   Thumb Code     2  use_no_semi.o(.text)
    BusFault_Handler                         0x08000467   Thumb Code     4  stm32f4xx_it.o(i.BusFault_Handler)
    __semihosting_library_function           0x08000467   Thumb Code     0  indicate_semi.o(.text)
    DMA1_Stream1_IRQHandler                  0x0800046d   Thumb Code    10  stm32f4xx_it.o(i.DMA1_Stream1_IRQHandler)
    DMA1_Stream3_IRQHandler                  0x0800047d   Thumb Code    10  stm32f4xx_it.o(i.DMA1_Stream3_IRQHandler)
    DebugMon_Handler                         0x0800048d   Thumb Code     2  stm32f4xx_it.o(i.DebugMon_Handler)
    EXTI0_IRQHandler                         0x0800048f   Thumb Code    10  stm32f4xx_it.o(i.EXTI0_IRQHandler)
    EXTI15_10_IRQHandler                     0x08000499   Thumb Code    28  stm32f4xx_it.o(i.EXTI15_10_IRQHandler)
    EXTI3_IRQHandler                         0x080004b5   Thumb Code    10  stm32f4xx_it.o(i.EXTI3_IRQHandler)
    EXTI4_IRQHandler                         0x080004bf   Thumb Code    10  stm32f4xx_it.o(i.EXTI4_IRQHandler)
    Error_Handler                            0x080004c9   Thumb Code     6  main.o(i.Error_Handler)
    HAL_DMA_Abort                            0x080004cf   Thumb Code   172  stm32f4xx_hal_dma.o(i.HAL_DMA_Abort)
    HAL_DMA_Abort_IT                         0x0800057b   Thumb Code    40  stm32f4xx_hal_dma.o(i.HAL_DMA_Abort_IT)
    HAL_DMA_IRQHandler                       0x080005a5   Thumb Code   570  stm32f4xx_hal_dma.o(i.HAL_DMA_IRQHandler)
    HAL_DMA_Init                             0x080007e5   Thumb Code   232  stm32f4xx_hal_dma.o(i.HAL_DMA_Init)
    HAL_GPIO_EXTI_Callback                   0x080008d1   Thumb Code    38  stm32f4xx_it.o(i.HAL_GPIO_EXTI_Callback)
    HAL_GPIO_EXTI_IRQHandler                 0x080008fd   Thumb Code    24  stm32f4xx_hal_gpio.o(i.HAL_GPIO_EXTI_IRQHandler)
    HAL_GPIO_Init                            0x08000919   Thumb Code   454  stm32f4xx_hal_gpio.o(i.HAL_GPIO_Init)
    HAL_GPIO_ReadPin                         0x08000b0d   Thumb Code    16  stm32f4xx_hal_gpio.o(i.HAL_GPIO_ReadPin)
    HAL_GPIO_WritePin                        0x08000b1d   Thumb Code    12  stm32f4xx_hal_gpio.o(i.HAL_GPIO_WritePin)
    HAL_GetTick                              0x08000b29   Thumb Code     6  stm32f4xx_hal.o(i.HAL_GetTick)
    HAL_IncTick                              0x08000b35   Thumb Code    16  stm32f4xx_hal.o(i.HAL_IncTick)
    HAL_Init                                 0x08000b4d   Thumb Code    54  stm32f4xx_hal.o(i.HAL_Init)
    HAL_InitTick                             0x08000b89   Thumb Code    64  stm32f4xx_hal.o(i.HAL_InitTick)
    HAL_MspInit                              0x08000bd5   Thumb Code    84  stm32f4xx_hal_msp.o(i.HAL_MspInit)
    HAL_NVIC_EnableIRQ                       0x08000c2d   Thumb Code    40  stm32f4xx_hal_cortex.o(i.HAL_NVIC_EnableIRQ)
    HAL_NVIC_SetPriority                     0x08000c55   Thumb Code   124  stm32f4xx_hal_cortex.o(i.HAL_NVIC_SetPriority)
    HAL_NVIC_SetPriorityGrouping             0x08000cd1   Thumb Code    32  stm32f4xx_hal_cortex.o(i.HAL_NVIC_SetPriorityGrouping)
    HAL_RCC_ClockConfig                      0x08000cf9   Thumb Code   368  stm32f4xx_hal_rcc.o(i.HAL_RCC_ClockConfig)
    HAL_RCC_GetHCLKFreq                      0x08000e7d   Thumb Code     6  stm32f4xx_hal_rcc.o(i.HAL_RCC_GetHCLKFreq)
    HAL_RCC_GetPCLK1Freq                     0x08000e89   Thumb Code    22  stm32f4xx_hal_rcc.o(i.HAL_RCC_GetPCLK1Freq)
    HAL_RCC_GetPCLK2Freq                     0x08000ea9   Thumb Code    22  stm32f4xx_hal_rcc.o(i.HAL_RCC_GetPCLK2Freq)
    HAL_RCC_GetSysClockFreq                  0x08000ec9   Thumb Code   162  stm32f4xx_hal_rcc.o(i.HAL_RCC_GetSysClockFreq)
    HAL_RCC_OscConfig                        0x08000f79   Thumb Code  1172  stm32f4xx_hal_rcc.o(i.HAL_RCC_OscConfig)
    HAL_SYSTICK_Config                       0x08001415   Thumb Code    52  stm32f4xx_hal_cortex.o(i.HAL_SYSTICK_Config)
    HAL_TIMEx_BreakCallback                  0x08001449   Thumb Code     2  stm32f4xx_hal_tim_ex.o(i.HAL_TIMEx_BreakCallback)
    HAL_TIMEx_CommutCallback                 0x0800144b   Thumb Code     2  stm32f4xx_hal_tim_ex.o(i.HAL_TIMEx_CommutCallback)
    HAL_TIMEx_ConfigBreakDeadTime            0x0800144d   Thumb Code   116  stm32f4xx_hal_tim_ex.o(i.HAL_TIMEx_ConfigBreakDeadTime)
    HAL_TIMEx_MasterConfigSynchronization    0x080014c1   Thumb Code   150  stm32f4xx_hal_tim_ex.o(i.HAL_TIMEx_MasterConfigSynchronization)
    HAL_TIM_Base_Init                        0x08001575   Thumb Code   102  stm32f4xx_hal_tim.o(i.HAL_TIM_Base_Init)
    HAL_TIM_Base_MspInit                     0x080015dd   Thumb Code   262  tim.o(i.HAL_TIM_Base_MspInit)
    HAL_TIM_ConfigClockSource                0x080016fd   Thumb Code   268  stm32f4xx_hal_tim.o(i.HAL_TIM_ConfigClockSource)
    HAL_TIM_IC_CaptureCallback               0x08001809   Thumb Code     2  stm32f4xx_hal_tim.o(i.HAL_TIM_IC_CaptureCallback)
    HAL_TIM_IRQHandler                       0x0800180b   Thumb Code   364  stm32f4xx_hal_tim.o(i.HAL_TIM_IRQHandler)
    HAL_TIM_MspPostInit                      0x08001979   Thumb Code   412  tim.o(i.HAL_TIM_MspPostInit)
    HAL_TIM_OC_DelayElapsedCallback          0x08001b41   Thumb Code     2  stm32f4xx_hal_tim.o(i.HAL_TIM_OC_DelayElapsedCallback)
    HAL_TIM_PWM_ConfigChannel                0x08001b43   Thumb Code   260  stm32f4xx_hal_tim.o(i.HAL_TIM_PWM_ConfigChannel)
    HAL_TIM_PWM_Init                         0x08001c47   Thumb Code   102  stm32f4xx_hal_tim.o(i.HAL_TIM_PWM_Init)
    HAL_TIM_PWM_MspInit                      0x08001cad   Thumb Code   124  tim.o(i.HAL_TIM_PWM_MspInit)
    HAL_TIM_PWM_PulseFinishedCallback        0x08001d35   Thumb Code     2  stm32f4xx_hal_tim.o(i.HAL_TIM_PWM_PulseFinishedCallback)
    HAL_TIM_PeriodElapsedCallback            0x08001d39   Thumb Code    24  stm32f4xx_it.o(i.HAL_TIM_PeriodElapsedCallback)
    HAL_TIM_TriggerCallback                  0x08001d59   Thumb Code     2  stm32f4xx_hal_tim.o(i.HAL_TIM_TriggerCallback)
    HAL_UARTEx_RxEventCallback               0x08001d5b   Thumb Code     2  stm32f4xx_hal_uart.o(i.HAL_UARTEx_RxEventCallback)
    HAL_UART_ErrorCallback                   0x08001d5d   Thumb Code     2  stm32f4xx_hal_uart.o(i.HAL_UART_ErrorCallback)
    HAL_UART_IRQHandler                      0x08001d61   Thumb Code   740  stm32f4xx_hal_uart.o(i.HAL_UART_IRQHandler)
    HAL_UART_Init                            0x08002049   Thumb Code   118  stm32f4xx_hal_uart.o(i.HAL_UART_Init)
    HAL_UART_MspInit                         0x080020c1   Thumb Code   562  usart.o(i.HAL_UART_MspInit)
    HAL_UART_Receive_IT                      0x08002321   Thumb Code    44  stm32f4xx_hal_uart.o(i.HAL_UART_Receive_IT)
    HAL_UART_RxCpltCallback                  0x0800234d   Thumb Code    16  main.o(i.HAL_UART_RxCpltCallback)
    HAL_UART_TxCpltCallback                  0x08002361   Thumb Code     2  stm32f4xx_hal_uart.o(i.HAL_UART_TxCpltCallback)
    HardFault_Handler                        0x08002363   Thumb Code     4  stm32f4xx_it.o(i.HardFault_Handler)
    MX_DMA_Init                              0x08002369   Thumb Code    68  dma.o(i.MX_DMA_Init)
    MX_GPIO_Init                             0x080023b1   Thumb Code   728  gpio.o(i.MX_GPIO_Init)
    MX_TIM11_Init                            0x080026a5   Thumb Code   100  tim.o(i.MX_TIM11_Init)
    MX_TIM13_Init                            0x08002711   Thumb Code   102  tim.o(i.MX_TIM13_Init)
    MX_TIM14_Init                            0x08002781   Thumb Code    42  tim.o(i.MX_TIM14_Init)
    MX_TIM3_Init                             0x080027b5   Thumb Code   164  tim.o(i.MX_TIM3_Init)
    MX_TIM4_Init                             0x08002861   Thumb Code   156  tim.o(i.MX_TIM4_Init)
    MX_TIM5_Init                             0x08002905   Thumb Code   100  tim.o(i.MX_TIM5_Init)
    MX_TIM8_Init                             0x08002971   Thumb Code   182  tim.o(i.MX_TIM8_Init)
    MX_UART5_Init                            0x08002a31   Thumb Code    46  usart.o(i.MX_UART5_Init)
    MX_USART2_UART_Init                      0x08002a69   Thumb Code    46  usart.o(i.MX_USART2_UART_Init)
    MX_USART3_UART_Init                      0x08002aa1   Thumb Code    46  usart.o(i.MX_USART3_UART_Init)
    MemManage_Handler                        0x08002ad9   Thumb Code     4  stm32f4xx_it.o(i.MemManage_Handler)
    NMI_Handler                              0x08002add   Thumb Code     4  stm32f4xx_it.o(i.NMI_Handler)
    PendSV_Handler                           0x08002ae1   Thumb Code     2  stm32f4xx_it.o(i.PendSV_Handler)
    RCC_IRQHandler                           0x08002ae3   Thumb Code     2  stm32f4xx_it.o(i.RCC_IRQHandler)
    SVC_Handler                              0x08002ae5   Thumb Code     2  stm32f4xx_it.o(i.SVC_Handler)
    SysTick_Handler                          0x08002ae7   Thumb Code     8  stm32f4xx_it.o(i.SysTick_Handler)
    SystemInit                               0x08002af1   Thumb Code    14  system_stm32f4xx.o(i.SystemInit)
    TIM3_IRQHandler                          0x08002b05   Thumb Code    10  stm32f4xx_it.o(i.TIM3_IRQHandler)
    TIM4_IRQHandler                          0x08002b15   Thumb Code    10  stm32f4xx_it.o(i.TIM4_IRQHandler)
    TIM5_IRQHandler                          0x08002b25   Thumb Code    10  stm32f4xx_it.o(i.TIM5_IRQHandler)
    TIM8_TRG_COM_TIM14_IRQHandler            0x08002b35   Thumb Code    16  stm32f4xx_it.o(i.TIM8_TRG_COM_TIM14_IRQHandler)
    TIM_Base_SetConfig                       0x08002b4d   Thumb Code   186  stm32f4xx_hal_tim.o(i.TIM_Base_SetConfig)
    TIM_ETR_SetConfig                        0x08002c35   Thumb Code    22  stm32f4xx_hal_tim.o(i.TIM_ETR_SetConfig)
    TIM_OC2_SetConfig                        0x08002c4d   Thumb Code   114  stm32f4xx_hal_tim.o(i.TIM_OC2_SetConfig)
    UART5_IRQHandler                         0x08002cc9   Thumb Code    10  stm32f4xx_it.o(i.UART5_IRQHandler)
    UART_Start_Receive_IT                    0x08002cd9   Thumb Code    64  stm32f4xx_hal_uart.o(i.UART_Start_Receive_IT)
    USART2_IRQHandler                        0x08002d19   Thumb Code    10  stm32f4xx_it.o(i.USART2_IRQHandler)
    USART3_IRQHandler                        0x08002d29   Thumb Code    10  stm32f4xx_it.o(i.USART3_IRQHandler)
    UsageFault_Handler                       0x08002d39   Thumb Code     4  stm32f4xx_it.o(i.UsageFault_Handler)
    ACC_TIM14_IT()                           0x08002d3d   Thumb Code    20  msdriver.o(i._Z12ACC_TIM14_ITv)
    SHOOT_TIM_IT()                           0x08002d59   Thumb Code    26  shoot.o(i._Z12SHOOT_TIM_ITv)
    JiXieBi_TIM_IT()                         0x08002d7d   Thumb Code    26  jixiebi.o(i._Z14JiXieBi_TIM_ITv)
    com_raspi_Init()                         0x08002da1   Thumb Code    44  com_to_raspi.o(i._Z14com_raspi_Initv)
    COM_RASPI_TIM_IT()                       0x08002de5   Thumb Code    12  com_to_raspi.o(i._Z16COM_RASPI_TIM_ITv)
    Task_10ms_TIM_IT(TIM_HandleTypeDef*)     0x08002df5   Thumb Code    32  task.o(i._Z16Task_10ms_TIM_ITP17TIM_HandleTypeDef)
    SystemClock_Config()                     0x08002e19   Thumb Code   174  main.o(i._Z18SystemClock_Configv)
    handle_received_data()                   0x08002ed1   Thumb Code   556  com_to_raspi.o(i._Z20handle_received_datav)
    JiXieBi_set_fourth_dj(short)             0x08003129   Thumb Code     6  jixiebi.o(i._Z21JiXieBi_set_fourth_djs)
    get_dir()                                0x08003135   Thumb Code    22  msdriver.o(i._Z7get_dirv)
    set_dir(DIR_status)                      0x08003151   Thumb Code    32  msdriver.o(i._Z7set_dir10DIR_status)
    GDM_EXTI(unsigned short)                 0x08003175   Thumb Code   102  msdriver.o(i._Z8GDM_EXTIt)
    Class_Motor::Get_Rotate_Direction_Flag() 0x080031e5   Thumb Code     8  motor.o(i._ZN11Class_Motor25Get_Rotate_Direction_FlagEv)
    Class_Motor::Output()                    0x080031ed   Thumb Code   166  motor.o(i._ZN11Class_Motor6OutputEv)
    Class_Chassis::Hall_Encoder_GPIO_EXTI_Callback(unsigned short) 0x08003293   Thumb Code    62  chassis.o(i._ZN13Class_Chassis31Hall_Encoder_GPIO_EXTI_CallbackEt)
    Class_Chassis::Calculate_TIM_PeriodElapsedCallback() 0x080032d1   Thumb Code   732  chassis.o(i._ZN13Class_Chassis35Calculate_TIM_PeriodElapsedCallbackEv)
    Class_Motor_With_Hall_Encoder::Set_Omega_Target(float) 0x080035c5   Thumb Code     6  motor.o(i._ZN29Class_Motor_With_Hall_Encoder16Set_Omega_TargetEf)
    Class_Motor_With_Hall_Encoder::Hall_Encoder_GPIO_EXTI_Callback() 0x080035cb   Thumb Code    64  motor.o(i._ZN29Class_Motor_With_Hall_Encoder31Hall_Encoder_GPIO_EXTI_CallbackEv)
    Class_Motor_With_Hall_Encoder::Calculate_TIM_PeriodElapsedCallback() 0x0800360d   Thumb Code   316  motor.o(i._ZN29Class_Motor_With_Hall_Encoder35Calculate_TIM_PeriodElapsedCallbackEv)
    Class_Motor_With_Hall_Encoder::Class_Motor_With_Hall_Encoder() 0x0800374d   Thumb Code   110  main.o(i._ZN29Class_Motor_With_Hall_EncoderC1Ev)
    Class_Motor_With_Hall_Encoder::Class_Motor_With_Hall_Encoder__sub_object() 0x0800374d   Thumb Code     0  main.o(i._ZN29Class_Motor_With_Hall_EncoderC1Ev)
    Class_PID::Set_Target(float)             0x08003ea5   Thumb Code     6  pid.o(i._ZN9Class_PID10Set_TargetEf)
    Class_PID::Adjust_TIM_PeriodElapsedCallback() 0x08003ead   Thumb Code   540  pid.o(i._ZN9Class_PID32Adjust_TIM_PeriodElapsedCallbackEv)
    Class_PID::Get_Out()                     0x080040cd   Thumb Code     6  pid.o(i._ZN9Class_PID7Get_OutEv)
    Class_PID::Set_Now(float)                0x080040d3   Thumb Code     6  pid.o(i._ZN9Class_PID7Set_NowEf)
    Class_PID::Class_PID()                   0x080040d9   Thumb Code   104  main.o(i._ZN9Class_PIDC1Ev)
    Class_PID::Class_PID__sub_object()       0x080040d9   Thumb Code     0  main.o(i._ZN9Class_PIDC1Ev)
    __ARM_fpclassifyf                        0x08004149   Thumb Code    38  fpclassifyf.o(i.__ARM_fpclassifyf)
    __aeabi_vec_ctor_nocookie_nodtor         0x0800416f   Thumb Code    36  aeabi_vec_ctor_nocookie_nodtor.o(i.__aeabi_vec_ctor_nocookie_nodtor)
    __hardfp_cosf                            0x08004195   Thumb Code   280  cosf.o(i.__hardfp_cosf)
    __hardfp_sinf                            0x080042e5   Thumb Code   344  sinf.o(i.__hardfp_sinf)
    __mathlib_flt_infnan                     0x08004475   Thumb Code     6  funder.o(i.__mathlib_flt_infnan)
    __mathlib_flt_invalid                    0x0800447d   Thumb Code    10  funder.o(i.__mathlib_flt_invalid)
    __mathlib_flt_underflow                  0x0800448d   Thumb Code    10  funder.o(i.__mathlib_flt_underflow)
    __mathlib_rredf2                         0x0800449d   Thumb Code   316  rredf.o(i.__mathlib_rredf2)
    main                                     0x08004625   Thumb Code    64  main.o(i.main)
    void Math_Constrain<float>(T1*, T1, T1)  0x08004665   Thumb Code    40  chassis.o(t._Z14Math_ConstrainIfEvPT_S0_S0_)
    void Math_Constrain<int>(T1*, T1, T1)    0x0800468d   Thumb Code    20  motor.o(t._Z14Math_ConstrainIiEvPT_S0_S0_)
    T1 Math_Abs<float>(T1)                   0x080046a1   Thumb Code    26  pid.o(t._Z8Math_AbsIfET_S0_)
    T1 Math_Abs<int>(T1)                     0x080046bb   Thumb Code    14  motor.o(t._Z8Math_AbsIiET_S0_)
    __aeabi_d2f                              0x080046c9   Thumb Code     0  d2f.o(x$fpl$d2f)
    _d2f                                     0x080046c9   Thumb Code    98  d2f.o(x$fpl$d2f)
    __aeabi_dadd                             0x0800472d   Thumb Code     0  daddsub_clz.o(x$fpl$dadd)
    _dadd                                    0x0800472d   Thumb Code   332  daddsub_clz.o(x$fpl$dadd)
    __aeabi_ddiv                             0x0800487d   Thumb Code     0  ddiv.o(x$fpl$ddiv)
    _ddiv                                    0x0800487d   Thumb Code   552  ddiv.o(x$fpl$ddiv)
    __aeabi_i2d                              0x08004b2d   Thumb Code     0  dflt_clz.o(x$fpl$dflt)
    _dflt                                    0x08004b2d   Thumb Code    46  dflt_clz.o(x$fpl$dflt)
    __aeabi_dmul                             0x08004b5d   Thumb Code     0  dmul.o(x$fpl$dmul)
    _dmul                                    0x08004b5d   Thumb Code   332  dmul.o(x$fpl$dmul)
    __fpl_dnaninf                            0x08004cb1   Thumb Code   156  dnaninf.o(x$fpl$dnaninf)
    __fpl_dretinf                            0x08004d4d   Thumb Code    12  dretinf.o(x$fpl$dretinf)
    __aeabi_dsub                             0x08004d59   Thumb Code     0  daddsub_clz.o(x$fpl$dsub)
    _dsub                                    0x08004d59   Thumb Code   464  daddsub_clz.o(x$fpl$dsub)
    __aeabi_f2d                              0x08004f2d   Thumb Code     0  f2d.o(x$fpl$f2d)
    _f2d                                     0x08004f2d   Thumb Code    86  f2d.o(x$fpl$f2d)
    __fpl_fnaninf                            0x08004f83   Thumb Code   140  fnaninf.o(x$fpl$fnaninf)
    _fp_init                                 0x0800500f   Thumb Code    10  fpinit.o(x$fpl$fpinit)
    __fplib_config_fpu_vfp                   0x08005017   Thumb Code     0  fpinit.o(x$fpl$fpinit)
    __fplib_config_pureend_doubles           0x08005017   Thumb Code     0  fpinit.o(x$fpl$fpinit)
    __fpl_fretinf                            0x08005019   Thumb Code    10  fretinf.o(x$fpl$fretinf)
    __I$use$fp                               0x08005022   Number         0  usenofp.o(x$fpl$usenofp)
    AHBPrescTable                            0x0800503c   Data          16  system_stm32f4xx.o(.constdata)
    APBPrescTable                            0x0800504c   Data           8  system_stm32f4xx.o(.constdata)
    Region$$Table$$Base                      0x08005074   Number         0  anon$$obj.o(Region$$Table)
    Region$$Table$$Limit                     0x08005094   Number         0  anon$$obj.o(Region$$Table)
    SHT$$INIT_ARRAY$$Base                    0x08005094   Number         0  main.o(.init_array)
    SHT$$INIT_ARRAY$$Limit                   0x08005098   Number         0  init_aeabi.o(.init_array)
    uwTick                                   0x20000000   Data           4  stm32f4xx_hal.o(.data)
    uwTickPrio                               0x20000004   Data           4  stm32f4xx_hal.o(.data)
    uwTickFreq                               0x20000008   Data           1  stm32f4xx_hal.o(.data)
    SystemCoreClock                          0x2000000c   Data           4  system_stm32f4xx.o(.data)
    acc_cnt                                  0x20000010   Data           4  msdriver.o(.data)
    acc_id                                   0x20000014   Data           4  msdriver.o(.data)
    acc_time                                 0x20000018   Data          44  msdriver.o(.data)
    time_counter                             0x20000044   Data           2  shoot.o(.data)
    taskid                                   0x20000046   Data           1  shoot.o(.data)
    speed_para                               0x20000048   Data           4  shoot.o(.data)
    jixiebi_time_counter                     0x2000004c   Data           2  jixiebi.o(.data)
    jixiebi_taskid                           0x2000004e   Data           1  jixiebi.o(.data)
    four_dj_para                             0x20000050   Data           2  jixiebi.o(.data)
    len_exdata                               0x20000054   Data          16  com_to_raspi.o(.data)
    receive_raspi_pointer                    0x20000064   Data           4  com_to_raspi.o(.data)
    com_raspi_time_counter                   0x20000068   Data           2  com_to_raspi.o(.data)
    __movepara_queue_phead                   0x2000006a   Data           1  com_to_raspi.o(.data)
    __movepara_queue_pback                   0x2000006b   Data           1  com_to_raspi.o(.data)
    Chassis                                  0x20000070   Data        1732  main.o(.bss)
    htim3                                    0x20000734   Data          72  tim.o(.bss)
    htim4                                    0x2000077c   Data          72  tim.o(.bss)
    htim5                                    0x200007c4   Data          72  tim.o(.bss)
    htim8                                    0x2000080c   Data          72  tim.o(.bss)
    htim11                                   0x20000854   Data          72  tim.o(.bss)
    htim13                                   0x2000089c   Data          72  tim.o(.bss)
    htim14                                   0x200008e4   Data          72  tim.o(.bss)
    huart5                                   0x2000092c   Data          72  usart.o(.bss)
    huart2                                   0x20000974   Data          72  usart.o(.bss)
    huart3                                   0x200009bc   Data          72  usart.o(.bss)
    hdma_usart3_rx                           0x20000a04   Data          96  usart.o(.bss)
    hdma_usart3_tx                           0x20000a64   Data          96  usart.o(.bss)
    receive_raspy_buffer                     0x20000ac4   Data          16  com_to_raspi.o(.bss)
    send_raspy_buffer                        0x20000ad4   Data          16  com_to_raspi.o(.bss)
    Mov_mission_queue                        0x20000ae4   Data         384  com_to_raspi.o(.bss)
    __libspace_start                         0x20000c64   Data          96  libspace.o(.bss)
    __temporary_stack_top$libspace           0x20000cc4   Data           0  libspace.o(.bss)



==============================================================================

Memory Map of the image

  Image Entry point : 0x08000189

  Load Region LR_IROM1 (Base: 0x08000000, Size: 0x00005108, Max: 0x00100000, ABSOLUTE)

    Execution Region ER_IROM1 (Exec base: 0x08000000, Load base: 0x08000000, Size: 0x00005098, Max: 0x00100000, ABSOLUTE)

    Exec Addr    Load Addr    Size         Type   Attr      Idx    E Section Name        Object

    0x08000000   0x08000000   0x00000188   Data   RO            3    RESET               startup_stm32f407xx.o
    0x08000188   0x08000188   0x00000008   Code   RO         4771  * !!!main             c_w.l(__main.o)
    0x08000190   0x08000190   0x00000034   Code   RO         5159    !!!scatter          c_w.l(__scatter.o)
    0x080001c4   0x080001c4   0x0000001a   Code   RO         5161    !!handler_copy      c_w.l(__scatter_copy.o)
    0x080001de   0x080001de   0x00000002   PAD
    0x080001e0   0x080001e0   0x0000001c   Code   RO         5163    !!handler_zi        c_w.l(__scatter_zi.o)
    0x080001fc   0x080001fc   0x00000002   Code   RO         4964    .ARM.Collect$$libinit$$00000000  c_w.l(libinit.o)
    0x080001fe   0x080001fe   0x00000004   Code   RO         4839    .ARM.Collect$$libinit$$00000001  c_w.l(libinit2.o)
    0x08000202   0x08000202   0x00000000   Code   RO         4842    .ARM.Collect$$libinit$$00000004  c_w.l(libinit2.o)
    0x08000202   0x08000202   0x00000000   Code   RO         4845    .ARM.Collect$$libinit$$0000000A  c_w.l(libinit2.o)
    0x08000202   0x08000202   0x00000000   Code   RO         4847    .ARM.Collect$$libinit$$0000000C  c_w.l(libinit2.o)
    0x08000202   0x08000202   0x00000000   Code   RO         4849    .ARM.Collect$$libinit$$0000000E  c_w.l(libinit2.o)
    0x08000202   0x08000202   0x00000000   Code   RO         4852    .ARM.Collect$$libinit$$00000011  c_w.l(libinit2.o)
    0x08000202   0x08000202   0x00000000   Code   RO         4854    .ARM.Collect$$libinit$$00000013  c_w.l(libinit2.o)
    0x08000202   0x08000202   0x00000000   Code   RO         4856    .ARM.Collect$$libinit$$00000015  c_w.l(libinit2.o)
    0x08000202   0x08000202   0x00000000   Code   RO         4858    .ARM.Collect$$libinit$$00000017  c_w.l(libinit2.o)
    0x08000202   0x08000202   0x00000000   Code   RO         4860    .ARM.Collect$$libinit$$00000019  c_w.l(libinit2.o)
    0x08000202   0x08000202   0x00000000   Code   RO         4862    .ARM.Collect$$libinit$$0000001B  c_w.l(libinit2.o)
    0x08000202   0x08000202   0x00000000   Code   RO         4864    .ARM.Collect$$libinit$$0000001D  c_w.l(libinit2.o)
    0x08000202   0x08000202   0x00000000   Code   RO         4866    .ARM.Collect$$libinit$$0000001F  c_w.l(libinit2.o)
    0x08000202   0x08000202   0x00000000   Code   RO         4868    .ARM.Collect$$libinit$$00000021  c_w.l(libinit2.o)
    0x08000202   0x08000202   0x00000000   Code   RO         4870    .ARM.Collect$$libinit$$00000023  c_w.l(libinit2.o)
    0x08000202   0x08000202   0x00000000   Code   RO         4872    .ARM.Collect$$libinit$$00000025  c_w.l(libinit2.o)
    0x08000202   0x08000202   0x00000000   Code   RO         4876    .ARM.Collect$$libinit$$0000002C  c_w.l(libinit2.o)
    0x08000202   0x08000202   0x00000000   Code   RO         4878    .ARM.Collect$$libinit$$0000002E  c_w.l(libinit2.o)
    0x08000202   0x08000202   0x00000000   Code   RO         4880    .ARM.Collect$$libinit$$00000030  c_w.l(libinit2.o)
    0x08000202   0x08000202   0x00000004   Code   RO         4881    .ARM.Collect$$libinit$$00000031  c_w.l(libinit2.o)
    0x08000206   0x08000206   0x00000000   Code   RO         4882    .ARM.Collect$$libinit$$00000032  c_w.l(libinit2.o)
    0x08000206   0x08000206   0x00000002   Code   RO         4883    .ARM.Collect$$libinit$$00000033  c_w.l(libinit2.o)
    0x08000208   0x08000208   0x00000002   Code   RO         5122    .ARM.Collect$$libshutdown$$00000000  c_w.l(libshutdown.o)
    0x0800020a   0x0800020a   0x00000000   Code   RO         5138    .ARM.Collect$$libshutdown$$00000002  c_w.l(libshutdown2.o)
    0x0800020a   0x0800020a   0x00000000   Code   RO         5140    .ARM.Collect$$libshutdown$$00000004  c_w.l(libshutdown2.o)
    0x0800020a   0x0800020a   0x00000000   Code   RO         5143    .ARM.Collect$$libshutdown$$00000007  c_w.l(libshutdown2.o)
    0x0800020a   0x0800020a   0x00000000   Code   RO         5146    .ARM.Collect$$libshutdown$$0000000A  c_w.l(libshutdown2.o)
    0x0800020a   0x0800020a   0x00000000   Code   RO         5148    .ARM.Collect$$libshutdown$$0000000C  c_w.l(libshutdown2.o)
    0x0800020a   0x0800020a   0x00000000   Code   RO         5151    .ARM.Collect$$libshutdown$$0000000F  c_w.l(libshutdown2.o)
    0x0800020a   0x0800020a   0x00000002   Code   RO         5152    .ARM.Collect$$libshutdown$$00000010  c_w.l(libshutdown2.o)
    0x0800020c   0x0800020c   0x00000000   Code   RO         4832    .ARM.Collect$$rtentry$$00000000  c_w.l(__rtentry.o)
    0x0800020c   0x0800020c   0x00000000   Code   RO         4916    .ARM.Collect$$rtentry$$00000002  c_w.l(__rtentry2.o)
    0x0800020c   0x0800020c   0x00000006   Code   RO         4928    .ARM.Collect$$rtentry$$00000004  c_w.l(__rtentry4.o)
    0x08000212   0x08000212   0x00000000   Code   RO         4918    .ARM.Collect$$rtentry$$00000009  c_w.l(__rtentry2.o)
    0x08000212   0x08000212   0x00000004   Code   RO         4919    .ARM.Collect$$rtentry$$0000000A  c_w.l(__rtentry2.o)
    0x08000216   0x08000216   0x00000000   Code   RO         4921    .ARM.Collect$$rtentry$$0000000C  c_w.l(__rtentry2.o)
    0x08000216   0x08000216   0x00000008   Code   RO         4922    .ARM.Collect$$rtentry$$0000000D  c_w.l(__rtentry2.o)
    0x0800021e   0x0800021e   0x00000002   Code   RO         4974    .ARM.Collect$$rtexit$$00000000  c_w.l(rtexit.o)
    0x08000220   0x08000220   0x00000000   Code   RO         5062    .ARM.Collect$$rtexit$$00000002  c_w.l(rtexit2.o)
    0x08000220   0x08000220   0x00000004   Code   RO         5063    .ARM.Collect$$rtexit$$00000003  c_w.l(rtexit2.o)
    0x08000224   0x08000224   0x00000006   Code   RO         5064    .ARM.Collect$$rtexit$$00000004  c_w.l(rtexit2.o)
    0x0800022a   0x0800022a   0x00000002   PAD
    0x0800022c   0x0800022c   0x00000040   Code   RO            4    .text               startup_stm32f407xx.o
    0x0800026c   0x0800026c   0x000000ee   Code   RO         4763    .text               c_w.l(lludivv7m.o)
    0x0800035a   0x0800035a   0x0000004e   Code   RO         4767    .text               c_w.l(rt_memclr_w.o)
    0x080003a8   0x080003a8   0x00000006   Code   RO         4769    .text               c_w.l(heapauxi.o)
    0x080003ae   0x080003ae   0x00000002   PAD
    0x080003b0   0x080003b0   0x00000024   Code   RO         4776    .text               c_w.l(init_aeabi.o)
    0x080003d4   0x080003d4   0x00000016   Code   RO         4837    .text               c_w.l(_rserrno.o)
    0x080003ea   0x080003ea   0x00000002   PAD
    0x080003ec   0x080003ec   0x00000008   Code   RO         4935    .text               c_w.l(rt_errno_addr_intlibspace.o)
    0x080003f4   0x080003f4   0x00000008   Code   RO         4944    .text               c_w.l(libspace.o)
    0x080003fc   0x080003fc   0x0000004a   Code   RO         4947    .text               c_w.l(sys_stackheap_outer.o)
    0x08000446   0x08000446   0x00000012   Code   RO         4949    .text               c_w.l(exit.o)
    0x08000458   0x08000458   0x0000000c   Code   RO         5054    .text               c_w.l(sys_exit.o)
    0x08000464   0x08000464   0x00000002   Code   RO         5056    .text               c_w.l(use_no_semi.o)
    0x08000466   0x08000466   0x00000000   Code   RO         5060    .text               c_w.l(indicate_semi.o)
    0x08000466   0x08000466   0x00000004   Code   RO          601    i.BusFault_Handler  stm32f4xx_it.o
    0x0800046a   0x0800046a   0x00000002   PAD
    0x0800046c   0x0800046c   0x00000010   Code   RO          602    i.DMA1_Stream1_IRQHandler  stm32f4xx_it.o
    0x0800047c   0x0800047c   0x00000010   Code   RO          603    i.DMA1_Stream3_IRQHandler  stm32f4xx_it.o
    0x0800048c   0x0800048c   0x00000002   Code   RO          604    i.DebugMon_Handler  stm32f4xx_it.o
    0x0800048e   0x0800048e   0x0000000a   Code   RO          605    i.EXTI0_IRQHandler  stm32f4xx_it.o
    0x08000498   0x08000498   0x0000001c   Code   RO          606    i.EXTI15_10_IRQHandler  stm32f4xx_it.o
    0x080004b4   0x080004b4   0x0000000a   Code   RO          607    i.EXTI3_IRQHandler  stm32f4xx_it.o
    0x080004be   0x080004be   0x0000000a   Code   RO          608    i.EXTI4_IRQHandler  stm32f4xx_it.o
    0x080004c8   0x080004c8   0x00000006   Code   RO           13    i.Error_Handler     main.o
    0x080004ce   0x080004ce   0x000000ac   Code   RO         2537    i.HAL_DMA_Abort     stm32f4xx_hal_dma.o
    0x0800057a   0x0800057a   0x00000028   Code   RO         2538    i.HAL_DMA_Abort_IT  stm32f4xx_hal_dma.o
    0x080005a2   0x080005a2   0x00000002   PAD
    0x080005a4   0x080005a4   0x00000240   Code   RO         2542    i.HAL_DMA_IRQHandler  stm32f4xx_hal_dma.o
    0x080007e4   0x080007e4   0x000000ec   Code   RO         2543    i.HAL_DMA_Init      stm32f4xx_hal_dma.o
    0x080008d0   0x080008d0   0x0000002c   Code   RO          609    i.HAL_GPIO_EXTI_Callback  stm32f4xx_it.o
    0x080008fc   0x080008fc   0x0000001c   Code   RO         2420    i.HAL_GPIO_EXTI_IRQHandler  stm32f4xx_hal_gpio.o
    0x08000918   0x08000918   0x000001f4   Code   RO         2421    i.HAL_GPIO_Init     stm32f4xx_hal_gpio.o
    0x08000b0c   0x08000b0c   0x00000010   Code   RO         2423    i.HAL_GPIO_ReadPin  stm32f4xx_hal_gpio.o
    0x08000b1c   0x08000b1c   0x0000000c   Code   RO         2425    i.HAL_GPIO_WritePin  stm32f4xx_hal_gpio.o
    0x08000b28   0x08000b28   0x0000000c   Code   RO         3035    i.HAL_GetTick       stm32f4xx_hal.o
    0x08000b34   0x08000b34   0x00000018   Code   RO         3041    i.HAL_IncTick       stm32f4xx_hal.o
    0x08000b4c   0x08000b4c   0x0000003c   Code   RO         3042    i.HAL_Init          stm32f4xx_hal.o
    0x08000b88   0x08000b88   0x0000004c   Code   RO         3043    i.HAL_InitTick      stm32f4xx_hal.o
    0x08000bd4   0x08000bd4   0x00000058   Code   RO          798    i.HAL_MspInit       stm32f4xx_hal_msp.o
    0x08000c2c   0x08000c2c   0x00000028   Code   RO         2861    i.HAL_NVIC_EnableIRQ  stm32f4xx_hal_cortex.o
    0x08000c54   0x08000c54   0x0000007c   Code   RO         2867    i.HAL_NVIC_SetPriority  stm32f4xx_hal_cortex.o
    0x08000cd0   0x08000cd0   0x00000028   Code   RO         2868    i.HAL_NVIC_SetPriorityGrouping  stm32f4xx_hal_cortex.o
    0x08000cf8   0x08000cf8   0x00000184   Code   RO         1969    i.HAL_RCC_ClockConfig  stm32f4xx_hal_rcc.o
    0x08000e7c   0x08000e7c   0x0000000c   Code   RO         1974    i.HAL_RCC_GetHCLKFreq  stm32f4xx_hal_rcc.o
    0x08000e88   0x08000e88   0x00000020   Code   RO         1976    i.HAL_RCC_GetPCLK1Freq  stm32f4xx_hal_rcc.o
    0x08000ea8   0x08000ea8   0x00000020   Code   RO         1977    i.HAL_RCC_GetPCLK2Freq  stm32f4xx_hal_rcc.o
    0x08000ec8   0x08000ec8   0x000000b0   Code   RO         1978    i.HAL_RCC_GetSysClockFreq  stm32f4xx_hal_rcc.o
    0x08000f78   0x08000f78   0x0000049c   Code   RO         1981    i.HAL_RCC_OscConfig  stm32f4xx_hal_rcc.o
    0x08001414   0x08001414   0x00000034   Code   RO         2872    i.HAL_SYSTICK_Config  stm32f4xx_hal_cortex.o
    0x08001448   0x08001448   0x00000002   Code   RO         1659    i.HAL_TIMEx_BreakCallback  stm32f4xx_hal_tim_ex.o
    0x0800144a   0x0800144a   0x00000002   Code   RO         1660    i.HAL_TIMEx_CommutCallback  stm32f4xx_hal_tim_ex.o
    0x0800144c   0x0800144c   0x00000074   Code   RO         1662    i.HAL_TIMEx_ConfigBreakDeadTime  stm32f4xx_hal_tim_ex.o
    0x080014c0   0x080014c0   0x000000b4   Code   RO         1678    i.HAL_TIMEx_MasterConfigSynchronization  stm32f4xx_hal_tim_ex.o
    0x08001574   0x08001574   0x00000066   Code   RO          825    i.HAL_TIM_Base_Init  stm32f4xx_hal_tim.o
    0x080015da   0x080015da   0x00000002   PAD
    0x080015dc   0x080015dc   0x00000120   Code   RO          435    i.HAL_TIM_Base_MspInit  tim.o
    0x080016fc   0x080016fc   0x0000010c   Code   RO          834    i.HAL_TIM_ConfigClockSource  stm32f4xx_hal_tim.o
    0x08001808   0x08001808   0x00000002   Code   RO          859    i.HAL_TIM_IC_CaptureCallback  stm32f4xx_hal_tim.o
    0x0800180a   0x0800180a   0x0000016c   Code   RO          873    i.HAL_TIM_IRQHandler  stm32f4xx_hal_tim.o
    0x08001976   0x08001976   0x00000002   PAD
    0x08001978   0x08001978   0x000001c8   Code   RO          436    i.HAL_TIM_MspPostInit  tim.o
    0x08001b40   0x08001b40   0x00000002   Code   RO          876    i.HAL_TIM_OC_DelayElapsedCallback  stm32f4xx_hal_tim.o
    0x08001b42   0x08001b42   0x00000104   Code   RO          897    i.HAL_TIM_PWM_ConfigChannel  stm32f4xx_hal_tim.o
    0x08001c46   0x08001c46   0x00000066   Code   RO          900    i.HAL_TIM_PWM_Init  stm32f4xx_hal_tim.o
    0x08001cac   0x08001cac   0x00000088   Code   RO          438    i.HAL_TIM_PWM_MspInit  tim.o
    0x08001d34   0x08001d34   0x00000002   Code   RO          903    i.HAL_TIM_PWM_PulseFinishedCallback  stm32f4xx_hal_tim.o
    0x08001d36   0x08001d36   0x00000002   PAD
    0x08001d38   0x08001d38   0x00000020   Code   RO          610    i.HAL_TIM_PeriodElapsedCallback  stm32f4xx_it.o
    0x08001d58   0x08001d58   0x00000002   Code   RO          916    i.HAL_TIM_TriggerCallback  stm32f4xx_hal_tim.o
    0x08001d5a   0x08001d5a   0x00000002   Code   RO         3328    i.HAL_UARTEx_RxEventCallback  stm32f4xx_hal_uart.o
    0x08001d5c   0x08001d5c   0x00000002   Code   RO         3342    i.HAL_UART_ErrorCallback  stm32f4xx_hal_uart.o
    0x08001d5e   0x08001d5e   0x00000002   PAD
    0x08001d60   0x08001d60   0x000002e8   Code   RO         3345    i.HAL_UART_IRQHandler  stm32f4xx_hal_uart.o
    0x08002048   0x08002048   0x00000076   Code   RO         3346    i.HAL_UART_Init     stm32f4xx_hal_uart.o
    0x080020be   0x080020be   0x00000002   PAD
    0x080020c0   0x080020c0   0x00000260   Code   RO          543    i.HAL_UART_MspInit  usart.o
    0x08002320   0x08002320   0x0000002c   Code   RO         3351    i.HAL_UART_Receive_IT  stm32f4xx_hal_uart.o
    0x0800234c   0x0800234c   0x00000014   Code   RO           14    i.HAL_UART_RxCpltCallback  main.o
    0x08002360   0x08002360   0x00000002   Code   RO         3357    i.HAL_UART_TxCpltCallback  stm32f4xx_hal_uart.o
    0x08002362   0x08002362   0x00000004   Code   RO          611    i.HardFault_Handler  stm32f4xx_it.o
    0x08002366   0x08002366   0x00000002   PAD
    0x08002368   0x08002368   0x00000048   Code   RO          352    i.MX_DMA_Init       dma.o
    0x080023b0   0x080023b0   0x000002f4   Code   RO          231    i.MX_GPIO_Init      gpio.o
    0x080026a4   0x080026a4   0x0000006c   Code   RO          439    i.MX_TIM11_Init     tim.o
    0x08002710   0x08002710   0x00000070   Code   RO          440    i.MX_TIM13_Init     tim.o
    0x08002780   0x08002780   0x00000034   Code   RO          441    i.MX_TIM14_Init     tim.o
    0x080027b4   0x080027b4   0x000000ac   Code   RO          442    i.MX_TIM3_Init      tim.o
    0x08002860   0x08002860   0x000000a4   Code   RO          443    i.MX_TIM4_Init      tim.o
    0x08002904   0x08002904   0x0000006c   Code   RO          444    i.MX_TIM5_Init      tim.o
    0x08002970   0x08002970   0x000000c0   Code   RO          445    i.MX_TIM8_Init      tim.o
    0x08002a30   0x08002a30   0x00000038   Code   RO          544    i.MX_UART5_Init     usart.o
    0x08002a68   0x08002a68   0x00000038   Code   RO          545    i.MX_USART2_UART_Init  usart.o
    0x08002aa0   0x08002aa0   0x00000038   Code   RO          546    i.MX_USART3_UART_Init  usart.o
    0x08002ad8   0x08002ad8   0x00000004   Code   RO          612    i.MemManage_Handler  stm32f4xx_it.o
    0x08002adc   0x08002adc   0x00000004   Code   RO          613    i.NMI_Handler       stm32f4xx_it.o
    0x08002ae0   0x08002ae0   0x00000002   Code   RO          614    i.PendSV_Handler    stm32f4xx_it.o
    0x08002ae2   0x08002ae2   0x00000002   Code   RO          615    i.RCC_IRQHandler    stm32f4xx_it.o
    0x08002ae4   0x08002ae4   0x00000002   Code   RO          616    i.SVC_Handler       stm32f4xx_it.o
    0x08002ae6   0x08002ae6   0x00000008   Code   RO          617    i.SysTick_Handler   stm32f4xx_it.o
    0x08002aee   0x08002aee   0x00000002   PAD
    0x08002af0   0x08002af0   0x00000014   Code   RO         3752    i.SystemInit        system_stm32f4xx.o
    0x08002b04   0x08002b04   0x00000010   Code   RO          618    i.TIM3_IRQHandler   stm32f4xx_it.o
    0x08002b14   0x08002b14   0x00000010   Code   RO          619    i.TIM4_IRQHandler   stm32f4xx_it.o
    0x08002b24   0x08002b24   0x00000010   Code   RO          620    i.TIM5_IRQHandler   stm32f4xx_it.o
    0x08002b34   0x08002b34   0x00000018   Code   RO          621    i.TIM8_TRG_COM_TIM14_IRQHandler  stm32f4xx_it.o
    0x08002b4c   0x08002b4c   0x000000e8   Code   RO          918    i.TIM_Base_SetConfig  stm32f4xx_hal_tim.o
    0x08002c34   0x08002c34   0x00000016   Code   RO          924    i.TIM_ETR_SetConfig  stm32f4xx_hal_tim.o
    0x08002c4a   0x08002c4a   0x00000002   PAD
    0x08002c4c   0x08002c4c   0x0000007c   Code   RO          925    i.TIM_OC2_SetConfig  stm32f4xx_hal_tim.o
    0x08002cc8   0x08002cc8   0x00000010   Code   RO          622    i.UART5_IRQHandler  stm32f4xx_it.o
    0x08002cd8   0x08002cd8   0x00000040   Code   RO         3360    i.UART_Start_Receive_IT  stm32f4xx_hal_uart.o
    0x08002d18   0x08002d18   0x00000010   Code   RO          623    i.USART2_IRQHandler  stm32f4xx_it.o
    0x08002d28   0x08002d28   0x00000010   Code   RO          624    i.USART3_IRQHandler  stm32f4xx_it.o
    0x08002d38   0x08002d38   0x00000004   Code   RO          625    i.UsageFault_Handler  stm32f4xx_it.o
    0x08002d3c   0x08002d3c   0x0000001c   Code   RO         3791    i._Z12ACC_TIM14_ITv  msdriver.o
    0x08002d58   0x08002d58   0x00000024   Code   RO         3976    i._Z12SHOOT_TIM_ITv  shoot.o
    0x08002d7c   0x08002d7c   0x00000024   Code   RO         4134    i._Z14JiXieBi_TIM_ITv  jixiebi.o
    0x08002da0   0x08002da0   0x00000044   Code   RO         4690    i._Z14com_raspi_Initv  com_to_raspi.o
    0x08002de4   0x08002de4   0x00000010   Code   RO         4691    i._Z16COM_RASPI_TIM_ITv  com_to_raspi.o
    0x08002df4   0x08002df4   0x00000024   Code   RO         4650    i._Z16Task_10ms_TIM_ITP17TIM_HandleTypeDef  task.o
    0x08002e18   0x08002e18   0x000000b8   Code   RO           15    i._Z18SystemClock_Configv  main.o
    0x08002ed0   0x08002ed0   0x00000258   Code   RO         4692    i._Z20handle_received_datav  com_to_raspi.o
    0x08003128   0x08003128   0x0000000c   Code   RO         4136    i._Z21JiXieBi_set_fourth_djs  jixiebi.o
    0x08003134   0x08003134   0x0000001c   Code   RO         3796    i._Z7get_dirv       msdriver.o
    0x08003150   0x08003150   0x00000024   Code   RO         3797    i._Z7set_dir10DIR_status  msdriver.o
    0x08003174   0x08003174   0x00000070   Code   RO         3798    i._Z8GDM_EXTIt      msdriver.o
    0x080031e4   0x080031e4   0x00000008   Code   RO         4277    i._ZN11Class_Motor25Get_Rotate_Direction_FlagEv  motor.o
    0x080031ec   0x080031ec   0x000000a6   Code   RO         4280    i._ZN11Class_Motor6OutputEv  motor.o
    0x08003292   0x08003292   0x0000003e   Code   RO         4206    i._ZN13Class_Chassis31Hall_Encoder_GPIO_EXTI_CallbackEt  chassis.o
    0x080032d0   0x080032d0   0x000002f4   Code   RO         4207    i._ZN13Class_Chassis35Calculate_TIM_PeriodElapsedCallbackEv  chassis.o
    0x080035c4   0x080035c4   0x00000006   Code   RO         4287    i._ZN29Class_Motor_With_Hall_Encoder16Set_Omega_TargetEf  motor.o
    0x080035ca   0x080035ca   0x00000040   Code   RO         4291    i._ZN29Class_Motor_With_Hall_Encoder31Hall_Encoder_GPIO_EXTI_CallbackEv  motor.o
    0x0800360a   0x0800360a   0x00000002   PAD
    0x0800360c   0x0800360c   0x00000140   Code   RO         4292    i._ZN29Class_Motor_With_Hall_Encoder35Calculate_TIM_PeriodElapsedCallbackEv  motor.o
    0x0800374c   0x0800374c   0x0000007c   Code   RO           65    i._ZN29Class_Motor_With_Hall_EncoderC1Ev  main.o
    0x080037c8   0x080037c8   0x000000aa   Code   RO         2550    i._ZN41_INTERNAL_19_stm32f4xx_hal_dma_c_c25f65ec18DMA_CheckFifoParamEP19__DMA_HandleTypeDef  stm32f4xx_hal_dma.o
    0x08003872   0x08003872   0x00000002   PAD
    0x08003874   0x08003874   0x00000034   Code   RO         2551    i._ZN41_INTERNAL_19_stm32f4xx_hal_dma_c_c25f65ec23DMA_CalcBaseAndBitshiftEP19__DMA_HandleTypeDef  stm32f4xx_hal_dma.o
    0x080038a8   0x080038a8   0x00000070   Code   RO          927    i._ZN41_INTERNAL_19_stm32f4xx_hal_tim_c_a9d95b5217TIM_OC1_SetConfigEP11TIM_TypeDefPK18TIM_OC_InitTypeDef  stm32f4xx_hal_tim.o
    0x08003918   0x08003918   0x00000078   Code   RO          928    i._ZN41_INTERNAL_19_stm32f4xx_hal_tim_c_a9d95b5217TIM_OC3_SetConfigEP11TIM_TypeDefPK18TIM_OC_InitTypeDef  stm32f4xx_hal_tim.o
    0x08003990   0x08003990   0x00000054   Code   RO          929    i._ZN41_INTERNAL_19_stm32f4xx_hal_tim_c_a9d95b5217TIM_OC4_SetConfigEP11TIM_TypeDefPK18TIM_OC_InitTypeDef  stm32f4xx_hal_tim.o
    0x080039e4   0x080039e4   0x00000012   Code   RO          934    i._ZN41_INTERNAL_19_stm32f4xx_hal_tim_c_a9d95b5218TIM_ITRx_SetConfigEP11TIM_TypeDefj  stm32f4xx_hal_tim.o
    0x080039f6   0x080039f6   0x00000026   Code   RO          939    i._ZN41_INTERNAL_19_stm32f4xx_hal_tim_c_a9d95b5224TIM_TI1_ConfigInputStageEP11TIM_TypeDefjj  stm32f4xx_hal_tim.o
    0x08003a1c   0x08003a1c   0x00000028   Code   RO          940    i._ZN41_INTERNAL_19_stm32f4xx_hal_tim_c_a9d95b5224TIM_TI2_ConfigInputStageEP11TIM_TypeDefjj  stm32f4xx_hal_tim.o
    0x08003a44   0x08003a44   0x0000022c   Code   RO         3362    i._ZN42_INTERNAL_20_stm32f4xx_hal_uart_c_d497114f14UART_SetConfigEP20__UART_HandleTypeDef  stm32f4xx_hal_uart.o
    0x08003c70   0x08003c70   0x000000fc   Code   RO         3363    i._ZN42_INTERNAL_20_stm32f4xx_hal_uart_c_d497114f15UART_Receive_ITEP20__UART_HandleTypeDef  stm32f4xx_hal_uart.o
    0x08003d6c   0x08003d6c   0x00000060   Code   RO         3364    i._ZN42_INTERNAL_20_stm32f4xx_hal_uart_c_d497114f16UART_Transmit_ITEP20__UART_HandleTypeDef  stm32f4xx_hal_uart.o
    0x08003dcc   0x08003dcc   0x0000006c   Code   RO         3367    i._ZN42_INTERNAL_20_stm32f4xx_hal_uart_c_d497114f18UART_EndRxTransferEP20__UART_HandleTypeDef  stm32f4xx_hal_uart.o
    0x08003e38   0x08003e38   0x00000020   Code   RO         3370    i._ZN42_INTERNAL_20_stm32f4xx_hal_uart_c_d497114f19UART_EndTransmit_ITEP20__UART_HandleTypeDef  stm32f4xx_hal_uart.o
    0x08003e58   0x08003e58   0x00000014   Code   RO         3371    i._ZN42_INTERNAL_20_stm32f4xx_hal_uart_c_d497114f20UART_DMAAbortOnErrorEP19__DMA_HandleTypeDef  stm32f4xx_hal_uart.o
    0x08003e6c   0x08003e6c   0x00000028   Code   RO         2874    i._ZN44_INTERNAL_22_stm32f4xx_hal_cortex_c_2992dbc018__NVIC_SetPriorityE9IRQn_Typej  stm32f4xx_hal_cortex.o
    0x08003e94   0x08003e94   0x00000010   Code   RO         2875    i._ZN44_INTERNAL_22_stm32f4xx_hal_cortex_c_2992dbc026__NVIC_GetPriorityGroupingEv  stm32f4xx_hal_cortex.o
    0x08003ea4   0x08003ea4   0x00000006   Code   RO         4498    i._ZN9Class_PID10Set_TargetEf  pid.o
    0x08003eaa   0x08003eaa   0x00000002   PAD
    0x08003eac   0x08003eac   0x00000220   Code   RO         4506    i._ZN9Class_PID32Adjust_TIM_PeriodElapsedCallbackEv  pid.o
    0x080040cc   0x080040cc   0x00000006   Code   RO         4508    i._ZN9Class_PID7Get_OutEv  pid.o
    0x080040d2   0x080040d2   0x00000006   Code   RO         4512    i._ZN9Class_PID7Set_NowEf  pid.o
    0x080040d8   0x080040d8   0x00000070   Code   RO           62    i._ZN9Class_PIDC1Ev  main.o
    0x08004148   0x08004148   0x00000026   Code   RO         4896    i.__ARM_fpclassifyf  m_wm.l(fpclassifyf.o)
    0x0800416e   0x0800416e   0x00000024   Code   RO         4779    i.__aeabi_vec_ctor_nocookie_nodtor  cpprt_w.l(aeabi_vec_ctor_nocookie_nodtor.o)
    0x08004192   0x08004192   0x00000002   PAD
    0x08004194   0x08004194   0x00000150   Code   RO         4808    i.__hardfp_cosf     m_wm.l(cosf.o)
    0x080042e4   0x080042e4   0x00000190   Code   RO         4820    i.__hardfp_sinf     m_wm.l(sinf.o)
    0x08004474   0x08004474   0x00000006   Code   RO         4899    i.__mathlib_flt_infnan  m_wm.l(funder.o)
    0x0800447a   0x0800447a   0x00000002   PAD
    0x0800447c   0x0800447c   0x00000010   Code   RO         4901    i.__mathlib_flt_invalid  m_wm.l(funder.o)
    0x0800448c   0x0800448c   0x00000010   Code   RO         4904    i.__mathlib_flt_underflow  m_wm.l(funder.o)
    0x0800449c   0x0800449c   0x00000154   Code   RO         4912    i.__mathlib_rredf2  m_wm.l(rredf.o)
    0x080045f0   0x080045f0   0x00000034   Code   RO           16    i.__sti___6_main_c_Chassis  main.o
    0x08004624   0x08004624   0x00000040   Code   RO           17    i.main              main.o
    0x08004664   0x08004664   0x00000028   Code   RO         4251    t._Z14Math_ConstrainIfEvPT_S0_S0_  chassis.o
    0x0800468c   0x0800468c   0x00000014   Code   RO         4418    t._Z14Math_ConstrainIiEvPT_S0_S0_  motor.o
    0x080046a0   0x080046a0   0x0000001a   Code   RO         4600    t._Z8Math_AbsIfET_S0_  pid.o
    0x080046ba   0x080046ba   0x0000000e   Code   RO         4411    t._Z8Math_AbsIiET_S0_  motor.o
    0x080046c8   0x080046c8   0x00000062   Code   RO         4782    x$fpl$d2f           fz_wm.l(d2f.o)
    0x0800472a   0x0800472a   0x00000002   PAD
    0x0800472c   0x0800472c   0x00000150   Code   RO         4784    x$fpl$dadd          fz_wm.l(daddsub_clz.o)
    0x0800487c   0x0800487c   0x000002b0   Code   RO         4791    x$fpl$ddiv          fz_wm.l(ddiv.o)
    0x08004b2c   0x08004b2c   0x0000002e   Code   RO         4799    x$fpl$dflt          fz_wm.l(dflt_clz.o)
    0x08004b5a   0x08004b5a   0x00000002   PAD
    0x08004b5c   0x08004b5c   0x00000154   Code   RO         4804    x$fpl$dmul          fz_wm.l(dmul.o)
    0x08004cb0   0x08004cb0   0x0000009c   Code   RO         4887    x$fpl$dnaninf       fz_wm.l(dnaninf.o)
    0x08004d4c   0x08004d4c   0x0000000c   Code   RO         4889    x$fpl$dretinf       fz_wm.l(dretinf.o)
    0x08004d58   0x08004d58   0x000001d4   Code   RO         4786    x$fpl$dsub          fz_wm.l(daddsub_clz.o)
    0x08004f2c   0x08004f2c   0x00000056   Code   RO         4806    x$fpl$f2d           fz_wm.l(f2d.o)
    0x08004f82   0x08004f82   0x0000008c   Code   RO         4891    x$fpl$fnaninf       fz_wm.l(fnaninf.o)
    0x0800500e   0x0800500e   0x0000000a   Code   RO         4942    x$fpl$fpinit        fz_wm.l(fpinit.o)
    0x08005018   0x08005018   0x0000000a   Code   RO         4893    x$fpl$fretinf       fz_wm.l(fretinf.o)
    0x08005022   0x08005022   0x00000000   Code   RO         4895    x$fpl$usenofp       fz_wm.l(usenofp.o)
    0x08005022   0x08005022   0x00000002   PAD
    0x08005024   0x08005024   0x00000010   Data   RO           24    .constdata          main.o
    0x08005034   0x08005034   0x00000008   Data   RO         2567    .constdata          stm32f4xx_hal_dma.o
    0x0800503c   0x0800503c   0x00000018   Data   RO         3755    .constdata          system_stm32f4xx.o
    0x08005054   0x08005054   0x00000020   Data   RO         4913    .constdata          m_wm.l(rredf.o)
    0x08005074   0x08005074   0x00000020   Data   RO         5157    Region$$Table       anon$$obj.o
    0x08005094   0x08005094   0x00000004   Data   RO           26    .init_array         main.o
    0x08005098   0x08005094   0x00000000   Data   RO         4774    .init_array         c_w.l(init_aeabi.o)


    Execution Region RW_IRAM1 (Exec base: 0x20000000, Load base: 0x08005098, Size: 0x000012c8, Max: 0x0001c000, ABSOLUTE)

    Exec Addr    Load Addr    Size         Type   Attr      Idx    E Section Name        Object

    0x20000000   0x08005098   0x00000009   Data   RW         3076    .data               stm32f4xx_hal.o
    0x20000009   0x080050a1   0x00000003   PAD
    0x2000000c   0x080050a4   0x00000004   Data   RW         3756    .data               system_stm32f4xx.o
    0x20000010   0x080050a8   0x00000034   Data   RW         3810    .data               msdriver.o
    0x20000044   0x080050dc   0x00000008   Data   RW         3986    .data               shoot.o
    0x2000004c   0x080050e4   0x00000006   Data   RW         4143    .data               jixiebi.o
    0x20000052   0x080050ea   0x00000002   PAD
    0x20000054   0x080050ec   0x00000019   Data   RW         4701    .data               com_to_raspi.o
    0x2000006d   0x08005105   0x00000003   PAD
    0x20000070        -       0x000006c4   Zero   RW           23    .bss                main.o
    0x20000734        -       0x000001f8   Zero   RW          458    .bss                tim.o
    0x2000092c        -       0x00000198   Zero   RW          552    .bss                usart.o
    0x20000ac4        -       0x000001a0   Zero   RW         4700    .bss                com_to_raspi.o
    0x20000c64        -       0x00000060   Zero   RW         4945    .bss                c_w.l(libspace.o)
    0x20000cc4   0x08005105   0x00000004   PAD
    0x20000cc8        -       0x00000200   Zero   RW            2    HEAP                startup_stm32f407xx.o
    0x20000ec8        -       0x00000400   Zero   RW            1    STACK               startup_stm32f407xx.o


    Execution Region RW_IRAM2 (Exec base: 0x2001c000, Load base: 0x08005108, Size: 0x00000000, Max: 0x00004000, ABSOLUTE)

    **** No section assigned to this execution region ****


==============================================================================

Image component sizes


      Code (inc. data)   RO Data    RW Data    ZI Data      Debug   Object Name

       858         24          0          0          0       6873   chassis.o
       684         72          0         25        416       4679   com_to_raspi.o
        72          4          0          0          0     587206   dma.o
       756         28          0          0          0     688967   gpio.o
        48         16          0          6          0       1324   jixiebi.o
       562         48         20          0       1732     691176   main.o
       598          4          0          0          0     612992   motor.o
       204         28          0         52          0       2904   msdriver.o
       588          4          0          0          0       2891   pid.o
        36         10          0          8          0        764   shoot.o
        64         26        392          0       1536        844   startup_stm32f407xx.o
       172         32          0          9          0       8937   stm32f4xx_hal.o
       312         22          0          0          0      34359   stm32f4xx_hal_cortex.o
      1246         16          8          0          0       5555   stm32f4xx_hal_dma.o
       556         50          0          0          0       3606   stm32f4xx_hal_gpio.o
        88          4          0          0          0       1038   stm32f4xx_hal_msp.o
      1820         84          0          0          0       5800   stm32f4xx_hal_rcc.o
      1894         82          0          0          0      13934   stm32f4xx_hal_tim.o
       300         30          0          0          0       3533   stm32f4xx_hal_tim_ex.o
      2040         14          0          0          0      10708   stm32f4xx_hal_uart.o
       322         70          0          0          0      13077   stm32f4xx_it.o
        20          6         24          4          0       1303   system_stm32f4xx.o
        36          4          0          0          0        999   task.o
      1788        144          0          0        504       7734   tim.o
       776         76          0          0        408       3464   usart.o

    ----------------------------------------------------------------------
     15866        898        476        112       4596    2714667   Object Totals
         0          0         32          0          0          0   (incl. Generated)
        26          0          0          8          0          0   (incl. Padding)

    ----------------------------------------------------------------------

      Code (inc. data)   RO Data    RW Data    ZI Data      Debug   Library Member Name

         8          0          0          0          0         68   __main.o
         0          0          0          0          0          0   __rtentry.o
        12          0          0          0          0          0   __rtentry2.o
         6          0          0          0          0          0   __rtentry4.o
        52          8          0          0          0          0   __scatter.o
        26          0          0          0          0          0   __scatter_copy.o
        28          0          0          0          0          0   __scatter_zi.o
        22          0          0          0          0        100   _rserrno.o
        18          0          0          0          0         80   exit.o
         6          0          0          0          0        152   heapauxi.o
         0          0          0          0          0          0   indicate_semi.o
        36         10          0          0          0         80   init_aeabi.o
         2          0          0          0          0          0   libinit.o
        10          0          0          0          0          0   libinit2.o
         2          0          0          0          0          0   libshutdown.o
         2          0          0          0          0          0   libshutdown2.o
         8          4          0          0         96         68   libspace.o
       238          0          0          0          0        100   lludivv7m.o
         8          4          0          0          0         68   rt_errno_addr_intlibspace.o
        78          0          0          0          0         80   rt_memclr_w.o
         2          0          0          0          0          0   rtexit.o
        10          0          0          0          0          0   rtexit2.o
        12          4          0          0          0         68   sys_exit.o
        74          0          0          0          0         80   sys_stackheap_outer.o
         2          0          0          0          0         68   use_no_semi.o
        36          0          0          0          0         84   aeabi_vec_ctor_nocookie_nodtor.o
        98          4          0          0          0        140   d2f.o
       804         16          0          0          0        368   daddsub_clz.o
       688        140          0          0          0        256   ddiv.o
        46          0          0          0          0        116   dflt_clz.o
       340         12          0          0          0        152   dmul.o
       156          4          0          0          0        140   dnaninf.o
        12          0          0          0          0        116   dretinf.o
        86          4          0          0          0        132   f2d.o
       140          4          0          0          0        132   fnaninf.o
        10          0          0          0          0        116   fpinit.o
        10          0          0          0          0        116   fretinf.o
         0          0          0          0          0          0   usenofp.o
       336         56          0          0          0        136   cosf.o
        38          0          0          0          0        116   fpclassifyf.o
        38         12          0          0          0        348   funder.o
       340         24         32          0          0        160   rredf.o
       400         56          0          0          0        212   sinf.o

    ----------------------------------------------------------------------
      4258        362         32          0        100       3852   Library Totals
        18          0          0          0          4          0   (incl. Padding)

    ----------------------------------------------------------------------

      Code (inc. data)   RO Data    RW Data    ZI Data      Debug   Library Name

       662         30          0          0         96       1012   c_w.l
        36          0          0          0          0         84   cpprt_w.l
      2390        184          0          0          0       1784   fz_wm.l
      1152        148         32          0          0        972   m_wm.l

    ----------------------------------------------------------------------
      4258        362         32          0        100       3852   Library Totals

    ----------------------------------------------------------------------

==============================================================================


      Code (inc. data)   RO Data    RW Data    ZI Data      Debug   

     20124       1260        508        112       4696    2703251   Grand Totals
     20124       1260        508        112       4696    2703251   ELF Image Totals
     20124       1260        508        112          0          0   ROM Totals

==============================================================================

    Total RO  Size (Code + RO Data)                20632 (  20.15kB)
    Total RW  Size (RW Data + ZI Data)              4808 (   4.70kB)
    Total ROM Size (Code + RO Data + RW Data)      20744 (  20.26kB)

==============================================================================

